BL51 BANKED LINKER/LOCATER V6.22                                                        06/30/2014  11:40:31  PAGE 1


BL51 BANKED LINKER/LOCATER V6.22, INVOKED BY:
D:\PROGRAM FILES\KEIL\C51\BIN\BL51.EXE .\debug\STARTUP.obj, .\debug\24c04.obj, .\debug\disp.obj, .\debug\key_func.obj, .
>> \debug\main.obj, .\debug\menu_func.obj, .\debug\public.obj, .\debug\timer.obj, .\debug\weighting.obj, .\debug\termina
>> l.obj TO .\debug\2F-0-0008 PRINT (.\debug\2F-0-0008.m51) RAMSIZE (256)


MEMORY MODEL: SMALL WITH FLOATING POINT ARITHMETIC


INPUT MODULES INCLUDED:
  .\debug\STARTUP.obj (?C_STARTUP)
  .\debug\24c04.obj (24C04)
  .\debug\disp.obj (DISP)
  .\debug\key_func.obj (KEY_FUNC)
  .\debug\main.obj (MAIN)
  .\debug\menu_func.obj (MENU_FUNC)
  .\debug\public.obj (PUBLIC)
  .\debug\timer.obj (TIMER)
  .\debug\weighting.obj (WEIGHTING)
  .\debug\terminal.obj (TERMINAL)
  D:\PROGRAM FILES\KEIL\C51\LIB\C51FPS.LIB (?C?FPADD)
  D:\PROGRAM FILES\KEIL\C51\LIB\C51FPS.LIB (?C?FPMUL)
  D:\PROGRAM FILES\KEIL\C51\LIB\C51FPS.LIB (?C?FPDIV)
  D:\PROGRAM FILES\KEIL\C51\LIB\C51FPS.LIB (?C?FCAST)
  D:\PROGRAM FILES\KEIL\C51\LIB\C51FPS.LIB (?C?CASTF)
  D:\PROGRAM FILES\KEIL\C51\LIB\C51FPS.LIB (?C?FPGETOPN)
  D:\PROGRAM FILES\KEIL\C51\LIB\C51S.LIB (?C_INIT)
  D:\PROGRAM FILES\KEIL\C51\LIB\C51S.LIB (?C?COPY)
  D:\PROGRAM FILES\KEIL\C51\LIB\C51S.LIB (?C?CLDPTR)
  D:\PROGRAM FILES\KEIL\C51\LIB\C51S.LIB (?C?CLDOPTR)
  D:\PROGRAM FILES\KEIL\C51\LIB\C51S.LIB (?C?CSTPTR)
  D:\PROGRAM FILES\KEIL\C51\LIB\C51S.LIB (?C?UIDIV)
  D:\PROGRAM FILES\KEIL\C51\LIB\C51S.LIB (?C?LMUL)
  D:\PROGRAM FILES\KEIL\C51\LIB\C51S.LIB (?C?ULDIV)
  D:\PROGRAM FILES\KEIL\C51\LIB\C51S.LIB (?C?SLDIV)
  D:\PROGRAM FILES\KEIL\C51\LIB\C51S.LIB (?C?LNEG)
  D:\PROGRAM FILES\KEIL\C51\LIB\C51S.LIB (?C?SLCMP)
  D:\PROGRAM FILES\KEIL\C51\LIB\C51S.LIB (?C?ULCMP)
  D:\PROGRAM FILES\KEIL\C51\LIB\C51S.LIB (?C?ULSHR)
  D:\PROGRAM FILES\KEIL\C51\LIB\C51S.LIB (?C?LSHL)
  D:\PROGRAM FILES\KEIL\C51\LIB\C51S.LIB (?C?LSTPTR)
  D:\PROGRAM FILES\KEIL\C51\LIB\C51S.LIB (?C?LILDIDATA)
  D:\PROGRAM FILES\KEIL\C51\LIB\C51S.LIB (?C?LSTXDATA)
  D:\PROGRAM FILES\KEIL\C51\LIB\C51S.LIB (?C?LSTKXDATA)
  D:\PROGRAM FILES\KEIL\C51\LIB\C51S.LIB (?C?CCASE)
  D:\PROGRAM FILES\KEIL\C51\LIB\C51S.LIB (?C_IBP)
  D:\PROGRAM FILES\KEIL\C51\LIB\C51S.LIB (?C?LSTIDATA)
  D:\PROGRAM FILES\KEIL\C51\LIB\C51S.LIB (?C?LSTPDATA)


LINK MAP OF MODULE:  .\debug\2F-0-0008 (?C_STARTUP)


            TYPE    BASE      LENGTH    RELOCATION   SEGMENT NAME
            -----------------------------------------------------

            * * * * * * *   D A T A   M E M O R Y   * * * * * * *
            REG     0000H     0008H     ABSOLUTE     "REG BANK 0"
BL51 BANKED LINKER/LOCATER V6.22                                                      06/30/2014  11:40:31  PAGE 2


            DATA    0008H     0006H     UNIT         ?DT?TERMINAL
            DATA    000EH     0003H     UNIT         ?DT?TIMER
            DATA    0011H     0001H     UNIT         ?C?LIB_DATA
                    0012H     000EH                  *** GAP ***
            BIT     0020H.0   0001H.4   UNIT         ?BI?MAIN
            BIT     0021H.4   0000H.3   UNIT         _BIT_GROUP_
            BIT     0021H.7   0000H.2   UNIT         ?BI?MENU_FUNC
            BIT     0022H.1   0000H.2   UNIT         ?BI?TERMINAL
            BIT     0022H.3   0000H.1   UNIT         ?BI?TIMER
                    0022H.4   0000H.4                *** GAP ***
            DATA    0023H     003EH     UNIT         _DATA_GROUP_
            IDATA   0061H     0001H     UNIT         ?STACK

            * * * * * * *  X D A T A   M E M O R Y  * * * * * * *
            XDATA   0000H     0082H     UNIT         ?XD?TERMINAL
            XDATA   0082H     0056H     UNIT         ?XD?MAIN
            XDATA   00D8H     0024H     UNIT         _XDATA_GROUP_
            XDATA   00FCH     0005H     UNIT         ?XD?MENU_FUNC
            XDATA   0101H     0002H     UNIT         ?XD?TIMER
                    0103H     007DH                  *** GAP ***
            XDATA   0180H     0004H     ABSOLUTE     

            * * * * * * *   C O D E   M E M O R Y   * * * * * * *
            CODE    0000H     0003H     ABSOLUTE     
            CODE    0003H     0017H     UNIT         ?PR?_T0DELAYMS?TIMER
                    001AH     0001H                  *** GAP ***
            CODE    001BH     0003H     ABSOLUTE     
            CODE    001EH     0053H     UNIT         ?PR?_EEPROM_WRITE?24C04
                    0071H     0002H                  *** GAP ***
            CODE    0073H     0003H     ABSOLUTE     
            CODE    0076H     000CH     UNIT         ?PR?_DISP_SEG?DISP
                    0082H     0001H                  *** GAP ***
            CODE    0083H     0003H     ABSOLUTE     
            CODE    0086H     0D0FH     UNIT         ?PR?DPDATAEXCHANGE?TERMINAL
            CODE    0D95H     072DH     UNIT         ?C?LIB_CODE
            CODE    14C2H     05A8H     UNIT         ?PR?_DISP_SYMBOL?DISP
            CODE    1A6AH     040DH     UNIT         ?PR?GAIN?MENU_FUNC
            CODE    1E77H     03FBH     UNIT         ?PR?READ_ALL?MAIN
            CODE    2272H     0309H     UNIT         ?PR?SPAN_SET?MENU_FUNC
            CODE    257BH     02E4H     UNIT         ?PR?MR_FUNC?MENU_FUNC
            CODE    285FH     028EH     UNIT         ?PR?FUNC_FUNC?MENU_FUNC
            CODE    2AEDH     025FH     UNIT         ?PR?MAIN?MAIN
            CODE    2D4CH     0229H     UNIT         ?PR?SP_WEIGHT_ADJ?MENU_FUNC
            CODE    2F75H     0203H     UNIT         ?PR?DROP_WEIGHT_ADJ?MENU_FUNC
            CODE    3178H     01F5H     UNIT         ?PR?TARE_ZERO_FUNC?MENU_FUNC
            CODE    336DH     01D5H     UNIT         ?PR?SF_WEIGHT_ADJ?MENU_FUNC
            CODE    3542H     01C1H     UNIT         ?PR?RESIDUAL_WEIGHT_ADJ?MENU_FUNC
            CODE    3703H     01B4H     UNIT         ?PR?WEIGHT_CORRECT_VAL_ADJ?MENU_FUNC
            CODE    38B7H     01B0H     UNIT         ?PR?TEST_FUNC?MENU_FUNC
            CODE    3A67H     0198H     UNIT         ?PR?PB_INIT?TERMINAL
            CODE    3BFFH     017AH     UNIT         ?PR?SAVE_ALL?MAIN
            CODE    3D79H     0174H     UNIT         ?PR?FILTER_PARA_ADJ?MENU_FUNC
            CODE    3EEDH     016BH     UNIT         ?PR?DPADDRSET?MENU_FUNC
            CODE    4058H     0148H     UNIT         ?PR?SHUTANDCORRECT?MAIN
            CODE    41A0H     0146H     UNIT         ?PR?ARRIVAL_TIME_ADJ?MENU_FUNC
            CODE    42E6H     0143H     UNIT         ?PR?DM_SP_WEIGHT?MENU_FUNC
            CODE    4429H     0139H     UNIT         ?PR?OL_TRACK_SW_ADJ?MENU_FUNC
BL51 BANKED LINKER/LOCATER V6.22                                                      06/30/2014  11:40:31  PAGE 3


            CODE    4562H     0139H     UNIT         ?PR?CL_CORRECT_SW_ADJ?MENU_FUNC
            CODE    469BH     0125H     UNIT         ?PR?_?EE_READ?24C04
            CODE    47C0H     0122H     UNIT         ?PR?TARE?MENU_FUNC
            CODE    48E2H     011EH     UNIT         ?PR?_WEIGHT_DISP?DISP
            CODE    4A00H     0118H     UNIT         ?PR?_?EE_WRITE?24C04
            CODE    4B18H     010FH     UNIT         ?PR?COUTER_SW_ADJ?MENU_FUNC
            CODE    4C27H     010FH     UNIT         ?PR?DPSWSET?MENU_FUNC
            CODE    4D36H     0105H     UNIT         ?PR?SF_SWITCH_ADJ?MENU_FUNC
            CODE    4E3BH     0103H     UNIT         ?PR?_RUN_DISP?DISP
            CODE    4F3EH     00FAH     UNIT         ?PR?_DISP_INT?DISP
            CODE    5038H     00F9H     UNIT         ?PR?TRACK_BAGS_ADJ?MENU_FUNC
            CODE    5131H     00F3H     UNIT         ?PR?FILTER1_FUNC?WEIGHTING
            CODE    5224H     00EEH     UNIT         ?PR?ZEROPOINTDET?MAIN
            CODE    5312H     00E5H     UNIT         ?PR?FILTER1_CLR?WEIGHTING
            CODE    53F7H     00D3H     UNIT         ?PR?_UPDATE_SHUT_FB_W?MAIN
            CODE    54CAH     00CDH     UNIT         ?PR?VERDISP?MENU_FUNC
            CODE    5597H     00B7H     UNIT         ?PR?CAL_FUNC?MENU_FUNC
            CODE    564EH     00B1H     UNIT         ?PR?_GET_ADC?WEIGHTING
            CODE    56FFH     00ACH     UNIT         ?PR?NW_SCALE?WEIGHTING
            CODE    57ABH     00ACH     UNIT         ?PR?NW_SCALE_CLR?WEIGHTING
            CODE    5857H     00A4H     UNIT         ?PR?NW_MEASURE_CLR?WEIGHTING
            CODE    58FBH     00A0H     UNIT         ?PR?_FILTER2_FUNC?WEIGHTING
            CODE    599BH     009AH     UNIT         ?C_C51STARTUP
            CODE    5A35H     0097H     UNIT         ?PR?_GET_KEY?KEY_FUNC
            CODE    5ACCH     0091H     UNIT         ?PR?GET_INPUT?KEY_FUNC
            CODE    5B5DH     008AH     UNIT         ?PR?MENU_FUNC?MENU_FUNC
            CODE    5BE7H     0089H     UNIT         ?PR?DPSET?MENU_FUNC
            CODE    5C70H     007BH     UNIT         ?PR?T4_INT?TIMER
            CODE    5CEBH     0079H     UNIT         ?PR?T3_INT?TIMER
            CODE    5D64H     0072H     UNIT         ?PR?_PBGETCHAR?TERMINAL
            CODE    5DD6H     006BH     UNIT         ?PR?PBNW_MEASURE?TERMINAL
            CODE    5E41H     0066H     UNIT         ?PR?MCU_INIT?MAIN
            CODE    5EA7H     005EH     UNIT         ?PR?GW_MEASURE?WEIGHTING
            CODE    5F05H     005CH     UNIT         ?CO?DISP
            CODE    5F61H     004CH     UNIT         ?PR?FLASHBOARD_TEST?MENU_FUNC
            CODE    5FADH     004CH     UNIT         ?PR?SIZE_FLOW_TEST?MENU_FUNC
            CODE    5FF9H     004CH     UNIT         ?PR?DISCHARGE_BAG_TEST?MENU_FUNC
            CODE    6045H     004CH     UNIT         ?PR?CLAMP_BAG_TEST?MENU_FUNC
            CODE    6091H     004CH     UNIT         ?PR?FILL_MOT_SW_TEST?MENU_FUNC
            CODE    60DDH     0046H     UNIT         ?PR?_UART0_INIT?TERMINAL
            CODE    6123H     0044H     UNIT         ?PR?PBTARE?TERMINAL
            CODE    6167H     0044H     UNIT         ?C?LDIV
            CODE    61ABH     0035H     UNIT         ?C_INITSEG
            CODE    61E0H     0031H     UNIT         ?PR?PORT_IO_INIT?MAIN
            CODE    6211H     0023H     UNIT         ?PR?_FLASH_DISP?DISP
            CODE    6234H     0023H     UNIT         ?PR?INPUT_TEST?MENU_FUNC
            CODE    6257H     0020H     UNIT         ?PR?SYSCLK_INIT?MAIN
            CODE    6277H     001FH     UNIT         ?PR?TIME3_INIT?TIMER
            CODE    6296H     001FH     UNIT         ?PR?NW_MEASURE?WEIGHTING
            CODE    62B5H     001EH     UNIT         ?PR?T1_INT?TIMER
            CODE    62D3H     001EH     UNIT         ?PR?_?UARTPUTCHAR?TERMINAL
            CODE    62F1H     001AH     UNIT         ?PR?_T4_50MS_CL_TRACK?TIMER
            CODE    630BH     0019H     UNIT         ?PR?_T1_100MS?TIMER
            CODE    6324H     0015H     UNIT         ?PR?TIME01_INIT?TIMER
            CODE    6339H     0015H     UNIT         ?PR?ADC_INIT?WEIGHTING
            CODE    634EH     0014H     UNIT         ?PR?T0_1MS_LOAD?TIMER
            CODE    6362H     0013H     UNIT         ?PR?CLEARDROPCOUNTER?MAIN
BL51 BANKED LINKER/LOCATER V6.22                                                      06/30/2014  11:40:31  PAGE 4


            CODE    6375H     0012H     UNIT         ?PR?IIC_INIT?24C04
            CODE    6387H     0012H     UNIT         ?PR?_EEPROM_READ?24C04
            CODE    6399H     0012H     UNIT         ?PR?TIME4_INIT?TIMER
            CODE    63ABH     0012H     UNIT         ?PR?PBRESTART?TERMINAL
            CODE    63BDH     000FH     UNIT         ?PR?OUTPUT_TEST?MENU_FUNC
            CODE    63CCH     000BH     UNIT         ?PR?T1_STOP?TIMER
            CODE    63D7H     000BH     UNIT         ?PR?T0_STOP?TIMER
            CODE    63E2H     0009H     UNIT         ?PR?STOP_WDT?MAIN
            CODE    63EBH     0007H     UNIT         ?CO?MENU_FUNC
            CODE    63F2H     0004H     UNIT         ?PR?PARA_INIT?MAIN



OVERLAY MAP OF MODULE:   .\debug\2F-0-0008 (?C_STARTUP)


SEGMENT                                         BIT_GROUP          DATA_GROUP          XDATA_GROUP
  +--> CALLED SEGMENT                        START    LENGTH     START    LENGTH     START    LENGTH
----------------------------------------------------------------------------------------------------
?C_C51STARTUP                                -----    -----      -----    -----      -----    -----
  +--> ?PR?MAIN?MAIN
  +--> ?C_INITSEG

?PR?MAIN?MAIN                                -----    -----      -----    -----      00D8H    0004H
  +--> ?PR?MCU_INIT?MAIN
  +--> ?PR?NW_SCALE?WEIGHTING
  +--> ?PR?_DISP_SYMBOL?DISP
  +--> ?PR?MENU_FUNC?MENU_FUNC
  +--> ?PR?TARE_ZERO_FUNC?MENU_FUNC
  +--> ?PR?PBRESTART?TERMINAL
  +--> ?PR?PBTARE?TERMINAL
  +--> ?PR?PBNW_MEASURE?TERMINAL
  +--> ?PR?DM_SP_WEIGHT?MENU_FUNC
  +--> ?CO?DISP
  +--> ?PR?_DISP_SEG?DISP
  +--> ?PR?_RUN_DISP?DISP
  +--> ?PR?SHUTANDCORRECT?MAIN
  +--> ?PR?ZEROPOINTDET?MAIN

?PR?MCU_INIT?MAIN                            -----    -----      0023H    0002H      -----    -----
  +--> ?PR?STOP_WDT?MAIN
  +--> ?PR?SYSCLK_INIT?MAIN
  +--> ?PR?CLEARDROPCOUNTER?MAIN
  +--> ?PR?PORT_IO_INIT?MAIN
  +--> ?PR?TIME01_INIT?TIMER
  +--> ?PR?IIC_INIT?24C04
  +--> ?PR?ADC_INIT?WEIGHTING
  +--> ?PR?_UART0_INIT?TERMINAL
  +--> ?PR?TIME3_INIT?TIMER
  +--> ?PR?TIME4_INIT?TIMER
  +--> ?PR?_GET_KEY?KEY_FUNC
  +--> ?PR?SAVE_ALL?MAIN
  +--> ?PR?PARA_INIT?MAIN
  +--> ?CO?DISP
  +--> ?PR?_DISP_SEG?DISP
  +--> ?PR?NW_SCALE?WEIGHTING

BL51 BANKED LINKER/LOCATER V6.22                                                      06/30/2014  11:40:31  PAGE 5


?PR?_UART0_INIT?TERMINAL                     -----    -----      0025H    0001H      -----    -----

?PR?_GET_KEY?KEY_FUNC                        -----    -----      002BH    0001H      00EFH    0002H
  +--> ?PR?_T0DELAYMS?TIMER

?PR?_T0DELAYMS?TIMER                         -----    -----      -----    -----      -----    -----
  +--> ?PR?T0_1MS_LOAD?TIMER
  +--> ?PR?T0_STOP?TIMER

?PR?SAVE_ALL?MAIN                            -----    -----      0025H    0001H      -----    -----
  +--> ?PR?_EEPROM_WRITE?24C04

?PR?_EEPROM_WRITE?24C04                      -----    -----      002BH    000DH      -----    -----
  +--> ?PR?_?EE_WRITE?24C04
  +--> ?PR?_?EE_READ?24C04

?PR?PARA_INIT?MAIN                           -----    -----      -----    -----      -----    -----
  +--> ?PR?READ_ALL?MAIN

?PR?READ_ALL?MAIN                            -----    -----      0025H    0002H      -----    -----
  +--> ?PR?_EEPROM_READ?24C04
  +--> ?PR?_DISP_SYMBOL?DISP
  +--> ?PR?MENU_FUNC?MENU_FUNC
  +--> ?PR?PB_INIT?TERMINAL
  +--> ?PR?_EEPROM_WRITE?24C04

?PR?_EEPROM_READ?24C04                       -----    -----      0027H    0005H      -----    -----
  +--> ?PR?_?EE_READ?24C04

?PR?_DISP_SYMBOL?DISP                        -----    -----      002FH    0001H      00F6H    0006H
  +--> ?CO?DISP
  +--> ?PR?_DISP_SEG?DISP

?PR?MENU_FUNC?MENU_FUNC                      -----    -----      -----    -----      00DCH    0003H
  +--> ?PR?_GET_KEY?KEY_FUNC
  +--> ?PR?_T1_100MS?TIMER
  +--> ?PR?NW_SCALE?WEIGHTING
  +--> ?PR?_RUN_DISP?DISP
  +--> ?PR?T1_STOP?TIMER
  +--> ?PR?_DISP_SYMBOL?DISP
  +--> ?PR?MR_FUNC?MENU_FUNC

?PR?NW_SCALE?WEIGHTING                       -----    -----      0027H    0004H      -----    -----
  +--> ?PR?NW_MEASURE?WEIGHTING

?PR?NW_MEASURE?WEIGHTING                     -----    -----      -----    -----      -----    -----
  +--> ?PR?GW_MEASURE?WEIGHTING

?PR?GW_MEASURE?WEIGHTING                     -----    -----      002CH    0004H      -----    -----
  +--> ?PR?FILTER1_FUNC?WEIGHTING
  +--> ?PR?_FILTER2_FUNC?WEIGHTING

?PR?FILTER1_FUNC?WEIGHTING                   -----    -----      0030H    0011H      -----    -----
  +--> ?PR?_GET_ADC?WEIGHTING
  +--> ?PR?ADC_INIT?WEIGHTING

?PR?_GET_ADC?WEIGHTING                       -----    -----      0041H    0007H      -----    -----
BL51 BANKED LINKER/LOCATER V6.22                                                      06/30/2014  11:40:31  PAGE 6


  +--> ?PR?ADC_INIT?WEIGHTING

?PR?_FILTER2_FUNC?WEIGHTING                  -----    -----      0030H    0004H      -----    -----

?PR?_RUN_DISP?DISP                           0021H.5  0000H.1    0027H    0004H      00E2H    0007H
  +--> ?PR?_DISP_SYMBOL?DISP
  +--> ?CO?DISP
  +--> ?PR?_DISP_SEG?DISP

?PR?MR_FUNC?MENU_FUNC                        -----    -----      -----    -----      -----    -----
  +--> ?PR?_T1_100MS?TIMER
  +--> ?PR?_GET_KEY?KEY_FUNC
  +--> ?PR?T1_STOP?TIMER
  +--> ?PR?FUNC_FUNC?MENU_FUNC
  +--> ?PR?_DISP_SYMBOL?DISP
  +--> ?PR?CAL_FUNC?MENU_FUNC
  +--> ?PR?TEST_FUNC?MENU_FUNC
  +--> ?PR?DPSET?MENU_FUNC
  +--> ?PR?VERDISP?MENU_FUNC

?PR?FUNC_FUNC?MENU_FUNC                      -----    -----      -----    -----      00DFH    0001H
  +--> ?PR?_T1_100MS?TIMER
  +--> ?PR?_DISP_SYMBOL?DISP
  +--> ?PR?_GET_KEY?KEY_FUNC
  +--> ?PR?T1_STOP?TIMER
  +--> ?PR?SP_WEIGHT_ADJ?MENU_FUNC
  +--> ?PR?FILTER_PARA_ADJ?MENU_FUNC
  +--> ?PR?SF_WEIGHT_ADJ?MENU_FUNC
  +--> ?PR?SF_SWITCH_ADJ?MENU_FUNC
  +--> ?PR?DROP_WEIGHT_ADJ?MENU_FUNC
  +--> ?PR?OL_TRACK_SW_ADJ?MENU_FUNC
  +--> ?PR?TRACK_BAGS_ADJ?MENU_FUNC
  +--> ?PR?RESIDUAL_WEIGHT_ADJ?MENU_FUNC
  +--> ?PR?CL_CORRECT_SW_ADJ?MENU_FUNC
  +--> ?PR?WEIGHT_CORRECT_VAL_ADJ?MENU_FUNC
  +--> ?PR?ARRIVAL_TIME_ADJ?MENU_FUNC
  +--> ?PR?COUTER_SW_ADJ?MENU_FUNC

?PR?SP_WEIGHT_ADJ?MENU_FUNC                  0021H.4  0000H.2    0027H    0002H      00E0H    0002H
  +--> ?PR?T1_STOP?TIMER
  +--> ?PR?_WEIGHT_DISP?DISP
  +--> ?PR?_GET_KEY?KEY_FUNC
  +--> ?PR?_T1_100MS?TIMER
  +--> ?PR?_EEPROM_WRITE?24C04
  +--> ?PR?_DISP_SYMBOL?DISP
  +--> ?PR?_T0DELAYMS?TIMER

?PR?_WEIGHT_DISP?DISP                        0021H.6  0000H.1    002BH    0004H      00EFH    0007H
  +--> ?PR?_DISP_SYMBOL?DISP
  +--> ?CO?DISP
  +--> ?PR?_DISP_SEG?DISP
  +--> ?PR?_T0DELAYMS?TIMER

?PR?FILTER_PARA_ADJ?MENU_FUNC                0021H.4  0000H.2    0027H    0003H      -----    -----
  +--> ?PR?T1_STOP?TIMER
  +--> ?PR?_DISP_INT?DISP
  +--> ?PR?_GET_KEY?KEY_FUNC
BL51 BANKED LINKER/LOCATER V6.22                                                      06/30/2014  11:40:31  PAGE 7


  +--> ?PR?_T1_100MS?TIMER
  +--> ?PR?_EEPROM_WRITE?24C04
  +--> ?PR?_DISP_SYMBOL?DISP
  +--> ?PR?_T0DELAYMS?TIMER

?PR?_DISP_INT?DISP                           -----    -----      002AH    0002H      00E1H    0007H
  +--> ?CO?DISP
  +--> ?PR?_DISP_SEG?DISP
  +--> ?PR?_T0DELAYMS?TIMER

?PR?SF_WEIGHT_ADJ?MENU_FUNC                  0021H.4  0000H.2    0027H    0004H      -----    -----
  +--> ?PR?T1_STOP?TIMER
  +--> ?PR?_WEIGHT_DISP?DISP
  +--> ?PR?_GET_KEY?KEY_FUNC
  +--> ?PR?_T1_100MS?TIMER
  +--> ?PR?_EEPROM_WRITE?24C04
  +--> ?PR?_DISP_SYMBOL?DISP
  +--> ?PR?_T0DELAYMS?TIMER

?PR?SF_SWITCH_ADJ?MENU_FUNC                  0021H.4  0000H.2    0027H    0002H      -----    -----
  +--> ?PR?T1_STOP?TIMER
  +--> ?PR?_DISP_SYMBOL?DISP
  +--> ?PR?_GET_KEY?KEY_FUNC
  +--> ?PR?_T1_100MS?TIMER
  +--> ?PR?_EEPROM_WRITE?24C04
  +--> ?PR?_T0DELAYMS?TIMER

?PR?DROP_WEIGHT_ADJ?MENU_FUNC                0021H.4  0000H.2    0027H    0002H      00E0H    0002H
  +--> ?PR?T1_STOP?TIMER
  +--> ?PR?_WEIGHT_DISP?DISP
  +--> ?PR?_GET_KEY?KEY_FUNC
  +--> ?PR?_T1_100MS?TIMER
  +--> ?PR?_EEPROM_WRITE?24C04
  +--> ?PR?_DISP_SYMBOL?DISP
  +--> ?PR?_T0DELAYMS?TIMER

?PR?OL_TRACK_SW_ADJ?MENU_FUNC                0021H.4  0000H.2    0027H    0002H      -----    -----
  +--> ?PR?T1_STOP?TIMER
  +--> ?PR?_DISP_SYMBOL?DISP
  +--> ?PR?_GET_KEY?KEY_FUNC
  +--> ?PR?_T1_100MS?TIMER
  +--> ?PR?_EEPROM_WRITE?24C04
  +--> ?PR?_T0DELAYMS?TIMER

?PR?TRACK_BAGS_ADJ?MENU_FUNC                 0021H.4  0000H.2    0027H    0002H      -----    -----
  +--> ?PR?T1_STOP?TIMER
  +--> ?PR?_DISP_INT?DISP
  +--> ?PR?_GET_KEY?KEY_FUNC
  +--> ?PR?_T1_100MS?TIMER
  +--> ?PR?_EEPROM_WRITE?24C04
  +--> ?PR?_DISP_SYMBOL?DISP
  +--> ?PR?_T0DELAYMS?TIMER

?PR?RESIDUAL_WEIGHT_ADJ?MENU_FUNC            0021H.4  0000H.2    0027H    0002H      00E0H    0002H
  +--> ?PR?T1_STOP?TIMER
  +--> ?PR?_WEIGHT_DISP?DISP
  +--> ?PR?_GET_KEY?KEY_FUNC
BL51 BANKED LINKER/LOCATER V6.22                                                      06/30/2014  11:40:31  PAGE 8


  +--> ?PR?_T1_100MS?TIMER
  +--> ?PR?_EEPROM_WRITE?24C04
  +--> ?PR?_DISP_SYMBOL?DISP
  +--> ?PR?_T0DELAYMS?TIMER

?PR?CL_CORRECT_SW_ADJ?MENU_FUNC              0021H.4  0000H.2    0027H    0002H      -----    -----
  +--> ?PR?T1_STOP?TIMER
  +--> ?PR?_DISP_SYMBOL?DISP
  +--> ?PR?_GET_KEY?KEY_FUNC
  +--> ?PR?_T1_100MS?TIMER
  +--> ?PR?_EEPROM_WRITE?24C04
  +--> ?PR?_T0DELAYMS?TIMER

?PR?WEIGHT_CORRECT_VAL_ADJ?MENU_FUNC         0021H.4  0000H.2    0027H    0002H      00E0H    0002H
  +--> ?PR?T1_STOP?TIMER
  +--> ?PR?_WEIGHT_DISP?DISP
  +--> ?PR?_GET_KEY?KEY_FUNC
  +--> ?PR?_T1_100MS?TIMER
  +--> ?PR?_EEPROM_WRITE?24C04
  +--> ?PR?_DISP_SYMBOL?DISP
  +--> ?PR?_T0DELAYMS?TIMER

?PR?ARRIVAL_TIME_ADJ?MENU_FUNC               0021H.4  0000H.2    0027H    0002H      00E0H    0001H
  +--> ?PR?T1_STOP?TIMER
  +--> ?PR?_DISP_INT?DISP
  +--> ?PR?_GET_KEY?KEY_FUNC
  +--> ?PR?_T1_100MS?TIMER
  +--> ?PR?_EEPROM_WRITE?24C04
  +--> ?PR?_DISP_SYMBOL?DISP
  +--> ?PR?_T0DELAYMS?TIMER

?PR?COUTER_SW_ADJ?MENU_FUNC                  0021H.4  0000H.2    0027H    0002H      -----    -----
  +--> ?PR?T1_STOP?TIMER
  +--> ?PR?_DISP_SYMBOL?DISP
  +--> ?PR?_GET_KEY?KEY_FUNC
  +--> ?PR?_T1_100MS?TIMER
  +--> ?PR?_EEPROM_WRITE?24C04
  +--> ?PR?_T0DELAYMS?TIMER

?PR?CAL_FUNC?MENU_FUNC                       -----    -----      -----    -----      00DFH    0001H
  +--> ?PR?_T1_100MS?TIMER
  +--> ?PR?_DISP_SYMBOL?DISP
  +--> ?PR?_GET_KEY?KEY_FUNC
  +--> ?PR?T1_STOP?TIMER
  +--> ?PR?SPAN_SET?MENU_FUNC
  +--> ?PR?TARE?MENU_FUNC
  +--> ?PR?GAIN?MENU_FUNC

?PR?SPAN_SET?MENU_FUNC                       0021H.4  0000H.2    0027H    0001H      00E0H    0004H
  +--> ?PR?T1_STOP?TIMER
  +--> ?PR?_WEIGHT_DISP?DISP
  +--> ?PR?_GET_KEY?KEY_FUNC
  +--> ?PR?_T1_100MS?TIMER
  +--> ?PR?_EEPROM_WRITE?24C04
  +--> ?PR?_DISP_SYMBOL?DISP
  +--> ?PR?_T0DELAYMS?TIMER

BL51 BANKED LINKER/LOCATER V6.22                                                      06/30/2014  11:40:31  PAGE 9


?PR?TARE?MENU_FUNC                           0021H.4  0000H.1    -----    -----      00E0H    0008H
  +--> ?PR?T1_STOP?TIMER
  +--> ?PR?_GET_KEY?KEY_FUNC
  +--> ?PR?GW_MEASURE?WEIGHTING
  +--> ?PR?_WEIGHT_DISP?DISP
  +--> ?PR?_T1_100MS?TIMER
  +--> ?PR?NW_SCALE?WEIGHTING
  +--> ?PR?_FLASH_DISP?DISP
  +--> ?PR?_T0DELAYMS?TIMER
  +--> ?PR?_EEPROM_WRITE?24C04
  +--> ?PR?_DISP_SYMBOL?DISP

?PR?_FLASH_DISP?DISP                         -----    -----      0027H    0004H      -----    -----
  +--> ?PR?_DISP_SYMBOL?DISP
  +--> ?PR?_T0DELAYMS?TIMER
  +--> ?PR?_WEIGHT_DISP?DISP

?PR?GAIN?MENU_FUNC                           0021H.4  0000H.1    -----    -----      00E0H    000FH
  +--> ?PR?T1_STOP?TIMER
  +--> ?PR?NW_MEASURE?WEIGHTING
  +--> ?PR?_GET_KEY?KEY_FUNC
  +--> ?PR?_DISP_SYMBOL?DISP
  +--> ?PR?_WEIGHT_DISP?DISP
  +--> ?PR?_T1_100MS?TIMER
  +--> ?PR?_EEPROM_WRITE?24C04
  +--> ?PR?_T0DELAYMS?TIMER

?PR?TEST_FUNC?MENU_FUNC                      -----    -----      -----    -----      00DFH    0001H
  +--> ?PR?_T1_100MS?TIMER
  +--> ?PR?_DISP_SYMBOL?DISP
  +--> ?PR?_GET_KEY?KEY_FUNC
  +--> ?PR?T1_STOP?TIMER
  +--> ?PR?INPUT_TEST?MENU_FUNC
  +--> ?PR?OUTPUT_TEST?MENU_FUNC
  +--> ?PR?FLASHBOARD_TEST?MENU_FUNC
  +--> ?PR?SIZE_FLOW_TEST?MENU_FUNC
  +--> ?PR?DISCHARGE_BAG_TEST?MENU_FUNC
  +--> ?PR?CLAMP_BAG_TEST?MENU_FUNC
  +--> ?PR?FILL_MOT_SW_TEST?MENU_FUNC

?PR?INPUT_TEST?MENU_FUNC                     -----    -----      -----    -----      -----    -----
  +--> ?PR?T1_STOP?TIMER
  +--> ?PR?_GET_KEY?KEY_FUNC
  +--> ?PR?_DISP_SYMBOL?DISP
  +--> ?PR?GET_INPUT?KEY_FUNC

?PR?GET_INPUT?KEY_FUNC                       -----    -----      -----    -----      00E0H    0002H
  +--> ?PR?_T0DELAYMS?TIMER

?PR?OUTPUT_TEST?MENU_FUNC                    -----    -----      -----    -----      -----    -----
  +--> ?PR?_GET_KEY?KEY_FUNC

?PR?FLASHBOARD_TEST?MENU_FUNC                -----    -----      0027H    0001H      -----    -----
  +--> ?PR?_GET_KEY?KEY_FUNC
  +--> ?PR?_DISP_SYMBOL?DISP

?PR?SIZE_FLOW_TEST?MENU_FUNC                 -----    -----      0027H    0001H      -----    -----
BL51 BANKED LINKER/LOCATER V6.22                                                      06/30/2014  11:40:31  PAGE 10


  +--> ?PR?_GET_KEY?KEY_FUNC
  +--> ?PR?_DISP_SYMBOL?DISP

?PR?DISCHARGE_BAG_TEST?MENU_FUNC             -----    -----      0027H    0001H      -----    -----
  +--> ?PR?_GET_KEY?KEY_FUNC
  +--> ?PR?_DISP_SYMBOL?DISP

?PR?CLAMP_BAG_TEST?MENU_FUNC                 -----    -----      0027H    0001H      -----    -----
  +--> ?PR?_GET_KEY?KEY_FUNC
  +--> ?PR?_DISP_SYMBOL?DISP

?PR?FILL_MOT_SW_TEST?MENU_FUNC               -----    -----      0027H    0001H      -----    -----
  +--> ?PR?_GET_KEY?KEY_FUNC
  +--> ?PR?_DISP_SYMBOL?DISP

?PR?DPSET?MENU_FUNC                          -----    -----      -----    -----      00DFH    0001H
  +--> ?PR?_T1_100MS?TIMER
  +--> ?PR?_DISP_SYMBOL?DISP
  +--> ?PR?_GET_KEY?KEY_FUNC
  +--> ?PR?T1_STOP?TIMER
  +--> ?PR?DPADDRSET?MENU_FUNC
  +--> ?PR?DPSWSET?MENU_FUNC

?PR?DPADDRSET?MENU_FUNC                      0021H.4  0000H.2    0027H    0002H      00E0H    0001H
  +--> ?PR?T1_STOP?TIMER
  +--> ?PR?_DISP_INT?DISP
  +--> ?PR?_GET_KEY?KEY_FUNC
  +--> ?PR?_T1_100MS?TIMER
  +--> ?PR?_EEPROM_WRITE?24C04
  +--> ?PR?_DISP_SYMBOL?DISP
  +--> ?PR?PB_INIT?TERMINAL
  +--> ?PR?_T0DELAYMS?TIMER

?PR?PB_INIT?TERMINAL                         0021H.6  0000H.1    0029H    0007H      -----    -----
  +--> ?PR?_?UARTPUTCHAR?TERMINAL
  +--> ?PR?_PBGETCHAR?TERMINAL

?PR?_PBGETCHAR?TERMINAL                      -----    -----      0059H    0008H      -----    -----

?PR?DPSWSET?MENU_FUNC                        0021H.4  0000H.2    0027H    0002H      -----    -----
  +--> ?PR?T1_STOP?TIMER
  +--> ?PR?_DISP_SYMBOL?DISP
  +--> ?PR?_GET_KEY?KEY_FUNC
  +--> ?PR?_T1_100MS?TIMER
  +--> ?PR?_EEPROM_WRITE?24C04
  +--> ?PR?PB_INIT?TERMINAL
  +--> ?PR?_T0DELAYMS?TIMER

?PR?VERDISP?MENU_FUNC                        -----    -----      0027H    0003H      00DFH    0001H
  +--> ?CO?MENU_FUNC
  +--> ?PR?_T1_100MS?TIMER
  +--> ?PR?_GET_KEY?KEY_FUNC
  +--> ?PR?T1_STOP?TIMER
  +--> ?CO?DISP
  +--> ?PR?_DISP_SEG?DISP

?PR?TARE_ZERO_FUNC?MENU_FUNC                 0021H.4  0000H.1    -----    -----      00DCH    000FH
BL51 BANKED LINKER/LOCATER V6.22                                                      06/30/2014  11:40:31  PAGE 11


  +--> ?PR?_GET_KEY?KEY_FUNC
  +--> ?PR?_T1_100MS?TIMER
  +--> ?PR?NW_SCALE?WEIGHTING
  +--> ?PR?_WEIGHT_DISP?DISP
  +--> ?PR?T1_STOP?TIMER
  +--> ?PR?GW_MEASURE?WEIGHTING
  +--> ?PR?_FLASH_DISP?DISP
  +--> ?PR?_EEPROM_WRITE?24C04

?PR?PBRESTART?TERMINAL                       -----    -----      -----    -----      -----    -----
  +--> ?PR?PB_INIT?TERMINAL

?PR?PBTARE?TERMINAL                          -----    -----      -----    -----      -----    -----
  +--> ?PR?GW_MEASURE?WEIGHTING
  +--> ?PR?_EEPROM_WRITE?24C04

?PR?PBNW_MEASURE?TERMINAL                    -----    -----      0025H    0007H      -----    -----
  +--> ?PR?NW_MEASURE?WEIGHTING

?PR?DM_SP_WEIGHT?MENU_FUNC                   0021H.4  0000H.1    -----    -----      00DCH    0006H
  +--> ?PR?_GET_KEY?KEY_FUNC
  +--> ?PR?_RUN_DISP?DISP
  +--> ?PR?_T1_100MS?TIMER
  +--> ?PR?T1_STOP?TIMER
  +--> ?PR?_EEPROM_WRITE?24C04

?PR?SHUTANDCORRECT?MAIN                      -----    -----      0023H    0002H      -----    -----
  +--> ?CO?DISP
  +--> ?PR?_DISP_SEG?DISP
  +--> ?PR?NW_SCALE?WEIGHTING
  +--> ?PR?PBNW_MEASURE?TERMINAL
  +--> ?PR?_T1_100MS?TIMER
  +--> ?PR?_RUN_DISP?DISP
  +--> ?PR?T1_STOP?TIMER
  +--> ?PR?_T4_50MS_CL_TRACK?TIMER
  +--> ?PR?_UPDATE_SHUT_FB_W?MAIN

?PR?_UPDATE_SHUT_FB_W?MAIN                   -----    -----      0025H    0002H      00DCH    0004H

?PR?ZEROPOINTDET?MAIN                        -----    -----      -----    -----      00DCH    0002H
  +--> ?PR?NW_SCALE_CLR?WEIGHTING
  +--> ?PR?_DISP_SYMBOL?DISP
  +--> ?CO?DISP
  +--> ?PR?_DISP_SEG?DISP
  +--> ?PR?_RUN_DISP?DISP

?PR?NW_SCALE_CLR?WEIGHTING                   -----    -----      0023H    0004H      -----    -----
  +--> ?PR?NW_MEASURE_CLR?WEIGHTING

?PR?NW_MEASURE_CLR?WEIGHTING                 -----    -----      0027H    0004H      -----    -----
  +--> ?PR?FILTER1_CLR?WEIGHTING

?PR?FILTER1_CLR?WEIGHTING                    -----    -----      002BH    0011H      -----    -----
  +--> ?PR?_GET_ADC?WEIGHTING

*** NEW ROOT ***************************************************

BL51 BANKED LINKER/LOCATER V6.22                                                      06/30/2014  11:40:31  PAGE 12


?PR?T3_INT?TIMER                             -----    -----      -----    -----      -----    -----
  +--> ?PR?DPDATAEXCHANGE?TERMINAL

?PR?DPDATAEXCHANGE?TERMINAL                  -----    -----      0048H    0011H      -----    -----
  +--> ?PR?_?UARTPUTCHAR?TERMINAL
  +--> ?PR?_PBGETCHAR?TERMINAL
  +--> ?PR?_?EE_WRITE?24C04



SYMBOL TABLE OF MODULE:  .\debug\2F-0-0008 (?C_STARTUP)

  VALUE           TYPE          NAME
  ----------------------------------

  -------         MODULE        ?C_STARTUP
  C:599BH         SEGMENT       ?C_C51STARTUP
  I:0061H         SEGMENT       ?STACK
  C:0000H         PUBLIC        ?C_STARTUP
  D:00E0H         SYMBOL        ACC
  D:00F0H         SYMBOL        B
  D:0083H         SYMBOL        DPH
  D:0082H         SYMBOL        DPL
  N:0000H         SYMBOL        IBPSTACK
  N:0100H         SYMBOL        IBPSTACKTOP
  N:0080H         SYMBOL        IDATALEN
  C:599EH         SYMBOL        IDATALOOP
  N:0000H         SYMBOL        PBPSTACK
  N:0000H         SYMBOL        PBPSTACKTOP
  N:0000H         SYMBOL        PDATALEN
  N:0000H         SYMBOL        PDATASTART
  N:0000H         SYMBOL        PPAGE
  N:0000H         SYMBOL        PPAGEENABLE
  D:00A0H         SYMBOL        PPAGE_SFR
  D:0081H         SYMBOL        SP
  C:599BH         SYMBOL        STARTUP1
  N:0000H         SYMBOL        XBPSTACK
  N:0000H         SYMBOL        XBPSTACKTOP
  N:00FFH         SYMBOL        XDATALEN
  C:59A9H         SYMBOL        XDATALOOP
  N:0000H         SYMBOL        XDATASTART
  C:0000H         LINE#         92
  C:599BH         LINE#         99
  C:599DH         LINE#         100
  C:599EH         LINE#         101
  C:599FH         LINE#         102
  C:59A1H         LINE#         106
  C:59A4H         LINE#         107
  C:59A6H         LINE#         109
  C:59A8H         LINE#         113
  C:59A9H         LINE#         114
  C:59AAH         LINE#         115
  C:59ABH         LINE#         116
  C:59ADH         LINE#         117
  C:59AFH         LINE#         151
  C:59B2H         LINE#         155
  -------         ENDMOD        ?C_STARTUP
BL51 BANKED LINKER/LOCATER V6.22                                                      06/30/2014  11:40:31  PAGE 13



  -------         MODULE        24C04
  C:0000H         SYMBOL        _ICE_DUMMY_
  D:0080H         PUBLIC        P0
  D:0090H         PUBLIC        P1
  B:00C0H.2       PUBLIC        AA
  D:00A0H         PUBLIC        P2
  D:00B0H         PUBLIC        P3
  D:00E6H         PUBLIC        EIE1
  C:6387H         PUBLIC        _eeprom_read
  D:0084H         PUBLIC        SFRPAGE
  B:0080H.4       PUBLIC        EE_WP
  C:001EH         PUBLIC        _eeprom_write
  B:00C0H.3       PUBLIC        SI
  D:00C0H         PUBLIC        SMB0CN
  D:00CFH         PUBLIC        SMB0CR
  C:469BH         PUBLIC        _?ee_read
  C:6375H         PUBLIC        iic_init
  C:4A00H         PUBLIC        _?ee_write
  B:00C0H.5       PUBLIC        STA
  D:00C2H         PUBLIC        SMB0DAT
  B:00C0H.4       PUBLIC        STO
  D:00C1H         PUBLIC        SMB0STA
  -------         PROC          IIC_INIT
  C:6375H         LINE#         17
  C:6375H         LINE#         18
  C:6375H         LINE#         19
  C:6378H         LINE#         20
  C:637AH         LINE#         21
  C:637DH         LINE#         22
  C:6380H         LINE#         23
  C:6383H         LINE#         24
  C:6386H         LINE#         25
  -------         ENDPROC       IIC_INIT
  -------         PROC          _?EE_READ
  i:0003H         SYMBOL        ptr_data
  i:0006H         SYMBOL        addr
  i:0007H         SYMBOL        cnt
  -------         DO            
  i:0000H         SYMBOL        count
  i:0001H         SYMBOL        i
  -------         ENDDO         
  C:469BH         LINE#         26
  C:46B7H         LINE#         29
  C:46BEH         LINE#         31
  C:46C0H         LINE#         32
  C:46C2H         LINE#         33
  C:46C4H         LINE#         34
  C:46C6H         LINE#         35
  C:46D8H         LINE#         36
  C:46DBH         LINE#         37
  C:46EFH         LINE#         38
  C:46F1H         LINE#         39
  C:46F6H         LINE#         40
  C:46F6H         LINE#         41
  C:46F6H         LINE#         42
  C:471EH         LINE#         43
BL51 BANKED LINKER/LOCATER V6.22                                                      06/30/2014  11:40:31  PAGE 14


  C:471EH         LINE#         44
  C:4720H         LINE#         45
  C:4725H         LINE#         46
  C:4725H         LINE#         47
  C:4728H         LINE#         48
  C:472AH         LINE#         49
  C:472DH         LINE#         50
  C:472DH         LINE#         51
  C:4730H         LINE#         52
  C:4732H         LINE#         53
  C:4734H         LINE#         54
  C:4734H         LINE#         55
  C:473CH         LINE#         56
  C:473EH         LINE#         57
  C:473EH         LINE#         58
  C:4740H         LINE#         59
  C:4742H         LINE#         60
  C:4742H         LINE#         61
  C:474EH         LINE#         62
  C:4750H         LINE#         63
  C:4750H         LINE#         64
  C:4762H         LINE#         65
  C:4771H         LINE#         66
  C:4774H         LINE#         67
  C:4782H         LINE#         68
  C:4784H         LINE#         69
  C:4784H         LINE#         70
  C:4786H         LINE#         71
  C:478AH         LINE#         72
  C:478AH         LINE#         73
  C:479CH         LINE#         74
  C:479EH         LINE#         75
  C:47A1H         LINE#         76
  C:47A3H         LINE#         77
  C:47A3H         LINE#         78
  C:47A5H         LINE#         79
  C:47A9H         LINE#         80
  C:47A9H         LINE#         81
  C:47ABH         LINE#         82
  C:47AFH         LINE#         83
  C:47AFH         LINE#         84
  C:47B1H         LINE#         85
  C:47B4H         LINE#         86
  C:47B7H         LINE#         87
  C:47B9H         LINE#         88
  -------         ENDPROC       _?EE_READ
  -------         PROC          _?EE_WRITE
  i:0003H         SYMBOL        ptr_data
  i:0006H         SYMBOL        addr
  i:0007H         SYMBOL        cnt
  -------         DO            
  i:0000H         SYMBOL        count
  i:0001H         SYMBOL        i
  -------         ENDDO         
  C:4A00H         LINE#         89
  C:4A1CH         LINE#         92
  C:4A23H         LINE#         94
BL51 BANKED LINKER/LOCATER V6.22                                                      06/30/2014  11:40:31  PAGE 15


  C:4A25H         LINE#         95
  C:4A27H         LINE#         96
  C:4A29H         LINE#         98
  C:4A2BH         LINE#         99
  C:4A4BH         LINE#         100
  C:4A4EH         LINE#         101
  C:4A62H         LINE#         102
  C:4A64H         LINE#         103
  C:4A69H         LINE#         104
  C:4A69H         LINE#         105
  C:4A69H         LINE#         106
  C:4A88H         LINE#         107
  C:4A88H         LINE#         108
  C:4A8AH         LINE#         109
  C:4A8FH         LINE#         110
  C:4A8FH         LINE#         111
  C:4A92H         LINE#         112
  C:4A94H         LINE#         113
  C:4A96H         LINE#         114
  C:4A96H         LINE#         115
  C:4A9EH         LINE#         116
  C:4AA0H         LINE#         117
  C:4AA0H         LINE#         118
  C:4AABH         LINE#         119
  C:4AADH         LINE#         120
  C:4AAEH         LINE#         121
  C:4AB0H         LINE#         122
  C:4AB0H         LINE#         123
  C:4AC2H         LINE#         124
  C:4AD1H         LINE#         125
  C:4AD4H         LINE#         126
  C:4AD6H         LINE#         127
  C:4AD6H         LINE#         128
  C:4AD8H         LINE#         129
  C:4ADCH         LINE#         130
  C:4ADCH         LINE#         131
  C:4ADEH         LINE#         132
  C:4AE2H         LINE#         133
  C:4AE2H         LINE#         134
  C:4AE4H         LINE#         135
  C:4AE8H         LINE#         136
  C:4AE8H         LINE#         137
  C:4AEAH         LINE#         138
  C:4AEEH         LINE#         139
  C:4AEEH         LINE#         140
  C:4AF0H         LINE#         141
  C:4AF3H         LINE#         142
  C:4AF6H         LINE#         144
  C:4AFEH         LINE#         145
  C:4B0DH         LINE#         146
  C:4B0FH         LINE#         147
  C:4B11H         LINE#         148
  -------         ENDPROC       _?EE_WRITE
  -------         PROC          _EEPROM_READ
  D:0001H         SYMBOL        ptr_data
  D:0005H         SYMBOL        addr
  D:002BH         SYMBOL        cnt
BL51 BANKED LINKER/LOCATER V6.22                                                      06/30/2014  11:40:31  PAGE 16


  -------         DO            
  D:0007H         SYMBOL        err
  -------         ENDDO         
  C:6387H         LINE#         157
  C:6387H         LINE#         158
  C:6387H         LINE#         160
  C:6390H         LINE#         161
  C:6396H         LINE#         162
  C:6398H         LINE#         163
  -------         ENDPROC       _EEPROM_READ
  -------         PROC          _EEPROM_WRITE
  D:002BH         SYMBOL        ptr_data
  D:0004H         SYMBOL        addr
  D:002FH         SYMBOL        cnt
  -------         DO            
  D:0007H         SYMBOL        count
  D:0030H         SYMBOL        test
  -------         ENDDO         
  C:001EH         LINE#         173
  C:0026H         LINE#         174
  C:0026H         LINE#         176
  C:0034H         LINE#         177
  C:0047H         LINE#         178
  C:004EH         LINE#         179
  C:0068H         LINE#         180
  C:006BH         LINE#         181
  C:006EH         LINE#         182
  C:006EH         LINE#         183
  C:006EH         LINE#         184
  C:0070H         LINE#         185
  -------         ENDPROC       _EEPROM_WRITE
  -------         ENDMOD        24C04

  -------         MODULE        DISP
  C:0000H         SYMBOL        _ICE_DUMMY_
  D:0090H         PUBLIC        P1
  D:00A0H         PUBLIC        P2
  D:00B0H         PUBLIC        P3
  D:00E8H         PUBLIC        P6
  D:00F8H         PUBLIC        P7
  D:0084H         PUBLIC        SFRPAGE
  C:48E2H         PUBLIC        _weight_disp
  C:6211H         PUBLIC        _flash_disp
  C:14C2H         PUBLIC        _disp_symbol
  C:5F55H         SYMBOL        _?ix1000
  C:5F5BH         SYMBOL        _?ix1001
  C:0076H         PUBLIC        _disp_seg
  C:4F3EH         PUBLIC        _disp_int
  C:5F2DH         PUBLIC        seg_dot
  C:4E3BH         PUBLIC        _run_disp
  C:5F05H         PUBLIC        seg_sym
  -------         PROC          _DISP_SEG
  D:0007H         SYMBOL        seg_code
  D:0005H         SYMBOL        bit_addr
  C:0076H         LINE#         40
  C:0076H         LINE#         41
  C:0076H         LINE#         42
BL51 BANKED LINKER/LOCATER V6.22                                                      06/30/2014  11:40:31  PAGE 17


  C:0079H         LINE#         43
  C:007CH         LINE#         44
  C:007EH         LINE#         45
  C:0081H         LINE#         46
  -------         ENDPROC       _DISP_SEG
  -------         PROC          _RUN_DISP
  D:0027H         SYMBOL        disp_data
  -------         DO            
  B:0021H.5       SYMBOL        sign_flag
  X:00E2H         SYMBOL        n
  X:00E3H         SYMBOL        disp
  -------         ENDDO         
  C:4E3BH         LINE#         53
  C:4E43H         LINE#         54
  C:4E43H         LINE#         58
  C:4E58H         LINE#         59
  C:4E5EH         LINE#         61
  C:4E5EH         LINE#         62
  C:4E74H         LINE#         63
  C:4E7AH         LINE#         65
  C:4E7AH         LINE#         66
  C:4E8AH         LINE#         67
  C:4E8AH         LINE#         68
  C:4E8CH         LINE#         69
  C:4E9FH         LINE#         70
  C:4E9FH         LINE#         71
  C:4EA4H         LINE#         72
  C:4EC4H         LINE#         73
  C:4EDDH         LINE#         74
  C:4EE7H         LINE#         75
  C:4EEAH         LINE#         76
  C:4EF3H         LINE#         77
  C:4EF5H         LINE#         78
  C:4EF5H         LINE#         79
  C:4F00H         LINE#         80
  C:4F00H         LINE#         81
  C:4F06H         LINE#         83
  C:4F06H         LINE#         84
  C:4F06H         LINE#         85
  C:4F14H         LINE#         86
  C:4F21H         LINE#         87
  C:4F2FH         LINE#         88
  C:4F3DH         LINE#         90
  -------         ENDPROC       _RUN_DISP
  -------         PROC          _WEIGHT_DISP
  D:002BH         SYMBOL        disp_data
  -------         DO            
  B:0021H.6       SYMBOL        sign_flag
  X:00EFH         SYMBOL        n
  X:00F0H         SYMBOL        disp
  -------         ENDDO         
  C:48E2H         LINE#         97
  C:48EAH         LINE#         98
  C:48EAH         LINE#         102
  C:48EDH         LINE#         103
  C:48F0H         LINE#         104
  C:48F3H         LINE#         105
BL51 BANKED LINKER/LOCATER V6.22                                                      06/30/2014  11:40:31  PAGE 18


  C:4903H         LINE#         107
  C:4903H         LINE#         108
  C:4905H         LINE#         109
  C:4918H         LINE#         110
  C:4918H         LINE#         111
  C:491DH         LINE#         112
  C:491DH         LINE#         113
  C:493DH         LINE#         114
  C:4956H         LINE#         115
  C:4960H         LINE#         116
  C:4963H         LINE#         117
  C:4963H         LINE#         118
  C:4969H         LINE#         119
  C:4969H         LINE#         120
  C:4972H         LINE#         121
  C:4978H         LINE#         122
  C:4978H         LINE#         123
  C:497AH         LINE#         125
  C:497AH         LINE#         126
  C:497DH         LINE#         127
  C:497DH         LINE#         128
  C:4983H         LINE#         129
  C:4983H         LINE#         130
  C:4989H         LINE#         131
  C:4989H         LINE#         132
  C:498CH         LINE#         133
  C:498FH         LINE#         134
  C:4991H         LINE#         135
  C:4997H         LINE#         136
  C:4999H         LINE#         137
  C:499FH         LINE#         138
  C:49A1H         LINE#         140
  C:49A1H         LINE#         141
  C:49A7H         LINE#         143
  C:49A7H         LINE#         144
  C:49A7H         LINE#         145
  C:49B5H         LINE#         146
  C:49C2H         LINE#         147
  C:49D0H         LINE#         148
  C:49DEH         LINE#         149
  C:49ECH         LINE#         150
  C:49FAH         LINE#         151
  C:49FFH         LINE#         153
  -------         ENDPROC       _WEIGHT_DISP
  -------         PROC          _DISP_SYMBOL
  D:002FH         SYMBOL        disp_code
  -------         DO            
  X:00F6H         SYMBOL        disp
  -------         ENDDO         
  C:14C2H         LINE#         159
  C:14C4H         LINE#         160
  C:14C4H         LINE#         161
  C:14D7H         LINE#         162
  C:15D3H         LINE#         163
  C:15D3H         LINE#         164
  C:15D3H         LINE#         165
  C:15D9H         LINE#         166
BL51 BANKED LINKER/LOCATER V6.22                                                      06/30/2014  11:40:31  PAGE 19


  C:15DFH         LINE#         167
  C:15E2H         LINE#         168
  C:15E2H         LINE#         169
  C:15E8H         LINE#         170
  C:15EBH         LINE#         171
  C:15EBH         LINE#         172
  C:15EBH         LINE#         173
  C:15ECH         LINE#         175
  C:15ECH         LINE#         176
  C:15F2H         LINE#         177
  C:15F8H         LINE#         178
  C:15FEH         LINE#         179
  C:1601H         LINE#         180
  C:1601H         LINE#         181
  C:1607H         LINE#         182
  C:160DH         LINE#         183
  C:1613H         LINE#         184
  C:1616H         LINE#         185
  C:1616H         LINE#         186
  C:161CH         LINE#         187
  C:1622H         LINE#         188
  C:1628H         LINE#         189
  C:162EH         LINE#         190
  C:1631H         LINE#         191
  C:1631H         LINE#         192
  C:1637H         LINE#         193
  C:163DH         LINE#         194
  C:1643H         LINE#         195
  C:1649H         LINE#         196
  C:164CH         LINE#         197
  C:164CH         LINE#         198
  C:1652H         LINE#         199
  C:1658H         LINE#         200
  C:165EH         LINE#         201
  C:1664H         LINE#         202
  C:166AH         LINE#         203
  C:166DH         LINE#         204
  C:166DH         LINE#         205
  C:1673H         LINE#         206
  C:1679H         LINE#         207
  C:167FH         LINE#         208
  C:1682H         LINE#         209
  C:1682H         LINE#         210
  C:1688H         LINE#         211
  C:168EH         LINE#         212
  C:1692H         LINE#         213
  C:1698H         LINE#         214
  C:169BH         LINE#         215
  C:169BH         LINE#         216
  C:16A1H         LINE#         217
  C:16A7H         LINE#         218
  C:16ABH         LINE#         219
  C:16AEH         LINE#         220
  C:16AEH         LINE#         221
  C:16B4H         LINE#         222
  C:16B9H         LINE#         223
  C:16BCH         LINE#         224
BL51 BANKED LINKER/LOCATER V6.22                                                      06/30/2014  11:40:31  PAGE 20


  C:16BCH         LINE#         225
  C:16C2H         LINE#         226
  C:16C8H         LINE#         227
  C:16CEH         LINE#         228
  C:16D4H         LINE#         229
  C:16D7H         LINE#         230
  C:16D7H         LINE#         231
  C:16DDH         LINE#         232
  C:16E3H         LINE#         233
  C:16E9H         LINE#         234
  C:16EFH         LINE#         235
  C:16F2H         LINE#         236
  C:16F2H         LINE#         237
  C:16F8H         LINE#         238
  C:16FDH         LINE#         239
  C:1703H         LINE#         240
  C:1709H         LINE#         241
  C:170CH         LINE#         242
  C:170CH         LINE#         243
  C:1712H         LINE#         244
  C:1718H         LINE#         245
  C:171CH         LINE#         246
  C:1722H         LINE#         247
  C:1728H         LINE#         248
  C:172EH         LINE#         249
  C:1731H         LINE#         250
  C:1731H         LINE#         251
  C:1737H         LINE#         252
  C:173DH         LINE#         253
  C:1741H         LINE#         254
  C:1747H         LINE#         255
  C:174DH         LINE#         256
  C:1753H         LINE#         257
  C:1756H         LINE#         258
  C:1756H         LINE#         259
  C:175CH         LINE#         260
  C:1762H         LINE#         261
  C:1768H         LINE#         262
  C:176EH         LINE#         263
  C:1773H         LINE#         264
  C:1776H         LINE#         265
  C:1776H         LINE#         266
  C:177CH         LINE#         267
  C:1781H         LINE#         268
  C:1787H         LINE#         269
  C:178DH         LINE#         270
  C:1793H         LINE#         271
  C:1796H         LINE#         272
  C:1796H         LINE#         273
  C:179CH         LINE#         274
  C:17A2H         LINE#         275
  C:17A7H         LINE#         276
  C:17ADH         LINE#         277
  C:17B3H         LINE#         278
  C:17B8H         LINE#         279
  C:17BBH         LINE#         280
  C:17BBH         LINE#         281
BL51 BANKED LINKER/LOCATER V6.22                                                      06/30/2014  11:40:31  PAGE 21


  C:17C1H         LINE#         282
  C:17C7H         LINE#         283
  C:17CDH         LINE#         284
  C:17D3H         LINE#         285
  C:17D6H         LINE#         286
  C:17D6H         LINE#         287
  C:17DCH         LINE#         288
  C:17E2H         LINE#         289
  C:17E8H         LINE#         290
  C:17EEH         LINE#         291
  C:17F1H         LINE#         292
  C:17F1H         LINE#         293
  C:17F7H         LINE#         294
  C:17FDH         LINE#         295
  C:1803H         LINE#         296
  C:1809H         LINE#         297
  C:180CH         LINE#         298
  C:180CH         LINE#         299
  C:1812H         LINE#         300
  C:1818H         LINE#         301
  C:181EH         LINE#         302
  C:1824H         LINE#         303
  C:1827H         LINE#         304
  C:1827H         LINE#         305
  C:182DH         LINE#         306
  C:1833H         LINE#         307
  C:1839H         LINE#         308
  C:183FH         LINE#         309
  C:1842H         LINE#         310
  C:1842H         LINE#         311
  C:1848H         LINE#         312
  C:184EH         LINE#         313
  C:1852H         LINE#         314
  C:1858H         LINE#         315
  C:185EH         LINE#         316
  C:1864H         LINE#         317
  C:1867H         LINE#         318
  C:1867H         LINE#         319
  C:186DH         LINE#         320
  C:1873H         LINE#         321
  C:1877H         LINE#         322
  C:187DH         LINE#         323
  C:1883H         LINE#         324
  C:1889H         LINE#         325
  C:188CH         LINE#         326
  C:188CH         LINE#         327
  C:1892H         LINE#         328
  C:1898H         LINE#         329
  C:189CH         LINE#         330
  C:18A2H         LINE#         331
  C:18A8H         LINE#         332
  C:18AEH         LINE#         333
  C:18B1H         LINE#         334
  C:18B1H         LINE#         335
  C:18B7H         LINE#         336
  C:18BDH         LINE#         337
  C:18C1H         LINE#         338
BL51 BANKED LINKER/LOCATER V6.22                                                      06/30/2014  11:40:31  PAGE 22


  C:18C7H         LINE#         339
  C:18CDH         LINE#         340
  C:18D3H         LINE#         341
  C:18D6H         LINE#         342
  C:18D6H         LINE#         343
  C:18DCH         LINE#         344
  C:18E2H         LINE#         345
  C:18E6H         LINE#         346
  C:18ECH         LINE#         347
  C:18F2H         LINE#         348
  C:18F8H         LINE#         349
  C:18FBH         LINE#         350
  C:18FBH         LINE#         351
  C:18FBH         LINE#         352
  C:18FBH         LINE#         353
  C:18FBH         LINE#         354
  C:18FBH         LINE#         355
  C:18FBH         LINE#         356
  C:18FBH         LINE#         357
  C:18FBH         LINE#         358
  C:18FBH         LINE#         359
  C:18FBH         LINE#         360
  C:18FBH         LINE#         361
  C:18FBH         LINE#         362
  C:18FBH         LINE#         363
  C:18FBH         LINE#         364
  C:18FBH         LINE#         365
  C:18FBH         LINE#         366
  C:1913H         LINE#         367
  C:1921H         LINE#         368
  C:1925H         LINE#         369
  C:1929H         LINE#         370
  C:192BH         LINE#         371
  C:192FH         LINE#         372
  C:1932H         LINE#         373
  C:1932H         LINE#         374
  C:1932H         LINE#         375
  C:1932H         LINE#         376
  C:1932H         LINE#         377
  C:1932H         LINE#         378
  C:1932H         LINE#         379
  C:1932H         LINE#         380
  C:1932H         LINE#         381
  C:1932H         LINE#         382
  C:1932H         LINE#         383
  C:1932H         LINE#         384
  C:1932H         LINE#         385
  C:194AH         LINE#         386
  C:1958H         LINE#         387
  C:195CH         LINE#         388
  C:195EH         LINE#         389
  C:1962H         LINE#         390
  C:1965H         LINE#         391
  C:1965H         LINE#         392
  C:1965H         LINE#         393
  C:197DH         LINE#         394
  C:198BH         LINE#         395
BL51 BANKED LINKER/LOCATER V6.22                                                      06/30/2014  11:40:31  PAGE 23


  C:198FH         LINE#         396
  C:1993H         LINE#         397
  C:1997H         LINE#         398
  C:1999H         LINE#         399
  C:1999H         LINE#         400
  C:1999H         LINE#         401
  C:1999H         LINE#         402
  C:1999H         LINE#         403
  C:1999H         LINE#         404
  C:1999H         LINE#         405
  C:1999H         LINE#         406
  C:1999H         LINE#         407
  C:1999H         LINE#         408
  C:199FH         LINE#         409
  C:19A2H         LINE#         410
  C:19A6H         LINE#         411
  C:19ACH         LINE#         412
  C:19B0H         LINE#         413
  C:19B2H         LINE#         414
  C:19B2H         LINE#         415
  C:19B2H         LINE#         416
  C:19B2H         LINE#         417
  C:19B2H         LINE#         418
  C:19B2H         LINE#         419
  C:19B8H         LINE#         420
  C:19BBH         LINE#         421
  C:19BFH         LINE#         422
  C:19C5H         LINE#         423
  C:19C9H         LINE#         424
  C:19CBH         LINE#         425
  C:19CBH         LINE#         426
  C:19CBH         LINE#         427
  C:19CBH         LINE#         428
  C:19CBH         LINE#         429
  C:19CBH         LINE#         430
  C:19D1H         LINE#         431
  C:19D3H         LINE#         432
  C:19D7H         LINE#         433
  C:19DBH         LINE#         434
  C:19E1H         LINE#         435
  C:19E5H         LINE#         436
  C:19E7H         LINE#         437
  C:19E7H         LINE#         438
  C:19EDH         LINE#         439
  C:19F0H         LINE#         440
  C:19F4H         LINE#         441
  C:19F8H         LINE#         442
  C:19FCH         LINE#         443
  C:19FEH         LINE#         444
  C:19FEH         LINE#         445
  C:1A04H         LINE#         446
  C:1A07H         LINE#         447
  C:1A0BH         LINE#         448
  C:1A0FH         LINE#         449
  C:1A13H         LINE#         450
  C:1A16H         LINE#         451
  C:1A16H         LINE#         452
BL51 BANKED LINKER/LOCATER V6.22                                                      06/30/2014  11:40:31  PAGE 24


  C:1A24H         LINE#         453
  C:1A31H         LINE#         454
  C:1A3FH         LINE#         455
  C:1A4DH         LINE#         456
  C:1A5BH         LINE#         457
  C:1A69H         LINE#         459
  -------         ENDPROC       _DISP_SYMBOL
  -------         PROC          _FLASH_DISP
  D:0027H         SYMBOL        disp_data
  C:6211H         LINE#         465
  C:6219H         LINE#         466
  C:6219H         LINE#         467
  C:621EH         LINE#         468
  C:6223H         LINE#         469
  C:622EH         LINE#         470
  C:6233H         LINE#         472
  -------         ENDPROC       _FLASH_DISP
  -------         PROC          _DISP_INT
  D:002AH         SYMBOL        disp_data
  -------         DO            
  X:00E1H         SYMBOL        n
  X:00E2H         SYMBOL        disp
  -------         ENDDO         
  C:4F3EH         LINE#         478
  C:4F42H         LINE#         479
  C:4F42H         LINE#         480
  C:4F55H         LINE#         481
  C:4F64H         LINE#         482
  C:4F64H         LINE#         483
  C:4F7BH         LINE#         484
  C:4F8AH         LINE#         485
  C:4F92H         LINE#         486
  C:4F9BH         LINE#         487
  C:4FACH         LINE#         488
  C:4FBDH         LINE#         489
  C:4FCEH         LINE#         490
  C:4FDFH         LINE#         492
  C:4FEDH         LINE#         493
  C:4FFAH         LINE#         494
  C:5008H         LINE#         495
  C:5016H         LINE#         496
  C:5024H         LINE#         497
  C:5032H         LINE#         498
  C:5037H         LINE#         500
  -------         ENDPROC       _DISP_INT
  -------         ENDMOD        DISP

  -------         MODULE        KEY_FUNC
  C:0000H         SYMBOL        _ICE_DUMMY_
  D:0090H         PUBLIC        P1
  D:00A0H         PUBLIC        P2
  D:00B0H         PUBLIC        P3
  C:5ACCH         PUBLIC        get_input
  C:5A35H         PUBLIC        _get_key
  -------         PROC          _GET_KEY
  D:002BH         SYMBOL        chk_val
  -------         DO            
BL51 BANKED LINKER/LOCATER V6.22                                                      06/30/2014  11:40:31  PAGE 25


  X:00EFH         SYMBOL        key_value
  X:00F0H         SYMBOL        i
  -------         ENDDO         
  C:5A35H         LINE#         4
  C:5A37H         LINE#         5
  C:5A37H         LINE#         7
  C:5A3CH         LINE#         8
  C:5A3CH         LINE#         9
  C:5A44H         LINE#         10
  C:5A71H         LINE#         11
  C:5A71H         LINE#         12
  C:5A71H         LINE#         13
  C:5A7BH         LINE#         14
  C:5A7BH         LINE#         15
  C:5A7BH         LINE#         16
  C:5A7BH         LINE#         17
  C:5A7BH         LINE#         18
  C:5A7BH         LINE#         19
  C:5A7BH         LINE#         20
  C:5A88H         LINE#         21
  C:5A88H         LINE#         22
  C:5A88H         LINE#         23
  C:5A93H         LINE#         24
  C:5A9AH         LINE#         25
  C:5A9AH         LINE#         26
  C:5A9AH         LINE#         27
  C:5A9AH         LINE#         28
  C:5A9AH         LINE#         29
  C:5A9AH         LINE#         30
  C:5A9AH         LINE#         31
  C:5AA5H         LINE#         32
  C:5AA5H         LINE#         33
  C:5AA5H         LINE#         34
  C:5AA8H         LINE#         35
  C:5AA8H         LINE#         36
  C:5AADH         LINE#         37
  C:5AB9H         LINE#         38
  C:5ABEH         LINE#         39
  C:5AC9H         LINE#         40
  C:5ACBH         LINE#         41
  -------         ENDPROC       _GET_KEY
  -------         PROC          GET_INPUT
  -------         DO            
  X:00E0H         SYMBOL        key_value
  X:00E1H         SYMBOL        i
  -------         ENDDO         
  C:5ACCH         LINE#         43
  C:5ACCH         LINE#         44
  C:5ACCH         LINE#         46
  C:5AD1H         LINE#         47
  C:5AD1H         LINE#         48
  C:5AD6H         LINE#         49
  C:5ADBH         LINE#         50
  C:5AE7H         LINE#         51
  C:5AF1H         LINE#         52
  C:5AF6H         LINE#         53
  C:5AF6H         LINE#         54
BL51 BANKED LINKER/LOCATER V6.22                                                      06/30/2014  11:40:31  PAGE 26


  C:5AFEH         LINE#         55
  C:5B03H         LINE#         56
  C:5B0FH         LINE#         57
  C:5B15H         LINE#         58
  C:5B1DH         LINE#         59
  C:5B24H         LINE#         60
  C:5B2FH         LINE#         61
  C:5B36H         LINE#         62
  C:5B41H         LINE#         63
  C:5B48H         LINE#         64
  C:5B53H         LINE#         65
  C:5B5AH         LINE#         66
  C:5B5CH         LINE#         67
  -------         ENDPROC       GET_INPUT
  -------         ENDMOD        KEY_FUNC

  -------         MODULE        MAIN
  C:0000H         SYMBOL        _ICE_DUMMY_
  D:0080H         PUBLIC        P0
  D:0090H         PUBLIC        P1
  D:00FFH         PUBLIC        WDTCN
  D:00A0H         PUBLIC        P2
  D:00B0H         PUBLIC        P3
  D:00C8H         PUBLIC        P4
  D:00D8H         PUBLIC        P5
  B:00A8H.7       PUBLIC        EA
  D:00E8H         PUBLIC        P6
  X:0082H         PUBLIC        A_T_time
  D:00F8H         PUBLIC        P7
  X:0083H         PUBLIC        arrival_time
  X:0084H         PUBLIC        weight_correct_val
  X:0086H         PUBLIC        disp_cache
  D:0084H         PUBLIC        SFRPAGE
  X:0087H         PUBLIC        weight
  X:009BH         PUBLIC        CommAddr
  D:00A4H         PUBLIC        P0MDOUT
  D:00A5H         PUBLIC        P1MDOUT
  D:00A7H         PUBLIC        P3MDOUT
  D:009CH         PUBLIC        P4MDOUT
  D:009EH         PUBLIC        P6MDOUT
  C:4058H         PUBLIC        ShutAndCorrect
  D:009FH         PUBLIC        P7MDOUT
  B:0020H.0       PUBLIC        DropFlag
  B:0020H.1       PUBLIC        startup_flag
  C:61E0H         PUBLIC        Port_IO_Init
  X:009CH         PUBLIC        track_bags
  X:009DH         PUBLIC        tare_weight
  D:00E1H         PUBLIC        XBR0
  B:0020H.2       PUBLIC        ZeroFlag
  D:00E3H         PUBLIC        XBR2
  X:00A1H         PUBLIC        ol_track_sw
  B:0020H.3       PUBLIC        t1_flag
  X:00A2H         PUBLIC        filter_coefficient1
  X:00A3H         PUBLIC        scale_counterweight_val
  X:00A7H         PUBLIC        drop_weight
  C:2AEDH         PUBLIC        main
  B:0020H.4       PUBLIC        flashboard_pulse_flag
BL51 BANKED LINKER/LOCATER V6.22                                                      06/30/2014  11:40:31  PAGE 27


  X:00A9H         PUBLIC        adc
  X:00ADH         PUBLIC        DpSwitch
  C:53F7H         PUBLIC        _update_shut_fb_w
  B:0020H.5       PUBLIC        disp_flag
  X:00AEH         PUBLIC        zero_scale_value
  X:00B0H         PUBLIC        w_save_cnt
  C:6257H         PUBLIC        sysclk_init
  C:1E77H         PUBLIC        read_all
  X:00B1H         PUBLIC        DispCnt
  B:0020H.6       PUBLIC        discharge_pulse_flag
  X:00B2H         PUBLIC        load_cell_span
  B:0020H.7       PUBLIC        AutoZeroFlag
  X:00B6H         PUBLIC        adc_disp
  C:63F2H         PUBLIC        para_init
  D:0097H         PUBLIC        CLKSEL
  D:008AH         PUBLIC        OSCICN
  B:0021H.0       PUBLIC        shut_flag
  X:00BAH         PUBLIC        flashboard_cnt
  X:00BBH         PUBLIC        sf_weight
  X:00BDH         PUBLIC        scale_output_val
  X:00C1H         PUBLIC        shut_fb_w
  X:00C3H         PUBLIC        err_code
  X:00C4H         PUBLIC        residual_weight
  C:3BFFH         PUBLIC        save_all
  X:00C6H         PUBLIC        t1_cnt
  C:5224H         PUBLIC        ZeroPointDet
  B:00B0H.1       PUBLIC        FullOut
  X:00C7H         PUBLIC        counter_sw
  X:00C8H         PUBLIC        sf_switch
  X:00C9H         PUBLIC        sp_weight
  D:008CH         PUBLIC        OSCXCN
  B:0021H.1       PUBLIC        discharge_bag_loc_flag
  C:5E41H         PUBLIC        mcu_init
  B:0021H.2       PUBLIC        re_fill_flag
  B:00A0H.0       PUBLIC        zero_loc
  D:00EFH         PUBLIC        RSTSRC
  B:0021H.3       PUBLIC        DpEnFlag
  C:6362H         PUBLIC        ClearDropCounter
  X:00CBH         PUBLIC        shut_cnt
  X:00CCH         PUBLIC        filter_coefficient
  X:00CDH         PUBLIC        cl_correct_sw
  B:00B0H.2       PUBLIC        SizeFlowOut
  X:00CEH         PUBLIC        filter1_out
  X:00D2H         PUBLIC        filter2_out
  C:63E2H         PUBLIC        stop_wdt
  X:00D6H         PUBLIC        sf_weight_adj_val
  X:0180H         PUBLIC        DropCounter
  -------         PROC          MAIN
  -------         DO            
  X:00D8H         SYMBOL        shut_error
  -------         ENDDO         
  C:2AEDH         LINE#         110
  C:2AEDH         LINE#         111
  C:2AEDH         LINE#         112
  C:2AF0H         LINE#         115
  C:2AF7H         LINE#         116
  C:2B02H         LINE#         118
BL51 BANKED LINKER/LOCATER V6.22                                                      06/30/2014  11:40:31  PAGE 28


  C:2B0CH         LINE#         119
  C:2B11H         LINE#         120
  C:2B18H         LINE#         121
  C:2B1AH         LINE#         122
  C:2B2BH         LINE#         123
  C:2B30H         LINE#         124
  C:2B37H         LINE#         125
  C:2B37H         LINE#         126
  C:2B3AH         LINE#         127
  C:2B3DH         LINE#         131
  C:2B3FH         LINE#         132
  C:2B41H         LINE#         134
  C:2B41H         LINE#         137
  C:2B44H         LINE#         138
  C:2B47H         LINE#         139
  C:2B4AH         LINE#         142
  C:2B4DH         LINE#         143
  C:2B50H         LINE#         144
  C:2B53H         LINE#         145
  C:2B5CH         LINE#         146
  C:2B5CH         LINE#         147
  C:2B6CH         LINE#         148
  C:2B77H         LINE#         149
  C:2B82H         LINE#         150
  C:2BB7H         LINE#         151
  C:2BECH         LINE#         152
  C:2BEFH         LINE#         153
  C:2C03H         LINE#         154
  C:2C14H         LINE#         155
  C:2C19H         LINE#         156
  C:2C1BH         LINE#         157
  C:2C1BH         LINE#         158
  C:2C1BH         LINE#         160
  C:2C39H         LINE#         161
  C:2C40H         LINE#         162
  C:2C58H         LINE#         163
  C:2C5AH         LINE#         164
  C:2C5CH         LINE#         165
  C:2C7BH         LINE#         166
  C:2C7DH         LINE#         167
  C:2C7DH         LINE#         168
  C:2C7DH         LINE#         169
  C:2CA4H         LINE#         171
  C:2CD1H         LINE#         172
  C:2CECH         LINE#         173
  C:2CEFH         LINE#         174
  C:2CF2H         LINE#         175
  C:2D0FH         LINE#         176
  C:2D12H         LINE#         177
  C:2D15H         LINE#         178
  C:2D27H         LINE#         179
  C:2D29H         LINE#         180
  C:2D2FH         LINE#         181
  C:2D3AH         LINE#         182
  C:2D3DH         LINE#         183
  C:2D3DH         LINE#         184
  C:2D42H         LINE#         185
BL51 BANKED LINKER/LOCATER V6.22                                                      06/30/2014  11:40:31  PAGE 29


  C:2D42H         LINE#         186
  C:2D45H         LINE#         187
  C:2D48H         LINE#         188
  -------         ENDPROC       MAIN
  -------         PROC          ZEROPOINTDET
  -------         DO            
  X:00DCH         SYMBOL        czero_scale_value
  -------         ENDDO         
  C:5224H         LINE#         199
  C:5224H         LINE#         200
  C:5224H         LINE#         202
  C:522AH         LINE#         203
  C:5236H         LINE#         204
  C:5245H         LINE#         205
  C:524CH         LINE#         206
  C:5255H         LINE#         207
  C:5289H         LINE#         208
  C:5298H         LINE#         209
  C:52BAH         LINE#         210
  C:52DBH         LINE#         211
  C:52DDH         LINE#         212
  C:52DDH         LINE#         213
  C:52E8H         LINE#         214
  C:52F9H         LINE#         215
  C:530CH         LINE#         216
  C:530CH         LINE#         217
  C:530EH         LINE#         218
  C:5311H         LINE#         219
  C:5311H         LINE#         220
  -------         ENDPROC       ZEROPOINTDET
  -------         PROC          SHUTANDCORRECT
  -------         DO            
  D:0023H         SYMBOL        DropVal
  -------         ENDDO         
  C:4058H         LINE#         222
  C:4058H         LINE#         223
  C:4058H         LINE#         224
  C:4070H         LINE#         225
  C:4072H         LINE#         226
  C:4074H         LINE#         227
  C:4076H         LINE#         228
  C:4078H         LINE#         229
  C:407BH         LINE#         230
  C:407DH         LINE#         231
  C:4087H         LINE#         232
  C:4092H         LINE#         233
  C:40B0H         LINE#         234
  C:40B9H         LINE#         236
  C:40BCH         LINE#         238
  C:40BFH         LINE#         239
  C:40CAH         LINE#         240
  C:40CFH         LINE#         241
  C:40D1H         LINE#         242
  C:40D4H         LINE#         243
  C:40DFH         LINE#         244
  C:40FFH         LINE#         245
  C:4105H         LINE#         246
BL51 BANKED LINKER/LOCATER V6.22                                                      06/30/2014  11:40:31  PAGE 30


  C:4113H         LINE#         247
  C:4115H         LINE#         248
  C:4120H         LINE#         249
  C:412BH         LINE#         250
  C:413FH         LINE#         251
  C:4145H         LINE#         252
  C:4148H         LINE#         253
  C:414AH         LINE#         254
  C:414CH         LINE#         255
  C:414CH         LINE#         256
  C:414FH         LINE#         257
  C:4151H         LINE#         258
  C:4153H         LINE#         259
  C:4156H         LINE#         260
  C:4158H         LINE#         261
  C:417EH         LINE#         263
  C:4180H         LINE#         264
  C:4190H         LINE#         265
  C:419FH         LINE#         266
  -------         ENDPROC       SHUTANDCORRECT
  -------         PROC          PORT_IO_INIT
  C:61E0H         LINE#         327
  C:61E0H         LINE#         328
  C:61E0H         LINE#         329
  C:61E3H         LINE#         330
  C:61E6H         LINE#         331
  C:61E9H         LINE#         332
  C:61ECH         LINE#         333
  C:61EFH         LINE#         334
  C:61F2H         LINE#         335
  C:61F5H         LINE#         336
  C:61F8H         LINE#         337
  C:61FBH         LINE#         339
  C:61FEH         LINE#         340
  C:6201H         LINE#         341
  C:6204H         LINE#         342
  C:6207H         LINE#         343
  C:620AH         LINE#         344
  C:620DH         LINE#         345
  C:6210H         LINE#         346
  -------         ENDPROC       PORT_IO_INIT
  -------         PROC          STOP_WDT
  C:63E2H         LINE#         353
  C:63E2H         LINE#         354
  C:63E2H         LINE#         355
  C:63E4H         LINE#         356
  C:63E7H         LINE#         357
  C:63EAH         LINE#         358
  -------         ENDPROC       STOP_WDT
  -------         PROC          SYSCLK_INIT
  -------         DO            
  D:0006H         SYMBOL        i
  -------         ENDDO         
  C:6257H         LINE#         365
  C:6257H         LINE#         366
  C:6257H         LINE#         368
  C:625AH         LINE#         369
BL51 BANKED LINKER/LOCATER V6.22                                                      06/30/2014  11:40:31  PAGE 31


  C:625DH         LINE#         370
  C:626BH         LINE#         371
  C:6270H         LINE#         372
  C:6273H         LINE#         373
  C:6276H         LINE#         375
  -------         ENDPROC       SYSCLK_INIT
  -------         PROC          SAVE_ALL
  -------         DO            
  D:0025H         SYMBOL        Start_1stFlag
  -------         ENDDO         
  C:3BFFH         LINE#         376
  C:3BFFH         LINE#         377
  C:3BFFH         LINE#         378
  C:3C02H         LINE#         380
  C:3C08H         LINE#         381
  C:3C16H         LINE#         384
  C:3C1CH         LINE#         385
  C:3C28H         LINE#         388
  C:3C2EH         LINE#         389
  C:3C3CH         LINE#         392
  C:3C46H         LINE#         393
  C:3C54H         LINE#         396
  C:3C5EH         LINE#         397
  C:3C6CH         LINE#         400
  C:3C76H         LINE#         401
  C:3C84H         LINE#         404
  C:3C8EH         LINE#         405
  C:3C9CH         LINE#         408
  C:3CA2H         LINE#         409
  C:3CB0H         LINE#         412
  C:3CB6H         LINE#         413
  C:3CC4H         LINE#         416
  C:3CCEH         LINE#         417
  C:3CDCH         LINE#         420
  C:3CE3H         LINE#         421
  C:3CF1H         LINE#         424
  C:3CF8H         LINE#         425
  C:3D06H         LINE#         428
  C:3D0DH         LINE#         429
  C:3D1BH         LINE#         432
  C:3D20H         LINE#         433
  C:3D2EH         LINE#         436
  C:3D34H         LINE#         437
  C:3D42H         LINE#         440
  C:3D48H         LINE#         441
  C:3D56H         LINE#         444
  C:3D5CH         LINE#         445
  C:3D6AH         LINE#         447
  C:3D78H         LINE#         448
  -------         ENDPROC       SAVE_ALL
  -------         PROC          READ_ALL
  -------         DO            
  D:0025H         SYMBOL        cnt
  D:0026H         SYMBOL        err_temp
  -------         ENDDO         
  C:1E77H         LINE#         449
  C:1E77H         LINE#         450
BL51 BANKED LINKER/LOCATER V6.22                                                      06/30/2014  11:40:31  PAGE 32


  C:1E77H         LINE#         453
  C:1E7AH         LINE#         457
  C:1E88H         LINE#         459
  C:1E96H         LINE#         460
  C:1EA3H         LINE#         461
  C:1EA8H         LINE#         462
  C:1EABH         LINE#         463
  C:1EADH         LINE#         466
  C:1EB0H         LINE#         467
  C:1EB8H         LINE#         468
  C:1EBAH         LINE#         469
  C:1EC4H         LINE#         470
  C:1EC6H         LINE#         471
  C:1ECFH         LINE#         472
  C:1ED4H         LINE#         473
  C:1ED6H         LINE#         474
  C:1EE3H         LINE#         475
  C:1EE6H         LINE#         476
  C:1EE8H         LINE#         478
  C:1EEAH         LINE#         481
  C:1EF8H         LINE#         483
  C:1F01H         LINE#         484
  C:1F04H         LINE#         485
  C:1F12H         LINE#         486
  C:1F12H         LINE#         487
  C:1F2EH         LINE#         490
  C:1F3CH         LINE#         492
  C:1F5AH         LINE#         493
  C:1F5FH         LINE#         494
  C:1F62H         LINE#         495
  C:1F64H         LINE#         498
  C:1F72H         LINE#         500
  C:200EH         LINE#         502
  C:200EH         LINE#         503
  C:2013H         LINE#         504
  C:2016H         LINE#         505
  C:2019H         LINE#         508
  C:2027H         LINE#         509
  C:205AH         LINE#         510
  C:205FH         LINE#         511
  C:2062H         LINE#         512
  C:2064H         LINE#         515
  C:2072H         LINE#         516
  C:20A5H         LINE#         517
  C:20AAH         LINE#         518
  C:20ADH         LINE#         519
  C:20AFH         LINE#         522
  C:20BDH         LINE#         523
  C:20C9H         LINE#         524
  C:20CFH         LINE#         525
  C:20DDH         LINE#         526
  C:20DDH         LINE#         529
  C:20EBH         LINE#         536
  C:20F9H         LINE#         539
  C:2107H         LINE#         540
  C:2120H         LINE#         541
  C:2125H         LINE#         542
BL51 BANKED LINKER/LOCATER V6.22                                                      06/30/2014  11:40:31  PAGE 33


  C:2128H         LINE#         543
  C:212AH         LINE#         546
  C:2138H         LINE#         547
  C:2155H         LINE#         548
  C:215AH         LINE#         549
  C:215DH         LINE#         550
  C:215FH         LINE#         554
  C:216DH         LINE#         555
  C:218AH         LINE#         556
  C:218FH         LINE#         557
  C:2192H         LINE#         558
  C:2194H         LINE#         561
  C:21A2H         LINE#         562
  C:21B1H         LINE#         563
  C:21B6H         LINE#         564
  C:21B9H         LINE#         566
  C:21BBH         LINE#         569
  C:21C9H         LINE#         571
  C:21D7H         LINE#         574
  C:21E5H         LINE#         576
  C:21F3H         LINE#         577
  C:21F9H         LINE#         578
  C:21FDH         LINE#         579
  C:2202H         LINE#         580
  C:2202H         LINE#         582
  C:2210H         LINE#         584
  C:222CH         LINE#         585
  C:2241H         LINE#         587
  C:2271H         LINE#         588
  -------         ENDPROC       READ_ALL
  -------         PROC          PARA_INIT
  C:63F2H         LINE#         595
  C:63F2H         LINE#         596
  C:63F2H         LINE#         597
  C:63F5H         LINE#         598
  -------         ENDPROC       PARA_INIT
  -------         PROC          CLEARDROPCOUNTER
  C:6362H         LINE#         599
  C:6362H         LINE#         600
  C:6362H         LINE#         601
  C:6365H         LINE#         602
  C:6374H         LINE#         604
  -------         ENDPROC       CLEARDROPCOUNTER
  -------         PROC          MCU_INIT
  -------         DO            
  D:0023H         SYMBOL        led_test
  D:0024H         SYMBOL        cnt
  -------         ENDDO         
  C:5E41H         LINE#         611
  C:5E41H         LINE#         612
  C:5E41H         LINE#         614
  C:5E44H         LINE#         615
  C:5E47H         LINE#         616
  C:5E4AH         LINE#         617
  C:5E4DH         LINE#         618
  C:5E50H         LINE#         619
  C:5E53H         LINE#         620
BL51 BANKED LINKER/LOCATER V6.22                                                      06/30/2014  11:40:31  PAGE 34


  C:5E56H         LINE#         621
  C:5E61H         LINE#         622
  C:5E64H         LINE#         623
  C:5E67H         LINE#         624
  C:5E6FH         LINE#         625
  C:5E72H         LINE#         626
  C:5E74H         LINE#         627
  C:5E74H         LINE#         628
  C:5E77H         LINE#         629
  C:5E77H         LINE#         630
  C:5E7AH         LINE#         631
  C:5E86H         LINE#         632
  C:5E8DH         LINE#         633
  C:5E9BH         LINE#         635
  C:5EA4H         LINE#         636
  C:5EA6H         LINE#         637
  -------         ENDPROC       MCU_INIT
  -------         PROC          _UPDATE_SHUT_FB_W
  D:0025H         SYMBOL        bags
  -------         DO            
  D:0026H         SYMBOL        cnt
  X:00DCH         SYMBOL        sum
  -------         ENDDO         
  C:53F7H         LINE#         644
  C:53F9H         LINE#         645
  C:53F9H         LINE#         647
  C:5403H         LINE#         648
  C:5446H         LINE#         649
  C:5469H         LINE#         650
  C:54AEH         LINE#         651
  C:54C9H         LINE#         652
  -------         ENDPROC       _UPDATE_SHUT_FB_W
  -------         ENDMOD        MAIN

  -------         MODULE        MENU_FUNC
  C:0000H         SYMBOL        _ICE_DUMMY_
  D:0080H         PUBLIC        P0
  D:0090H         PUBLIC        P1
  D:00A0H         PUBLIC        P2
  C:42E6H         PUBLIC        dm_sp_weight
  D:00B0H         PUBLIC        P3
  C:4562H         PUBLIC        cl_correct_sw_adj
  D:00E6H         PUBLIC        EIE1
  D:00E7H         PUBLIC        EIE2
  D:00A8H         PUBLIC        IE
  C:41A0H         PUBLIC        arrival_time_adj
  C:3703H         PUBLIC        weight_correct_val_adj
  C:1A6AH         PUBLIC        gain
  C:3D79H         PUBLIC        filter_para_adj
  B:00B0H.4       PUBLIC        flashboard_sw_out
  C:5038H         PUBLIC        track_bags_adj
  C:4C27H         PUBLIC        DpSwSet
  C:47C0H         PUBLIC        tare
  C:4429H         PUBLIC        ol_track_sw_adj
  C:2F75H         PUBLIC        drop_weight_adj
  B:0021H.7       PUBLIC        exit_flag
  C:285FH         PUBLIC        func_func
BL51 BANKED LINKER/LOCATER V6.22                                                      06/30/2014  11:40:31  PAGE 35


  C:6045H         PUBLIC        clamp_bag_test
  C:5F61H         PUBLIC        flashboard_test
  C:5597H         PUBLIC        cal_func
  C:54CAH         PUBLIC        VerDisp
  B:00B0H.3       PUBLIC        discharge_bag_sw_out
  C:5B5DH         PUBLIC        menu_func
  C:6091H         PUBLIC        fill_mot_sw_test
  B:0022H.0       PUBLIC        t1_sta_flag
  B:00B0H.1       PUBLIC        cyl_sw_out
[...]
  C:5DD0H         LINE#         100
  C:5DD3H         LINE#         101
  C:5DD5H         LINE#         102
  -------         ENDPROC       _PBGETCHAR
  -------         PROC          PB_INIT
  -------         DO            
  B:0021H.6       SYMBOL        pbinit_flag
  D:0029H         SYMBOL        TimeOutCnt
  D:002DH         SYMBOL        i
  D:002EH         SYMBOL        x
  D:002FH         SYMBOL        cnt
  -------         ENDDO         
  C:3A67H         LINE#         103
  C:3A67H         LINE#         104
  C:3A67H         LINE#         105
  C:3A69H         LINE#         106
  C:3A72H         LINE#         107
  C:3A74H         LINE#         110
  C:3A77H         LINE#         111
  C:3A79H         LINE#         112
  C:3A7CH         LINE#         113
  C:3A84H         LINE#         114
  C:3A88H         LINE#         115
  C:3A8CH         LINE#         116
  C:3A90H         LINE#         117
  C:3A94H         LINE#         118
  C:3A98H         LINE#         119
  C:3A9CH         LINE#         120
  C:3AA0H         LINE#         121
  C:3AA4H         LINE#         122
  C:3AA8H         LINE#         123
  C:3AACH         LINE#         124
  C:3AB2H         LINE#         125
  C:3AB6H         LINE#         126
  C:3ABAH         LINE#         129
  C:3ABFH         LINE#         130
  C:3ADBH         LINE#         132
  C:3ADBH         LINE#         133
  C:3ADDH         LINE#         134
  C:3AE8H         LINE#         135
  C:3AF5H         LINE#         136
  C:3AF7H         LINE#         137
  C:3B00H         LINE#         138
  C:3B03H         LINE#         139
  C:3B19H         LINE#         140
  C:3B19H         LINE#         141
  C:3B35H         LINE#         142
  C:3B3EH         LINE#         143
  C:3B41H         LINE#         144
  C:3B57H         LINE#         145
  C:3B57H         LINE#         147
  C:3B5AH         LINE#         148
BL51 BANKED LINKER/LOCATER V6.22                                                      06/30/2014  11:40:31  PAGE 78


  C:3B6AH         LINE#         149
  C:3B6EH         LINE#         150
  C:3B77H         LINE#         152
  C:3B7EH         LINE#         153
  C:3B97H         LINE#         154
  C:3BA2H         LINE#         155
  C:3BADH         LINE#         156
  C:3BB4H         LINE#         157
  C:3BB7H         LINE#         158
  C:3BC6H         LINE#         159
  C:3BCDH         LINE#         160
  C:3BD6H         LINE#         161
  C:3BD8H         LINE#         162
  C:3BE5H         LINE#         163
  C:3BE5H         LINE#         164
  C:3BE5H         LINE#         165
  C:3BE5H         LINE#         166
  C:3BE5H         LINE#         167
  C:3BE5H         LINE#         168
  C:3BFCH         LINE#         169
  C:3BFEH         LINE#         170
  -------         ENDPROC       PB_INIT
  -------         PROC          PBRESTART
  C:63ABH         LINE#         172
  C:63ABH         LINE#         173
  C:63ABH         LINE#         174
  C:63B5H         LINE#         175
  C:63B7H         LINE#         176
  C:63BAH         LINE#         177
  C:63BCH         LINE#         178
  C:63BCH         LINE#         179
  -------         ENDPROC       PBRESTART
  -------         PROC          PBTARE
  C:6123H         LINE#         181
  C:6123H         LINE#         182
  C:6123H         LINE#         183
  C:612BH         LINE#         184
  C:6132H         LINE#         185
  C:6139H         LINE#         186
  C:6140H         LINE#         187
  C:6149H         LINE#         188
  C:6157H         LINE#         189
  C:615EH         LINE#         190
  C:615EH         LINE#         191
  C:615FH         LINE#         192
  C:6166H         LINE#         193
  C:6166H         LINE#         194
  -------         ENDPROC       PBTARE
  -------         PROC          PBNW_MEASURE
  -------         DO            
  D:0025H         SYMBOL        adcval
  D:0029H         SYMBOL        p_temp
  -------         ENDDO         
  C:5DD6H         LINE#         196
  C:5DD6H         LINE#         197
  C:5DD6H         LINE#         200
  C:5DDEH         LINE#         201
BL51 BANKED LINKER/LOCATER V6.22                                                      06/30/2014  11:40:31  PAGE 79


  C:5DE9H         LINE#         202
  C:5DF2H         LINE#         203
  C:5E07H         LINE#         204
  C:5E1AH         LINE#         205
  C:5E2DH         LINE#         206
  C:5E40H         LINE#         207
  C:5E40H         LINE#         208
  -------         ENDPROC       PBNW_MEASURE
  -------         PROC          DPDATAEXCHANGE
  -------         DO            
  D:0048H         SYMBOL        i
  D:0049H         SYMBOL        error
  D:004AH         SYMBOL        upara16
  D:004CH         SYMBOL        spara16
  D:004EH         SYMBOL        upara32
  D:0052H         SYMBOL        TimeOutCnt
  D:0056H         SYMBOL        ppp
  -------         ENDDO         
  C:0086H         LINE#         209
  C:0086H         LINE#         210
  C:0086H         LINE#         211
  C:0089H         LINE#         214
  C:0091H         LINE#         216
  C:0096H         LINE#         217
  C:009BH         LINE#         218
  C:009BH         LINE#         220
  C:00A0H         LINE#         221
  C:00A9H         LINE#         222
  C:00BEH         LINE#         223
  C:00D1H         LINE#         224
  C:00D9H         LINE#         225
  C:00E2H         LINE#         226
  C:00F7H         LINE#         227
  C:010AH         LINE#         228
  C:0112H         LINE#         229
  C:011BH         LINE#         230
  C:0130H         LINE#         231
  C:0143H         LINE#         232
  C:014BH         LINE#         233
  C:0153H         LINE#         234
  C:015CH         LINE#         235
  C:0171H         LINE#         236
  C:0184H         LINE#         237
  C:018CH         LINE#         238
  C:0195H         LINE#         239
  C:01AAH         LINE#         240
  C:01BDH         LINE#         241
  C:01C5H         LINE#         242
  C:01CDH         LINE#         243
  C:01D6H         LINE#         244
  C:01EBH         LINE#         245
  C:01FEH         LINE#         246
  C:0211H         LINE#         247
  C:0224H         LINE#         248
  C:022DH         LINE#         249
  C:0242H         LINE#         250
  C:0255H         LINE#         251
BL51 BANKED LINKER/LOCATER V6.22                                                      06/30/2014  11:40:31  PAGE 80


  C:0268H         LINE#         252
  C:027BH         LINE#         253
  C:0284H         LINE#         254
  C:0299H         LINE#         255
  C:02ACH         LINE#         256
  C:02BFH         LINE#         257
  C:02D2H         LINE#         258
  C:02DBH         LINE#         259
  C:02F0H         LINE#         260
  C:0303H         LINE#         261
  C:0316H         LINE#         262
  C:0329H         LINE#         265
  C:032EH         LINE#         266
  C:0330H         LINE#         267
  C:033AH         LINE#         268
  C:0341H         LINE#         269
  C:034DH         LINE#         270
  C:0354H         LINE#         271
  C:0360H         LINE#         272
  C:0367H         LINE#         273
  C:0373H         LINE#         274
  C:037AH         LINE#         275
  C:0386H         LINE#         276
  C:038DH         LINE#         278
  C:0396H         LINE#         279
  C:03ABH         LINE#         280
  C:03BEH         LINE#         281
  C:03D1H         LINE#         282
  C:03E4H         LINE#         284
  C:0404H         LINE#         285
  C:0419H         LINE#         286
  C:042CH         LINE#         288
  C:0445H         LINE#         289
  C:0449H         LINE#         290
  C:0452H         LINE#         291
  C:0467H         LINE#         292
  C:047AH         LINE#         298
  C:047AH         LINE#         299
  C:0487H         LINE#         300
  C:04AFH         LINE#         302
  C:04B8H         LINE#         303
  C:04BBH         LINE#         304
  C:04D1H         LINE#         305
  C:04D1H         LINE#         307
  C:04EFH         LINE#         309
  C:04F8H         LINE#         310
  C:04FBH         LINE#         311
  C:0511H         LINE#         312
  C:0511H         LINE#         314
  C:051BH         LINE#         315
  C:052BH         LINE#         316
  C:052FH         LINE#         317
  C:0533H         LINE#         318
  C:0537H         LINE#         319
  C:0539H         LINE#         320
  C:0556H         LINE#         321
  C:056BH         LINE#         322
BL51 BANKED LINKER/LOCATER V6.22                                                      06/30/2014  11:40:31  PAGE 81


  C:056EH         LINE#         323
  C:056EH         LINE#         324
  C:0574H         LINE#         326
  C:0574H         LINE#         327
  C:057BH         LINE#         328
  C:057DH         LINE#         329
  C:057FH         LINE#         330
  C:057FH         LINE#         331
  C:0586H         LINE#         332
  C:0588H         LINE#         333
  C:0588H         LINE#         335
  C:0592H         LINE#         336
  C:059CH         LINE#         337
  C:05A5H         LINE#         338
  C:05BCH         LINE#         339
  C:05D3H         LINE#         340
  C:05F0H         LINE#         341
  C:0614H         LINE#         342
  C:0629H         LINE#         343
  C:0633H         LINE#         344
  C:0644H         LINE#         345
  C:064BH         LINE#         346
  C:064DH         LINE#         347
  C:0654H         LINE#         349
  C:065DH         LINE#         350
  C:0662H         LINE#         351
  C:0673H         LINE#         352
  C:068FH         LINE#         353
  C:0696H         LINE#         354
  C:0698H         LINE#         355
  C:069FH         LINE#         357
  C:06A6H         LINE#         358
  C:06A6H         LINE#         359
  C:06A8H         LINE#         360
  C:06AFH         LINE#         362
  C:06B9H         LINE#         363
  C:06C3H         LINE#         364
  C:06CCH         LINE#         365
  C:06E3H         LINE#         366
  C:06FAH         LINE#         367
  C:0710H         LINE#         368
  C:071AH         LINE#         369
  C:0735H         LINE#         370
  C:0746H         LINE#         371
  C:074DH         LINE#         372
  C:074FH         LINE#         373
  C:0756H         LINE#         374
  C:0762H         LINE#         375
  C:076AH         LINE#         376
  C:077BH         LINE#         377
  C:077BH         LINE#         378
  C:0782H         LINE#         379
  C:0782H         LINE#         380
  C:0784H         LINE#         381
  C:078BH         LINE#         383
  C:0795H         LINE#         384
  C:079FH         LINE#         385
BL51 BANKED LINKER/LOCATER V6.22                                                      06/30/2014  11:40:31  PAGE 82


  C:07A8H         LINE#         386
  C:07BFH         LINE#         387
  C:07D6H         LINE#         388
  C:07EDH         LINE#         389
  C:0804H         LINE#         390
  C:086AH         LINE#         392
  C:086AH         LINE#         393
  C:0878H         LINE#         394
  C:0889H         LINE#         395
  C:0890H         LINE#         396
  C:0892H         LINE#         397
  C:0899H         LINE#         399
  C:08A2H         LINE#         400
  C:08B9H         LINE#         401
  C:08D0H         LINE#         402
  C:08E7H         LINE#         403
  C:08FEH         LINE#         404
  C:0922H         LINE#         405
  C:0930H         LINE#         406
  C:0941H         LINE#         407
  C:0948H         LINE#         408
  C:094AH         LINE#         409
  C:0951H         LINE#         411
  C:095AH         LINE#         412
  C:0971H         LINE#         413
  C:0988H         LINE#         414
  C:099FH         LINE#         415
  C:09B6H         LINE#         416
  C:09DAH         LINE#         417
  C:09E8H         LINE#         418
  C:09F9H         LINE#         419
  C:0A00H         LINE#         420
  C:0A02H         LINE#         421
  C:0A09H         LINE#         422
  C:0A10H         LINE#         423
  C:0A10H         LINE#         424
  C:0A12H         LINE#         425
  C:0A19H         LINE#         427
  C:0A23H         LINE#         428
  C:0A2DH         LINE#         429
  C:0A36H         LINE#         430
  C:0A4DH         LINE#         431
  C:0A64H         LINE#         432
  C:0A7EH         LINE#         433
  C:0AA2H         LINE#         434
  C:0AB7H         LINE#         435
  C:0AC1H         LINE#         436
  C:0AD2H         LINE#         437
  C:0AD9H         LINE#         438
  C:0ADBH         LINE#         439
  C:0AE2H         LINE#         440
  C:0AEBH         LINE#         441
  C:0B02H         LINE#         442
  C:0B19H         LINE#         443
  C:0B33H         LINE#         444
  C:0B3DH         LINE#         445
  C:0B4EH         LINE#         446
BL51 BANKED LINKER/LOCATER V6.22                                                      06/30/2014  11:40:31  PAGE 83


  C:0B55H         LINE#         447
  C:0B57H         LINE#         448
  C:0B5EH         LINE#         449
  C:0B65H         LINE#         450
  C:0B65H         LINE#         451
  C:0B67H         LINE#         452
  C:0B6EH         LINE#         454
  C:0B78H         LINE#         455
  C:0B82H         LINE#         456
  C:0B8FH         LINE#         457
  C:0B97H         LINE#         458
  C:0BA2H         LINE#         459
  C:0BA8H         LINE#         460
  C:0BACH         LINE#         461
  C:0BB3H         LINE#         462
  C:0BB5H         LINE#         463
  C:0BBCH         LINE#         464
  C:0BCDH         LINE#         465
  C:0BCDH         LINE#         466
  C:0BDBH         LINE#         467
  C:0BE0H         LINE#         468
  C:0BF1H         LINE#         469
  C:0BF8H         LINE#         470
  C:0BFAH         LINE#         471
  C:0C01H         LINE#         472
  C:0C08H         LINE#         473
  C:0C08H         LINE#         474
  C:0C0AH         LINE#         475
  C:0C11H         LINE#         477
  C:0C18H         LINE#         478
  C:0C1FH         LINE#         479
  C:0C2BH         LINE#         480
  C:0C33H         LINE#         481
  C:0C38H         LINE#         482
  C:0C49H         LINE#         483
  C:0C49H         LINE#         484
  C:0C50H         LINE#         485
  C:0C50H         LINE#         486
  C:0C52H         LINE#         487
  C:0C59H         LINE#         489
  C:0C63H         LINE#         490
  C:0C6DH         LINE#         491
  C:0C76H         LINE#         492
  C:0C8DH         LINE#         493
  C:0CA4H         LINE#         494
  C:0CB6H         LINE#         495
  C:0CC0H         LINE#         496
  C:0CD1H         LINE#         497
  C:0CD8H         LINE#         498
  C:0CDAH         LINE#         499
  C:0CE1H         LINE#         501
  C:0CEEH         LINE#         502
  C:0CF6H         LINE#         503
  C:0D04H         LINE#         504
  C:0D0AH         LINE#         505
  C:0D0EH         LINE#         506
  C:0D15H         LINE#         507
BL51 BANKED LINKER/LOCATER V6.22                                                      06/30/2014  11:40:31  PAGE 84


  C:0D17H         LINE#         508
  C:0D1EH         LINE#         509
  C:0D2FH         LINE#         510
  C:0D2FH         LINE#         511
  C:0D35H         LINE#         512
  C:0D39H         LINE#         513
  C:0D4AH         LINE#         514
  C:0D51H         LINE#         515
  C:0D53H         LINE#         516
  C:0D5AH         LINE#         517
  C:0D61H         LINE#         518
  C:0D61H         LINE#         519
  C:0D63H         LINE#         520
  C:0D6AH         LINE#         522
  C:0D71H         LINE#         523
  C:0D78H         LINE#         524
  C:0D82H         LINE#         525
  C:0D89H         LINE#         526
  C:0D89H         LINE#         527
  C:0D8BH         LINE#         528
  C:0D92H         LINE#         529
  C:0D92H         LINE#         530
  C:0D94H         LINE#         531
  -------         ENDPROC       DPDATAEXCHANGE
  -------         ENDMOD        TERMINAL

  -------         MODULE        ?C?FPADD
  C:0D9CH         PUBLIC        ?C?FPADD
  C:0D98H         PUBLIC        ?C?FPSUB
  -------         ENDMOD        ?C?FPADD

  -------         MODULE        ?C?FPMUL
  C:0E8DH         PUBLIC        ?C?FPMUL
  -------         ENDMOD        ?C?FPMUL

  -------         MODULE        ?C?FPDIV
  C:0F96H         PUBLIC        ?C?FPDIV
  -------         ENDMOD        ?C?FPDIV

  -------         MODULE        ?C?FCAST
  C:103DH         PUBLIC        ?C?FCASTC
  C:1038H         PUBLIC        ?C?FCASTI
  C:1033H         PUBLIC        ?C?FCASTL
  -------         ENDMOD        ?C?FCAST

  -------         MODULE        ?C?CASTF
  C:1071H         PUBLIC        ?C?CASTF
  -------         ENDMOD        ?C?CASTF

  -------         MODULE        ?C?COPY
  C:11C2H         PUBLIC        ?C?COPY
  -------         ENDMOD        ?C?COPY

  -------         MODULE        ?C?CLDPTR
  C:11E8H         PUBLIC        ?C?CLDPTR
  -------         ENDMOD        ?C?CLDPTR

BL51 BANKED LINKER/LOCATER V6.22                                                      06/30/2014  11:40:31  PAGE 85


  -------         MODULE        ?C?CLDOPTR
  C:1201H         PUBLIC        ?C?CLDOPTR
  -------         ENDMOD        ?C?CLDOPTR

  -------         MODULE        ?C?CSTPTR
  C:122EH         PUBLIC        ?C?CSTPTR
  -------         ENDMOD        ?C?CSTPTR

  -------         MODULE        ?C?UIDIV
  C:1240H         PUBLIC        ?C?UIDIV
  -------         ENDMOD        ?C?UIDIV

  -------         MODULE        ?C?LMUL
  C:1295H         PUBLIC        ?C?LMUL
  -------         ENDMOD        ?C?LMUL

  -------         MODULE        ?C?ULDIV
  C:1320H         PUBLIC        ?C?ULDIV
  -------         ENDMOD        ?C?ULDIV

  -------         MODULE        ?C?SLDIV
  C:6167H         PUBLIC        ?C?SLDIV
  -------         ENDMOD        ?C?SLDIV

  -------         MODULE        ?C?LNEG
  C:13B2H         PUBLIC        ?C?LNEG
  -------         ENDMOD        ?C?LNEG

  -------         MODULE        ?C?SLCMP
  C:13C0H         PUBLIC        ?C?SLCMP
  -------         ENDMOD        ?C?SLCMP

  -------         MODULE        ?C?ULCMP
  C:13D6H         PUBLIC        ?C?ULCMP
  -------         ENDMOD        ?C?ULCMP

  -------         MODULE        ?C?ULSHR
  C:13E7H         PUBLIC        ?C?ULSHR
  -------         ENDMOD        ?C?ULSHR

  -------         MODULE        ?C?LSHL
  C:13FAH         PUBLIC        ?C?LSHL
  -------         ENDMOD        ?C?LSHL

  -------         MODULE        ?C?LSTPTR
  C:140DH         PUBLIC        ?C?LSTPTR
  -------         ENDMOD        ?C?LSTPTR

  -------         MODULE        ?C?LILDIDATA
  C:1430H         PUBLIC        ?C?LILDIDATA
  C:1427H         PUBLIC        ?C?LILDIDATA1
  C:1429H         PUBLIC        ?C?LILDIDATA8
  -------         ENDMOD        ?C?LILDIDATA

  -------         MODULE        ?C?LSTXDATA
  C:1447H         PUBLIC        ?C?LSTXDATA
  -------         ENDMOD        ?C?LSTXDATA
BL51 BANKED LINKER/LOCATER V6.22                                                      06/30/2014  11:40:31  PAGE 86



  -------         MODULE        ?C?LSTKXDATA
  C:1453H         PUBLIC        ?C?LSTKXDATA
  -------         ENDMOD        ?C?LSTKXDATA

  -------         MODULE        ?C?CCASE
  C:1484H         PUBLIC        ?C?CCASE
  -------         ENDMOD        ?C?CCASE

  -------         MODULE        ?C_IBP
  D:0011H         PUBLIC        ?C_IBP
  -------         ENDMOD        ?C_IBP

  -------         MODULE        ?C?LSTIDATA
  C:14AAH         PUBLIC        ?C?LSTIDATA
  -------         ENDMOD        ?C?LSTIDATA

  -------         MODULE        ?C?LSTPDATA
  C:14B6H         PUBLIC        ?C?LSTPDATA
  -------         ENDMOD        ?C?LSTPDATA

*** WARNING L15: MULTIPLE CALL TO SEGMENT
    SEGMENT: ?PR?_PBGETCHAR?TERMINAL
    CALLER1: ?C_C51STARTUP
    CALLER2: ?PR?T3_INT?TIMER

Program Size: data=83.4 xdata=263 code=25586
LINK/LOCATE RUN COMPLETE.  1 WARNING(S),  0 ERROR(S)
