BL51 BANKED LINKER/LOCATER V6.22                                                        03/09/2015  21:51:03  PAGE 1


BL51 BANKED LINKER/LOCATER V6.22, INVOKED BY:
D:\PROGRAM FILES\KEIL\C51\BIN\BL51.EXE .\debug\STARTUP.obj, .\debug\24c04.obj, .\debug\disp.obj, .\debug\key_func.obj, .
>> \debug\main.obj, .\debug\menu_func.obj, .\debug\public.obj, .\debug\timer.obj, .\debug\weighting.obj, .\debug\termina
>> l.obj TO .\debug\2F-0-0010 PRINT (.\debug\2F-0-0010.m51) RAMSIZE (256)


MEMORY MODEL: SMALL WITH FLOATING POINT ARITHMETIC


INPUT MODULES INCLUDED:
  .\debug\STARTUP.obj (?C_STARTUP)
  .\debug\24c04.obj (24C04)
  .\debug\disp.obj (DISP)
  .\debug\key_func.obj (KEY_FUNC)
  .\debug\main.obj (MAIN)
  .\debug\menu_func.obj (MENU_FUNC)
  .\debug\public.obj (PUBLIC)
  .\debug\timer.obj (TIMER)
  .\debug\weighting.obj (WEIGHTING)
  .\debug\terminal.obj (TERMINAL)
  D:\PROGRAM FILES\KEIL\C51\LIB\C51FPS.LIB (?C?FPADD)
  D:\PROGRAM FILES\KEIL\C51\LIB\C51FPS.LIB (?C?FPMUL)
  D:\PROGRAM FILES\KEIL\C51\LIB\C51FPS.LIB (?C?FPDIV)
  D:\PROGRAM FILES\KEIL\C51\LIB\C51FPS.LIB (?C?FCAST)
  D:\PROGRAM FILES\KEIL\C51\LIB\C51FPS.LIB (?C?CASTF)
  D:\PROGRAM FILES\KEIL\C51\LIB\C51FPS.LIB (?C?FPGETOPN)
  D:\PROGRAM FILES\KEIL\C51\LIB\C51S.LIB (?C_INIT)
  D:\PROGRAM FILES\KEIL\C51\LIB\C51S.LIB (?C?COPY)
  D:\PROGRAM FILES\KEIL\C51\LIB\C51S.LIB (?C?CLDPTR)
  D:\PROGRAM FILES\KEIL\C51\LIB\C51S.LIB (?C?CLDOPTR)
  D:\PROGRAM FILES\KEIL\C51\LIB\C51S.LIB (?C?CSTPTR)
  D:\PROGRAM FILES\KEIL\C51\LIB\C51S.LIB (?C?UIDIV)
  D:\PROGRAM FILES\KEIL\C51\LIB\C51S.LIB (?C?LMUL)
  D:\PROGRAM FILES\KEIL\C51\LIB\C51S.LIB (?C?ULDIV)
  D:\PROGRAM FILES\KEIL\C51\LIB\C51S.LIB (?C?SLDIV)
  D:\PROGRAM FILES\KEIL\C51\LIB\C51S.LIB (?C?LNEG)
  D:\PROGRAM FILES\KEIL\C51\LIB\C51S.LIB (?C?SLCMP)
  D:\PROGRAM FILES\KEIL\C51\LIB\C51S.LIB (?C?ULCMP)
  D:\PROGRAM FILES\KEIL\C51\LIB\C51S.LIB (?C?ULSHR)
  D:\PROGRAM FILES\KEIL\C51\LIB\C51S.LIB (?C?LSHL)
  D:\PROGRAM FILES\KEIL\C51\LIB\C51S.LIB (?C?LSTPTR)
  D:\PROGRAM FILES\KEIL\C51\LIB\C51S.LIB (?C?LILDIDATA)
  D:\PROGRAM FILES\KEIL\C51\LIB\C51S.LIB (?C?LSTXDATA)
  D:\PROGRAM FILES\KEIL\C51\LIB\C51S.LIB (?C?LSTKXDATA)
  D:\PROGRAM FILES\KEIL\C51\LIB\C51S.LIB (?C?CCASE)
  D:\PROGRAM FILES\KEIL\C51\LIB\C51S.LIB (?C_IBP)
  D:\PROGRAM FILES\KEIL\C51\LIB\C51S.LIB (?C?LSTIDATA)
  D:\PROGRAM FILES\KEIL\C51\LIB\C51S.LIB (?C?LSTPDATA)


LINK MAP OF MODULE:  .\debug\2F-0-0010 (?C_STARTUP)


            TYPE    BASE      LENGTH    RELOCATION   SEGMENT NAME
            -----------------------------------------------------

            * * * * * * *   D A T A   M E M O R Y   * * * * * * *
            REG     0000H     0008H     ABSOLUTE     "REG BANK 0"
BL51 BANKED LINKER/LOCATER V6.22                                                      03/09/2015  21:51:03  PAGE 2


            DATA    0008H     0006H     UNIT         ?DT?TERMINAL
            DATA    000EH     0003H     UNIT         ?DT?TIMER
            DATA    0011H     0001H     UNIT         ?C?LIB_DATA
                    0012H     000EH                  *** GAP ***
            BIT     0020H.0   0001H.4   UNIT         ?BI?MAIN
            BIT     0021H.4   0000H.3   UNIT         _BIT_GROUP_
            BIT     0021H.7   0000H.2   UNIT         ?BI?MENU_FUNC
            BIT     0022H.1   0000H.2   UNIT         ?BI?TERMINAL
            BIT     0022H.3   0000H.1   UNIT         ?BI?TIMER
                    0022H.4   0000H.4                *** GAP ***
            DATA    0023H     0036H     UNIT         _DATA_GROUP_
            IDATA   0059H     0001H     UNIT         ?STACK

            * * * * * * *  X D A T A   M E M O R Y  * * * * * * *
            XDATA   0000H     0082H     UNIT         ?XD?TERMINAL
            XDATA   0082H     005AH     UNIT         ?XD?MAIN
            XDATA   00DCH     0024H     UNIT         _XDATA_GROUP_
            XDATA   0100H     0005H     UNIT         ?XD?MENU_FUNC
            XDATA   0105H     0002H     UNIT         ?XD?TIMER
                    0107H     0079H                  *** GAP ***
            XDATA   0180H     0004H     ABSOLUTE     

            * * * * * * *   C O D E   M E M O R Y   * * * * * * *
            CODE    0000H     0003H     ABSOLUTE     
            CODE    0003H     0017H     UNIT         ?PR?_T0DELAYMS?TIMER
                    001AH     0001H                  *** GAP ***
            CODE    001BH     0003H     ABSOLUTE     
            CODE    001EH     0053H     UNIT         ?PR?_EEPROM_WRITE?24C04
                    0071H     0002H                  *** GAP ***
            CODE    0073H     0003H     ABSOLUTE     
            CODE    0076H     000CH     UNIT         ?PR?_DISP_SEG?DISP
                    0082H     0001H                  *** GAP ***
            CODE    0083H     0003H     ABSOLUTE     
            CODE    0086H     0CF8H     UNIT         ?PR?DPDATAEXCHANGE?TERMINAL
            CODE    0D7EH     072DH     UNIT         ?C?LIB_CODE
            CODE    14ABH     05A8H     UNIT         ?PR?_DISP_SYMBOL?DISP
            CODE    1A53H     040DH     UNIT         ?PR?GAIN?MENU_FUNC
            CODE    1E60H     03ECH     UNIT         ?PR?READ_ALL?MAIN
            CODE    224CH     0309H     UNIT         ?PR?SPAN_SET?MENU_FUNC
            CODE    2555H     02E4H     UNIT         ?PR?MR_FUNC?MENU_FUNC
            CODE    2839H     028EH     UNIT         ?PR?FUNC_FUNC?MENU_FUNC
            CODE    2AC7H     028DH     UNIT         ?PR?MAIN?MAIN
            CODE    2D54H     0229H     UNIT         ?PR?SP_WEIGHT_ADJ?MENU_FUNC
            CODE    2F7DH     0203H     UNIT         ?PR?DROP_WEIGHT_ADJ?MENU_FUNC
            CODE    3180H     01F5H     UNIT         ?PR?TARE_ZERO_FUNC?MENU_FUNC
            CODE    3375H     01D5H     UNIT         ?PR?SF_WEIGHT_ADJ?MENU_FUNC
            CODE    354AH     01C1H     UNIT         ?PR?RESIDUAL_WEIGHT_ADJ?MENU_FUNC
            CODE    370BH     01B4H     UNIT         ?PR?WEIGHT_CORRECT_VAL_ADJ?MENU_FUNC
            CODE    38BFH     01B0H     UNIT         ?PR?TEST_FUNC?MENU_FUNC
            CODE    3A6FH     0198H     UNIT         ?PR?PB_INIT?TERMINAL
            CODE    3C07H     017AH     UNIT         ?PR?SAVE_ALL?MAIN
            CODE    3D81H     0174H     UNIT         ?PR?FILTER_PARA_ADJ?MENU_FUNC
            CODE    3EF5H     016BH     UNIT         ?PR?DPADDRSET?MENU_FUNC
            CODE    4060H     0152H     UNIT         ?PR?SHUTANDCORRECT?MAIN
            CODE    41B2H     0146H     UNIT         ?PR?ARRIVAL_TIME_ADJ?MENU_FUNC
            CODE    42F8H     0143H     UNIT         ?PR?DM_SP_WEIGHT?MENU_FUNC
            CODE    443BH     0139H     UNIT         ?PR?OL_TRACK_SW_ADJ?MENU_FUNC
BL51 BANKED LINKER/LOCATER V6.22                                                      03/09/2015  21:51:03  PAGE 3


            CODE    4574H     0139H     UNIT         ?PR?CL_CORRECT_SW_ADJ?MENU_FUNC
            CODE    46ADH     0125H     UNIT         ?PR?_?EE_READ?24C04
            CODE    47D2H     0122H     UNIT         ?PR?TARE?MENU_FUNC
            CODE    48F4H     011EH     UNIT         ?PR?_WEIGHT_DISP?DISP
            CODE    4A12H     0118H     UNIT         ?PR?_?EE_WRITE?24C04
            CODE    4B2AH     0114H     UNIT         ?PR?DPSWSET?MENU_FUNC
            CODE    4C3EH     010FH     UNIT         ?PR?COUTER_SW_ADJ?MENU_FUNC
            CODE    4D4DH     0105H     UNIT         ?PR?SF_SWITCH_ADJ?MENU_FUNC
            CODE    4E52H     0103H     UNIT         ?PR?_RUN_DISP?DISP
            CODE    4F55H     00FAH     UNIT         ?PR?_DISP_INT?DISP
            CODE    504FH     00F9H     UNIT         ?PR?TRACK_BAGS_ADJ?MENU_FUNC
            CODE    5148H     00F3H     UNIT         ?PR?FILTER1_FUNC?WEIGHTING
            CODE    523BH     00EEH     UNIT         ?PR?ZEROPOINTDET?MAIN
            CODE    5329H     00E5H     UNIT         ?PR?FILTER1_CLR?WEIGHTING
            CODE    540EH     00D3H     UNIT         ?PR?_UPDATE_SHUT_FB_W?MAIN
            CODE    54E1H     00CDH     UNIT         ?PR?VERDISP?MENU_FUNC
            CODE    55AEH     00B7H     UNIT         ?PR?CAL_FUNC?MENU_FUNC
            CODE    5665H     00B1H     UNIT         ?PR?_GET_ADC?WEIGHTING
            CODE    5716H     00ACH     UNIT         ?PR?NW_SCALE?WEIGHTING
            CODE    57C2H     00ACH     UNIT         ?PR?NW_SCALE_CLR?WEIGHTING
            CODE    586EH     00A4H     UNIT         ?PR?NW_MEASURE_CLR?WEIGHTING
            CODE    5912H     00A0H     UNIT         ?PR?_FILTER2_FUNC?WEIGHTING
            CODE    59B2H     009AH     UNIT         ?C_C51STARTUP
            CODE    5A4CH     0097H     UNIT         ?PR?_GET_KEY?KEY_FUNC
            CODE    5AE3H     0091H     UNIT         ?PR?GET_INPUT?KEY_FUNC
            CODE    5B74H     008AH     UNIT         ?PR?MENU_FUNC?MENU_FUNC
            CODE    5BFEH     0089H     UNIT         ?PR?DPSET?MENU_FUNC
            CODE    5C87H     007BH     UNIT         ?PR?T4_INT?TIMER
            CODE    5D02H     0079H     UNIT         ?PR?T3_INT?TIMER
            CODE    5D7BH     006BH     UNIT         ?PR?PBNW_MEASURE?TERMINAL
            CODE    5DE6H     0066H     UNIT         ?PR?MCU_INIT?MAIN
            CODE    5E4CH     005EH     UNIT         ?PR?GW_MEASURE?WEIGHTING
            CODE    5EAAH     005CH     UNIT         ?CO?DISP
            CODE    5F06H     004CH     UNIT         ?PR?FLASHBOARD_TEST?MENU_FUNC
            CODE    5F52H     004CH     UNIT         ?PR?SIZE_FLOW_TEST?MENU_FUNC
            CODE    5F9EH     004CH     UNIT         ?PR?DISCHARGE_BAG_TEST?MENU_FUNC
            CODE    5FEAH     004CH     UNIT         ?PR?CLAMP_BAG_TEST?MENU_FUNC
            CODE    6036H     004CH     UNIT         ?PR?FILL_MOT_SW_TEST?MENU_FUNC
            CODE    6082H     0046H     UNIT         ?PR?_UART0_INIT?TERMINAL
            CODE    60C8H     0044H     UNIT         ?PR?PBTARE?TERMINAL
            CODE    610CH     0044H     UNIT         ?C?LDIV
            CODE    6150H     003DH     UNIT         ?C_INITSEG
            CODE    618DH     0031H     UNIT         ?PR?PORT_IO_INIT?MAIN
            CODE    61BEH     0025H     UNIT         ?PR?_PBGETCHAR?TERMINAL
            CODE    61E3H     0023H     UNIT         ?PR?_FLASH_DISP?DISP
            CODE    6206H     0023H     UNIT         ?PR?INPUT_TEST?MENU_FUNC
            CODE    6229H     0020H     UNIT         ?PR?SYSCLK_INIT?MAIN
            CODE    6249H     001FH     UNIT         ?PR?TIME3_INIT?TIMER
            CODE    6268H     001FH     UNIT         ?PR?NW_MEASURE?WEIGHTING
            CODE    6287H     001EH     UNIT         ?PR?T1_INT?TIMER
            CODE    62A5H     001EH     UNIT         ?PR?_?UARTPUTCHAR?TERMINAL
            CODE    62C3H     001AH     UNIT         ?PR?_T4_50MS_CL_TRACK?TIMER
            CODE    62DDH     0019H     UNIT         ?PR?_T1_100MS?TIMER
            CODE    62F6H     0015H     UNIT         ?PR?TIME01_INIT?TIMER
            CODE    630BH     0015H     UNIT         ?PR?ADC_INIT?WEIGHTING
            CODE    6320H     0014H     UNIT         ?PR?T0_1MS_LOAD?TIMER
            CODE    6334H     0014H     UNIT         ?PR?PBRESTART?TERMINAL
BL51 BANKED LINKER/LOCATER V6.22                                                      03/09/2015  21:51:03  PAGE 4


            CODE    6348H     0013H     UNIT         ?PR?CLEARDROPCOUNTER?MAIN
            CODE    635BH     0012H     UNIT         ?PR?IIC_INIT?24C04
            CODE    636DH     0012H     UNIT         ?PR?_EEPROM_READ?24C04
            CODE    637FH     0012H     UNIT         ?PR?TIME4_INIT?TIMER
            CODE    6391H     000FH     UNIT         ?PR?OUTPUT_TEST?MENU_FUNC
            CODE    63A0H     000BH     UNIT         ?PR?T1_STOP?TIMER
            CODE    63ABH     000BH     UNIT         ?PR?T0_STOP?TIMER
            CODE    63B6H     0009H     UNIT         ?PR?STOP_WDT?MAIN
            CODE    63BFH     0007H     UNIT         ?CO?MENU_FUNC



OVERLAY MAP OF MODULE:   .\debug\2F-0-0010 (?C_STARTUP)


SEGMENT                                         BIT_GROUP          DATA_GROUP          XDATA_GROUP
  +--> CALLED SEGMENT                        START    LENGTH     START    LENGTH     START    LENGTH
----------------------------------------------------------------------------------------------------
?C_C51STARTUP                                -----    -----      -----    -----      -----    -----
  +--> ?PR?MAIN?MAIN
  +--> ?C_INITSEG

?PR?MAIN?MAIN                                -----    -----      -----    -----      00DCH    0004H
  +--> ?PR?MCU_INIT?MAIN
  +--> ?PR?NW_SCALE?WEIGHTING
  +--> ?PR?_DISP_SYMBOL?DISP
  +--> ?PR?MENU_FUNC?MENU_FUNC
  +--> ?PR?TARE_ZERO_FUNC?MENU_FUNC
  +--> ?PR?PBRESTART?TERMINAL
  +--> ?PR?PBTARE?TERMINAL
  +--> ?PR?PBNW_MEASURE?TERMINAL
  +--> ?PR?DM_SP_WEIGHT?MENU_FUNC
  +--> ?CO?DISP
  +--> ?PR?_DISP_SEG?DISP
  +--> ?PR?_RUN_DISP?DISP
  +--> ?PR?SHUTANDCORRECT?MAIN
  +--> ?PR?ZEROPOINTDET?MAIN

?PR?MCU_INIT?MAIN                            -----    -----      0023H    0002H      -----    -----
  +--> ?PR?STOP_WDT?MAIN
  +--> ?PR?SYSCLK_INIT?MAIN
  +--> ?PR?CLEARDROPCOUNTER?MAIN
  +--> ?PR?PORT_IO_INIT?MAIN
  +--> ?PR?TIME01_INIT?TIMER
  +--> ?PR?IIC_INIT?24C04
  +--> ?PR?ADC_INIT?WEIGHTING
  +--> ?PR?_UART0_INIT?TERMINAL
  +--> ?PR?TIME3_INIT?TIMER
  +--> ?PR?TIME4_INIT?TIMER
  +--> ?PR?_GET_KEY?KEY_FUNC
  +--> ?PR?SAVE_ALL?MAIN
  +--> ?PR?READ_ALL?MAIN
  +--> ?CO?DISP
  +--> ?PR?_DISP_SEG?DISP
  +--> ?PR?NW_SCALE?WEIGHTING

?PR?_UART0_INIT?TERMINAL                     -----    -----      0025H    0001H      -----    -----
BL51 BANKED LINKER/LOCATER V6.22                                                      03/09/2015  21:51:03  PAGE 5



?PR?_GET_KEY?KEY_FUNC                        -----    -----      002BH    0001H      00F3H    0002H
  +--> ?PR?_T0DELAYMS?TIMER

?PR?_T0DELAYMS?TIMER                         -----    -----      -----    -----      -----    -----
  +--> ?PR?T0_1MS_LOAD?TIMER
  +--> ?PR?T0_STOP?TIMER

?PR?SAVE_ALL?MAIN                            -----    -----      0025H    0001H      -----    -----
  +--> ?PR?_EEPROM_WRITE?24C04

?PR?_EEPROM_WRITE?24C04                      -----    -----      002BH    000DH      -----    -----
  +--> ?PR?_?EE_WRITE?24C04
  +--> ?PR?_?EE_READ?24C04

?PR?READ_ALL?MAIN                            -----    -----      0025H    0002H      -----    -----
  +--> ?PR?_EEPROM_READ?24C04
  +--> ?PR?_DISP_SYMBOL?DISP
  +--> ?PR?MENU_FUNC?MENU_FUNC
  +--> ?PR?PB_INIT?TERMINAL
  +--> ?PR?_EEPROM_WRITE?24C04

?PR?_EEPROM_READ?24C04                       -----    -----      0027H    0005H      -----    -----
  +--> ?PR?_?EE_READ?24C04

?PR?_DISP_SYMBOL?DISP                        -----    -----      002FH    0001H      00FAH    0006H
  +--> ?CO?DISP
  +--> ?PR?_DISP_SEG?DISP

?PR?MENU_FUNC?MENU_FUNC                      -----    -----      -----    -----      00E0H    0003H
  +--> ?PR?_GET_KEY?KEY_FUNC
  +--> ?PR?_T1_100MS?TIMER
  +--> ?PR?NW_SCALE?WEIGHTING
  +--> ?PR?_RUN_DISP?DISP
  +--> ?PR?T1_STOP?TIMER
  +--> ?PR?_DISP_SYMBOL?DISP
  +--> ?PR?MR_FUNC?MENU_FUNC

?PR?NW_SCALE?WEIGHTING                       -----    -----      0027H    0004H      -----    -----
  +--> ?PR?NW_MEASURE?WEIGHTING

?PR?NW_MEASURE?WEIGHTING                     -----    -----      -----    -----      -----    -----
  +--> ?PR?GW_MEASURE?WEIGHTING

?PR?GW_MEASURE?WEIGHTING                     -----    -----      002CH    0004H      -----    -----
  +--> ?PR?FILTER1_FUNC?WEIGHTING
  +--> ?PR?_FILTER2_FUNC?WEIGHTING

?PR?FILTER1_FUNC?WEIGHTING                   -----    -----      0030H    0011H      -----    -----
  +--> ?PR?_GET_ADC?WEIGHTING
  +--> ?PR?ADC_INIT?WEIGHTING

?PR?_GET_ADC?WEIGHTING                       -----    -----      0041H    0007H      -----    -----
  +--> ?PR?ADC_INIT?WEIGHTING

?PR?_FILTER2_FUNC?WEIGHTING                  -----    -----      0030H    0004H      -----    -----

BL51 BANKED LINKER/LOCATER V6.22                                                      03/09/2015  21:51:03  PAGE 6


?PR?_RUN_DISP?DISP                           0021H.5  0000H.1    0027H    0004H      00E6H    0007H
  +--> ?PR?_DISP_SYMBOL?DISP
  +--> ?CO?DISP
  +--> ?PR?_DISP_SEG?DISP

?PR?MR_FUNC?MENU_FUNC                        -----    -----      -----    -----      -----    -----
  +--> ?PR?_T1_100MS?TIMER
  +--> ?PR?_GET_KEY?KEY_FUNC
  +--> ?PR?T1_STOP?TIMER
  +--> ?PR?FUNC_FUNC?MENU_FUNC
  +--> ?PR?_DISP_SYMBOL?DISP
  +--> ?PR?CAL_FUNC?MENU_FUNC
  +--> ?PR?TEST_FUNC?MENU_FUNC
  +--> ?PR?DPSET?MENU_FUNC
  +--> ?PR?VERDISP?MENU_FUNC

?PR?FUNC_FUNC?MENU_FUNC                      -----    -----      -----    -----      00E3H    0001H
  +--> ?PR?_T1_100MS?TIMER
  +--> ?PR?_DISP_SYMBOL?DISP
  +--> ?PR?_GET_KEY?KEY_FUNC
  +--> ?PR?T1_STOP?TIMER
  +--> ?PR?SP_WEIGHT_ADJ?MENU_FUNC
  +--> ?PR?FILTER_PARA_ADJ?MENU_FUNC
  +--> ?PR?SF_WEIGHT_ADJ?MENU_FUNC
  +--> ?PR?SF_SWITCH_ADJ?MENU_FUNC
  +--> ?PR?DROP_WEIGHT_ADJ?MENU_FUNC
  +--> ?PR?OL_TRACK_SW_ADJ?MENU_FUNC
  +--> ?PR?TRACK_BAGS_ADJ?MENU_FUNC
  +--> ?PR?RESIDUAL_WEIGHT_ADJ?MENU_FUNC
  +--> ?PR?CL_CORRECT_SW_ADJ?MENU_FUNC
  +--> ?PR?WEIGHT_CORRECT_VAL_ADJ?MENU_FUNC
  +--> ?PR?ARRIVAL_TIME_ADJ?MENU_FUNC
  +--> ?PR?COUTER_SW_ADJ?MENU_FUNC

?PR?SP_WEIGHT_ADJ?MENU_FUNC                  0021H.4  0000H.2    0027H    0002H      00E4H    0002H
  +--> ?PR?T1_STOP?TIMER
  +--> ?PR?_WEIGHT_DISP?DISP
  +--> ?PR?_GET_KEY?KEY_FUNC
  +--> ?PR?_T1_100MS?TIMER
  +--> ?PR?_EEPROM_WRITE?24C04
  +--> ?PR?_DISP_SYMBOL?DISP
  +--> ?PR?_T0DELAYMS?TIMER

?PR?_WEIGHT_DISP?DISP                        0021H.6  0000H.1    002BH    0004H      00F3H    0007H
  +--> ?PR?_DISP_SYMBOL?DISP
  +--> ?CO?DISP
  +--> ?PR?_DISP_SEG?DISP
  +--> ?PR?_T0DELAYMS?TIMER

?PR?FILTER_PARA_ADJ?MENU_FUNC                0021H.4  0000H.2    0027H    0003H      -----    -----
  +--> ?PR?T1_STOP?TIMER
  +--> ?PR?_DISP_INT?DISP
  +--> ?PR?_GET_KEY?KEY_FUNC
  +--> ?PR?_T1_100MS?TIMER
  +--> ?PR?_EEPROM_WRITE?24C04
  +--> ?PR?_DISP_SYMBOL?DISP
  +--> ?PR?_T0DELAYMS?TIMER
BL51 BANKED LINKER/LOCATER V6.22                                                      03/09/2015  21:51:03  PAGE 7



?PR?_DISP_INT?DISP                           -----    -----      002AH    0002H      00E5H    0007H
  +--> ?CO?DISP
  +--> ?PR?_DISP_SEG?DISP
  +--> ?PR?_T0DELAYMS?TIMER

?PR?SF_WEIGHT_ADJ?MENU_FUNC                  0021H.4  0000H.2    0027H    0004H      -----    -----
  +--> ?PR?T1_STOP?TIMER
  +--> ?PR?_WEIGHT_DISP?DISP
  +--> ?PR?_GET_KEY?KEY_FUNC
  +--> ?PR?_T1_100MS?TIMER
  +--> ?PR?_EEPROM_WRITE?24C04
  +--> ?PR?_DISP_SYMBOL?DISP
  +--> ?PR?_T0DELAYMS?TIMER

?PR?SF_SWITCH_ADJ?MENU_FUNC                  0021H.4  0000H.2    0027H    0002H      -----    -----
  +--> ?PR?T1_STOP?TIMER
  +--> ?PR?_DISP_SYMBOL?DISP
  +--> ?PR?_GET_KEY?KEY_FUNC
  +--> ?PR?_T1_100MS?TIMER
  +--> ?PR?_EEPROM_WRITE?24C04
  +--> ?PR?_T0DELAYMS?TIMER

?PR?DROP_WEIGHT_ADJ?MENU_FUNC                0021H.4  0000H.2    0027H    0002H      00E4H    0002H
  +--> ?PR?T1_STOP?TIMER
  +--> ?PR?_WEIGHT_DISP?DISP
  +--> ?PR?_GET_KEY?KEY_FUNC
  +--> ?PR?_T1_100MS?TIMER
  +--> ?PR?_EEPROM_WRITE?24C04
  +--> ?PR?_DISP_SYMBOL?DISP
  +--> ?PR?_T0DELAYMS?TIMER

?PR?OL_TRACK_SW_ADJ?MENU_FUNC                0021H.4  0000H.2    0027H    0002H      -----    -----
  +--> ?PR?T1_STOP?TIMER
  +--> ?PR?_DISP_SYMBOL?DISP
  +--> ?PR?_GET_KEY?KEY_FUNC
  +--> ?PR?_T1_100MS?TIMER
  +--> ?PR?_EEPROM_WRITE?24C04
  +--> ?PR?_T0DELAYMS?TIMER

?PR?TRACK_BAGS_ADJ?MENU_FUNC                 0021H.4  0000H.2    0027H    0002H      -----    -----
  +--> ?PR?T1_STOP?TIMER
  +--> ?PR?_DISP_INT?DISP
  +--> ?PR?_GET_KEY?KEY_FUNC
  +--> ?PR?_T1_100MS?TIMER
  +--> ?PR?_EEPROM_WRITE?24C04
  +--> ?PR?_DISP_SYMBOL?DISP
  +--> ?PR?_T0DELAYMS?TIMER

?PR?RESIDUAL_WEIGHT_ADJ?MENU_FUNC            0021H.4  0000H.2    0027H    0002H      00E4H    0002H
  +--> ?PR?T1_STOP?TIMER
  +--> ?PR?_WEIGHT_DISP?DISP
  +--> ?PR?_GET_KEY?KEY_FUNC
  +--> ?PR?_T1_100MS?TIMER
  +--> ?PR?_EEPROM_WRITE?24C04
  +--> ?PR?_DISP_SYMBOL?DISP
  +--> ?PR?_T0DELAYMS?TIMER
BL51 BANKED LINKER/LOCATER V6.22                                                      03/09/2015  21:51:03  PAGE 8



?PR?CL_CORRECT_SW_ADJ?MENU_FUNC              0021H.4  0000H.2    0027H    0002H      -----    -----
  +--> ?PR?T1_STOP?TIMER
  +--> ?PR?_DISP_SYMBOL?DISP
  +--> ?PR?_GET_KEY?KEY_FUNC
  +--> ?PR?_T1_100MS?TIMER
  +--> ?PR?_EEPROM_WRITE?24C04
  +--> ?PR?_T0DELAYMS?TIMER

?PR?WEIGHT_CORRECT_VAL_ADJ?MENU_FUNC         0021H.4  0000H.2    0027H    0002H      00E4H    0002H
  +--> ?PR?T1_STOP?TIMER
  +--> ?PR?_WEIGHT_DISP?DISP
  +--> ?PR?_GET_KEY?KEY_FUNC
  +--> ?PR?_T1_100MS?TIMER
  +--> ?PR?_EEPROM_WRITE?24C04
  +--> ?PR?_DISP_SYMBOL?DISP
  +--> ?PR?_T0DELAYMS?TIMER

?PR?ARRIVAL_TIME_ADJ?MENU_FUNC               0021H.4  0000H.2    0027H    0002H      00E4H    0001H
  +--> ?PR?T1_STOP?TIMER
  +--> ?PR?_DISP_INT?DISP
  +--> ?PR?_GET_KEY?KEY_FUNC
  +--> ?PR?_T1_100MS?TIMER
  +--> ?PR?_EEPROM_WRITE?24C04
  +--> ?PR?_DISP_SYMBOL?DISP
  +--> ?PR?_T0DELAYMS?TIMER

?PR?COUTER_SW_ADJ?MENU_FUNC                  0021H.4  0000H.2    0027H    0002H      -----    -----
  +--> ?PR?T1_STOP?TIMER
  +--> ?PR?_DISP_SYMBOL?DISP
  +--> ?PR?_GET_KEY?KEY_FUNC
  +--> ?PR?_T1_100MS?TIMER
  +--> ?PR?_EEPROM_WRITE?24C04
  +--> ?PR?_T0DELAYMS?TIMER

?PR?CAL_FUNC?MENU_FUNC                       -----    -----      -----    -----      00E3H    0001H
  +--> ?PR?_T1_100MS?TIMER
  +--> ?PR?_DISP_SYMBOL?DISP
  +--> ?PR?_GET_KEY?KEY_FUNC
  +--> ?PR?T1_STOP?TIMER
  +--> ?PR?SPAN_SET?MENU_FUNC
  +--> ?PR?TARE?MENU_FUNC
  +--> ?PR?GAIN?MENU_FUNC

?PR?SPAN_SET?MENU_FUNC                       0021H.4  0000H.2    0027H    0001H      00E4H    0004H
  +--> ?PR?T1_STOP?TIMER
  +--> ?PR?_WEIGHT_DISP?DISP
  +--> ?PR?_GET_KEY?KEY_FUNC
  +--> ?PR?_T1_100MS?TIMER
  +--> ?PR?_EEPROM_WRITE?24C04
  +--> ?PR?_DISP_SYMBOL?DISP
  +--> ?PR?_T0DELAYMS?TIMER

?PR?TARE?MENU_FUNC                           0021H.4  0000H.1    -----    -----      00E4H    0008H
  +--> ?PR?T1_STOP?TIMER
  +--> ?PR?_GET_KEY?KEY_FUNC
  +--> ?PR?GW_MEASURE?WEIGHTING
BL51 BANKED LINKER/LOCATER V6.22                                                      03/09/2015  21:51:03  PAGE 9


  +--> ?PR?_WEIGHT_DISP?DISP
  +--> ?PR?_T1_100MS?TIMER
  +--> ?PR?NW_SCALE?WEIGHTING
  +--> ?PR?_FLASH_DISP?DISP
  +--> ?PR?_T0DELAYMS?TIMER
  +--> ?PR?_EEPROM_WRITE?24C04
  +--> ?PR?_DISP_SYMBOL?DISP

?PR?_FLASH_DISP?DISP                         -----    -----      0027H    0004H      -----    -----
  +--> ?PR?_DISP_SYMBOL?DISP
  +--> ?PR?_T0DELAYMS?TIMER
  +--> ?PR?_WEIGHT_DISP?DISP

?PR?GAIN?MENU_FUNC                           0021H.4  0000H.1    -----    -----      00E4H    000FH
  +--> ?PR?T1_STOP?TIMER
  +--> ?PR?NW_MEASURE?WEIGHTING
  +--> ?PR?_GET_KEY?KEY_FUNC
  +--> ?PR?_DISP_SYMBOL?DISP
  +--> ?PR?_WEIGHT_DISP?DISP
  +--> ?PR?_T1_100MS?TIMER
  +--> ?PR?_EEPROM_WRITE?24C04
  +--> ?PR?_T0DELAYMS?TIMER

?PR?TEST_FUNC?MENU_FUNC                      -----    -----      -----    -----      00E3H    0001H
  +--> ?PR?_T1_100MS?TIMER
  +--> ?PR?_DISP_SYMBOL?DISP
  +--> ?PR?_GET_KEY?KEY_FUNC
  +--> ?PR?T1_STOP?TIMER
  +--> ?PR?INPUT_TEST?MENU_FUNC
  +--> ?PR?OUTPUT_TEST?MENU_FUNC
  +--> ?PR?FLASHBOARD_TEST?MENU_FUNC
  +--> ?PR?SIZE_FLOW_TEST?MENU_FUNC
  +--> ?PR?DISCHARGE_BAG_TEST?MENU_FUNC
  +--> ?PR?CLAMP_BAG_TEST?MENU_FUNC
  +--> ?PR?FILL_MOT_SW_TEST?MENU_FUNC

?PR?INPUT_TEST?MENU_FUNC                     -----    -----      -----    -----      -----    -----
  +--> ?PR?T1_STOP?TIMER
  +--> ?PR?_GET_KEY?KEY_FUNC
  +--> ?PR?_DISP_SYMBOL?DISP
  +--> ?PR?GET_INPUT?KEY_FUNC

?PR?GET_INPUT?KEY_FUNC                       -----    -----      -----    -----      00E4H    0002H
  +--> ?PR?_T0DELAYMS?TIMER

?PR?OUTPUT_TEST?MENU_FUNC                    -----    -----      -----    -----      -----    -----
  +--> ?PR?_GET_KEY?KEY_FUNC

?PR?FLASHBOARD_TEST?MENU_FUNC                -----    -----      0027H    0001H      -----    -----
  +--> ?PR?_GET_KEY?KEY_FUNC
  +--> ?PR?_DISP_SYMBOL?DISP

?PR?SIZE_FLOW_TEST?MENU_FUNC                 -----    -----      0027H    0001H      -----    -----
  +--> ?PR?_GET_KEY?KEY_FUNC
  +--> ?PR?_DISP_SYMBOL?DISP

?PR?DISCHARGE_BAG_TEST?MENU_FUNC             -----    -----      0027H    0001H      -----    -----
BL51 BANKED LINKER/LOCATER V6.22                                                      03/09/2015  21:51:03  PAGE 10


  +--> ?PR?_GET_KEY?KEY_FUNC
  +--> ?PR?_DISP_SYMBOL?DISP

?PR?CLAMP_BAG_TEST?MENU_FUNC                 -----    -----      0027H    0001H      -----    -----
  +--> ?PR?_GET_KEY?KEY_FUNC
  +--> ?PR?_DISP_SYMBOL?DISP

?PR?FILL_MOT_SW_TEST?MENU_FUNC               -----    -----      0027H    0001H      -----    -----
  +--> ?PR?_GET_KEY?KEY_FUNC
  +--> ?PR?_DISP_SYMBOL?DISP

?PR?DPSET?MENU_FUNC                          -----    -----      -----    -----      00E3H    0001H
  +--> ?PR?_T1_100MS?TIMER
  +--> ?PR?_DISP_SYMBOL?DISP
  +--> ?PR?_GET_KEY?KEY_FUNC
  +--> ?PR?T1_STOP?TIMER
  +--> ?PR?DPADDRSET?MENU_FUNC
  +--> ?PR?DPSWSET?MENU_FUNC

?PR?DPADDRSET?MENU_FUNC                      0021H.4  0000H.2    0027H    0002H      00E4H    0001H
  +--> ?PR?T1_STOP?TIMER
  +--> ?PR?_DISP_INT?DISP
  +--> ?PR?_GET_KEY?KEY_FUNC
  +--> ?PR?_T1_100MS?TIMER
  +--> ?PR?_EEPROM_WRITE?24C04
  +--> ?PR?_DISP_SYMBOL?DISP
  +--> ?PR?PB_INIT?TERMINAL
  +--> ?PR?_T0DELAYMS?TIMER

?PR?PB_INIT?TERMINAL                         0021H.6  0000H.1    0029H    0007H      -----    -----
  +--> ?PR?_?UARTPUTCHAR?TERMINAL
  +--> ?PR?_PBGETCHAR?TERMINAL

?PR?DPSWSET?MENU_FUNC                        0021H.4  0000H.2    0027H    0002H      -----    -----
  +--> ?PR?T1_STOP?TIMER
  +--> ?PR?_DISP_SYMBOL?DISP
  +--> ?PR?_GET_KEY?KEY_FUNC
  +--> ?PR?_T1_100MS?TIMER
  +--> ?PR?_EEPROM_WRITE?24C04
  +--> ?PR?PB_INIT?TERMINAL
  +--> ?PR?_T0DELAYMS?TIMER

?PR?VERDISP?MENU_FUNC                        -----    -----      0027H    0003H      00E3H    0001H
  +--> ?CO?MENU_FUNC
  +--> ?PR?_T1_100MS?TIMER
  +--> ?PR?_GET_KEY?KEY_FUNC
  +--> ?PR?T1_STOP?TIMER
  +--> ?CO?DISP
  +--> ?PR?_DISP_SEG?DISP

?PR?TARE_ZERO_FUNC?MENU_FUNC                 0021H.4  0000H.1    -----    -----      00E0H    000FH
  +--> ?PR?_GET_KEY?KEY_FUNC
  +--> ?PR?_T1_100MS?TIMER
  +--> ?PR?NW_SCALE?WEIGHTING
  +--> ?PR?_WEIGHT_DISP?DISP
  +--> ?PR?T1_STOP?TIMER
  +--> ?PR?GW_MEASURE?WEIGHTING
BL51 BANKED LINKER/LOCATER V6.22                                                      03/09/2015  21:51:03  PAGE 11


  +--> ?PR?_FLASH_DISP?DISP
  +--> ?PR?_EEPROM_WRITE?24C04

?PR?PBRESTART?TERMINAL                       -----    -----      -----    -----      -----    -----
  +--> ?PR?PB_INIT?TERMINAL

?PR?PBTARE?TERMINAL                          -----    -----      -----    -----      -----    -----
  +--> ?PR?GW_MEASURE?WEIGHTING
  +--> ?PR?_EEPROM_WRITE?24C04

?PR?PBNW_MEASURE?TERMINAL                    -----    -----      0025H    0007H      -----    -----
  +--> ?PR?NW_MEASURE?WEIGHTING

?PR?DM_SP_WEIGHT?MENU_FUNC                   0021H.4  0000H.1    -----    -----      00E0H    0006H
  +--> ?PR?_GET_KEY?KEY_FUNC
  +--> ?PR?_RUN_DISP?DISP
  +--> ?PR?_T1_100MS?TIMER
  +--> ?PR?T1_STOP?TIMER
  +--> ?PR?_EEPROM_WRITE?24C04

?PR?SHUTANDCORRECT?MAIN                      -----    -----      0023H    0002H      -----    -----
  +--> ?CO?DISP
  +--> ?PR?_DISP_SEG?DISP
  +--> ?PR?NW_SCALE?WEIGHTING
  +--> ?PR?PBNW_MEASURE?TERMINAL
  +--> ?PR?_T1_100MS?TIMER
  +--> ?PR?_RUN_DISP?DISP
  +--> ?PR?T1_STOP?TIMER
  +--> ?PR?_T4_50MS_CL_TRACK?TIMER
  +--> ?PR?_UPDATE_SHUT_FB_W?MAIN

?PR?_UPDATE_SHUT_FB_W?MAIN                   -----    -----      0025H    0002H      00E0H    0004H

?PR?ZEROPOINTDET?MAIN                        -----    -----      -----    -----      00E0H    0002H
  +--> ?PR?NW_SCALE_CLR?WEIGHTING
  +--> ?PR?_DISP_SYMBOL?DISP
  +--> ?CO?DISP
  +--> ?PR?_DISP_SEG?DISP
  +--> ?PR?_RUN_DISP?DISP

?PR?NW_SCALE_CLR?WEIGHTING                   -----    -----      0023H    0004H      -----    -----
  +--> ?PR?NW_MEASURE_CLR?WEIGHTING

?PR?NW_MEASURE_CLR?WEIGHTING                 -----    -----      0027H    0004H      -----    -----
  +--> ?PR?FILTER1_CLR?WEIGHTING

?PR?FILTER1_CLR?WEIGHTING                    -----    -----      002BH    0011H      -----    -----
  +--> ?PR?_GET_ADC?WEIGHTING

*** NEW ROOT ***************************************************

?PR?T3_INT?TIMER                             -----    -----      -----    -----      -----    -----
  +--> ?PR?DPDATAEXCHANGE?TERMINAL

?PR?DPDATAEXCHANGE?TERMINAL                  -----    -----      0048H    0011H      -----    -----
  +--> ?PR?_?UARTPUTCHAR?TERMINAL
  +--> ?PR?_PBGETCHAR?TERMINAL
BL51 BANKED LINKER/LOCATER V6.22                                                      03/09/2015  21:51:03  PAGE 12


  +--> ?PR?_?EE_WRITE?24C04



SYMBOL TABLE OF MODULE:  .\debug\2F-0-0010 (?C_STARTUP)

  VALUE           TYPE          NAME
  ----------------------------------

  -------         MODULE        ?C_STARTUP
  C:59B2H         SEGMENT       ?C_C51STARTUP
  I:0059H         SEGMENT       ?STACK
  C:0000H         PUBLIC        ?C_STARTUP
  D:00E0H         SYMBOL        ACC
  D:00F0H         SYMBOL        B
  D:0083H         SYMBOL        DPH
  D:0082H         SYMBOL        DPL
  N:0000H         SYMBOL        IBPSTACK
  N:0100H         SYMBOL        IBPSTACKTOP
  N:0080H         SYMBOL        IDATALEN
  C:59B5H         SYMBOL        IDATALOOP
  N:0000H         SYMBOL        PBPSTACK
  N:0000H         SYMBOL        PBPSTACKTOP
  N:0000H         SYMBOL        PDATALEN
  N:0000H         SYMBOL        PDATASTART
  N:0000H         SYMBOL        PPAGE
  N:0000H         SYMBOL        PPAGEENABLE
  D:00A0H         SYMBOL        PPAGE_SFR
  D:0081H         SYMBOL        SP
  C:59B2H         SYMBOL        STARTUP1
  N:0000H         SYMBOL        XBPSTACK
  N:0000H         SYMBOL        XBPSTACKTOP
  N:00FFH         SYMBOL        XDATALEN
  C:59C0H         SYMBOL        XDATALOOP
  N:0000H         SYMBOL        XDATASTART
  C:0000H         LINE#         92
  C:59B2H         LINE#         99
  C:59B4H         LINE#         100
  C:59B5H         LINE#         101
  C:59B6H         LINE#         102
  C:59B8H         LINE#         106
  C:59BBH         LINE#         107
  C:59BDH         LINE#         109
  C:59BFH         LINE#         113
  C:59C0H         LINE#         114
  C:59C1H         LINE#         115
  C:59C2H         LINE#         116
  C:59C4H         LINE#         117
  C:59C6H         LINE#         151
  C:59C9H         LINE#         155
  -------         ENDMOD        ?C_STARTUP

  -------         MODULE        24C04
  C:0000H         SYMBOL        _ICE_DUMMY_
  D:0080H         PUBLIC        P0
  D:0090H         PUBLIC        P1
  B:00C0H.2       PUBLIC        AA
BL51 BANKED LINKER/LOCATER V6.22                                                      03/09/2015  21:51:03  PAGE 13


  D:00A0H         PUBLIC        P2
  D:00B0H         PUBLIC        P3
  D:00E6H         PUBLIC        EIE1
  C:636DH         PUBLIC        _eeprom_read
  D:0084H         PUBLIC        SFRPAGE
  B:0080H.4       PUBLIC        EE_WP
  C:001EH         PUBLIC        _eeprom_write
  B:00C0H.3       PUBLIC        SI
  D:00C0H         PUBLIC        SMB0CN
  D:00CFH         PUBLIC        SMB0CR
  C:46ADH         PUBLIC        _?ee_read
  C:635BH         PUBLIC        iic_init
  C:4A12H         PUBLIC        _?ee_write
  B:00C0H.5       PUBLIC        STA
  D:00C2H         PUBLIC        SMB0DAT
  B:00C0H.4       PUBLIC        STO
  D:00C1H         PUBLIC        SMB0STA
  -------         PROC          IIC_INIT
  C:635BH         LINE#         17
  C:635BH         LINE#         18
  C:635BH         LINE#         19
  C:635EH         LINE#         20
  C:6360H         LINE#         21
  C:6363H         LINE#         22
  C:6366H         LINE#         23
  C:6369H         LINE#         24
  C:636CH         LINE#         25
  -------         ENDPROC       IIC_INIT
  -------         PROC          _?EE_READ
  i:0003H         SYMBOL        ptr_data
  i:0006H         SYMBOL        addr
  i:0007H         SYMBOL        cnt
  -------         DO            
  i:0000H         SYMBOL        count
  i:0001H         SYMBOL        i
  -------         ENDDO         
  C:46ADH         LINE#         26
  C:46C9H         LINE#         29
  C:46D0H         LINE#         31
  C:46D2H         LINE#         32
  C:46D4H         LINE#         33
  C:46D6H         LINE#         34
  C:46D8H         LINE#         35
  C:46EAH         LINE#         36
  C:46EDH         LINE#         37
  C:4701H         LINE#         38
  C:4703H         LINE#         39
  C:4708H         LINE#         40
  C:4708H         LINE#         41
  C:4708H         LINE#         42
  C:4730H         LINE#         43
  C:4730H         LINE#         44
  C:4732H         LINE#         45
  C:4737H         LINE#         46
  C:4737H         LINE#         47
  C:473AH         LINE#         48
  C:473CH         LINE#         49
BL51 BANKED LINKER/LOCATER V6.22                                                      03/09/2015  21:51:03  PAGE 14


  C:473FH         LINE#         50
  C:473FH         LINE#         51
  C:4742H         LINE#         52
  C:4744H         LINE#         53
  C:4746H         LINE#         54
  C:4746H         LINE#         55
  C:474EH         LINE#         56
  C:4750H         LINE#         57
  C:4750H         LINE#         58
  C:4752H         LINE#         59
  C:4754H         LINE#         60
  C:4754H         LINE#         61
  C:4760H         LINE#         62
  C:4762H         LINE#         63
  C:4762H         LINE#         64
  C:4774H         LINE#         65
  C:4783H         LINE#         66
  C:4786H         LINE#         67
  C:4794H         LINE#         68
  C:4796H         LINE#         69
  C:4796H         LINE#         70
  C:4798H         LINE#         71
  C:479CH         LINE#         72
  C:479CH         LINE#         73
  C:47AEH         LINE#         74
  C:47B0H         LINE#         75
  C:47B3H         LINE#         76
  C:47B5H         LINE#         77
  C:47B5H         LINE#         78
  C:47B7H         LINE#         79
  C:47BBH         LINE#         80
  C:47BBH         LINE#         81
  C:47BDH         LINE#         82
  C:47C1H         LINE#         83
  C:47C1H         LINE#         84
  C:47C3H         LINE#         85
  C:47C6H         LINE#         86
  C:47C9H         LINE#         87
  C:47CBH         LINE#         88
  -------         ENDPROC       _?EE_READ
  -------         PROC          _?EE_WRITE
  i:0003H         SYMBOL        ptr_data
  i:0006H         SYMBOL        addr
  i:0007H         SYMBOL        cnt
  -------         DO            
  i:0000H         SYMBOL        count
  i:0001H         SYMBOL        i
  -------         ENDDO         
  C:4A12H         LINE#         89
  C:4A2EH         LINE#         92
  C:4A35H         LINE#         94
  C:4A37H         LINE#         95
  C:4A39H         LINE#         96
  C:4A3BH         LINE#         98
  C:4A3DH         LINE#         99
  C:4A5DH         LINE#         100
  C:4A60H         LINE#         101
BL51 BANKED LINKER/LOCATER V6.22                                                      03/09/2015  21:51:03  PAGE 15


  C:4A74H         LINE#         102
  C:4A76H         LINE#         103
  C:4A7BH         LINE#         104
  C:4A7BH         LINE#         105
  C:4A7BH         LINE#         106
  C:4A9AH         LINE#         107
  C:4A9AH         LINE#         108
  C:4A9CH         LINE#         109
  C:4AA1H         LINE#         110
  C:4AA1H         LINE#         111
  C:4AA4H         LINE#         112
  C:4AA6H         LINE#         113
  C:4AA8H         LINE#         114
  C:4AA8H         LINE#         115
  C:4AB0H         LINE#         116
  C:4AB2H         LINE#         117
  C:4AB2H         LINE#         118
  C:4ABDH         LINE#         119
  C:4ABFH         LINE#         120
  C:4AC0H         LINE#         121
  C:4AC2H         LINE#         122
  C:4AC2H         LINE#         123
  C:4AD4H         LINE#         124
  C:4AE3H         LINE#         125
  C:4AE6H         LINE#         126
  C:4AE8H         LINE#         127
  C:4AE8H         LINE#         128
  C:4AEAH         LINE#         129
  C:4AEEH         LINE#         130
  C:4AEEH         LINE#         131
  C:4AF0H         LINE#         132
  C:4AF4H         LINE#         133
  C:4AF4H         LINE#         134
  C:4AF6H         LINE#         135
  C:4AFAH         LINE#         136
  C:4AFAH         LINE#         137
  C:4AFCH         LINE#         138
  C:4B00H         LINE#         139
  C:4B00H         LINE#         140
  C:4B02H         LINE#         141
  C:4B05H         LINE#         142
  C:4B08H         LINE#         144
  C:4B10H         LINE#         145
  C:4B1FH         LINE#         146
  C:4B21H         LINE#         147
  C:4B23H         LINE#         148
  -------         ENDPROC       _?EE_WRITE
  -------         PROC          _EEPROM_READ
  D:0001H         SYMBOL        ptr_data
  D:0005H         SYMBOL        addr
  D:002BH         SYMBOL        cnt
  -------         DO            
  D:0007H         SYMBOL        err
  -------         ENDDO         
  C:636DH         LINE#         157
  C:636DH         LINE#         158
  C:636DH         LINE#         160
BL51 BANKED LINKER/LOCATER V6.22                                                      03/09/2015  21:51:03  PAGE 16


  C:6376H         LINE#         161
  C:637CH         LINE#         162
  C:637EH         LINE#         163
  -------         ENDPROC       _EEPROM_READ
  -------         PROC          _EEPROM_WRITE
  D:002BH         SYMBOL        ptr_data
  D:0004H         SYMBOL        addr
  D:002FH         SYMBOL        cnt
  -------         DO            
  D:0007H         SYMBOL        count
  D:0030H         SYMBOL        test
  -------         ENDDO         
  C:001EH         LINE#         173
  C:0026H         LINE#         174
  C:0026H         LINE#         176
  C:0034H         LINE#         177
  C:0047H         LINE#         178
  C:004EH         LINE#         179
  C:0068H         LINE#         180
  C:006BH         LINE#         181
  C:006EH         LINE#         182
  C:006EH         LINE#         183
  C:006EH         LINE#         184
  C:0070H         LINE#         185
  -------         ENDPROC       _EEPROM_WRITE
  -------         ENDMOD        24C04

  -------         MODULE        DISP
  C:0000H         SYMBOL        _ICE_DUMMY_
  D:0090H         PUBLIC        P1
  D:00A0H         PUBLIC        P2
  D:00B0H         PUBLIC        P3
  D:00E8H         PUBLIC        P6
  D:00F8H         PUBLIC        P7
  D:0084H         PUBLIC        SFRPAGE
  C:48F4H         PUBLIC        _weight_disp
  C:61E3H         PUBLIC        _flash_disp
  C:14ABH         PUBLIC        _disp_symbol
  C:5EFAH         SYMBOL        _?ix1000
  C:5F00H         SYMBOL        _?ix1001
  C:0076H         PUBLIC        _disp_seg
  C:4F55H         PUBLIC        _disp_int
  C:5ED2H         PUBLIC        seg_dot
  C:4E52H         PUBLIC        _run_disp
  C:5EAAH         PUBLIC        seg_sym
  -------         PROC          _DISP_SEG
  D:0007H         SYMBOL        seg_code
  D:0005H         SYMBOL        bit_addr
  C:0076H         LINE#         40
  C:0076H         LINE#         41
  C:0076H         LINE#         42
  C:0079H         LINE#         43
  C:007CH         LINE#         44
  C:007EH         LINE#         45
  C:0081H         LINE#         46
  -------         ENDPROC       _DISP_SEG
  -------         PROC          _RUN_DISP
BL51 BANKED LINKER/LOCATER V6.22                                                      03/09/2015  21:51:03  PAGE 17


  D:0027H         SYMBOL        disp_data
  -------         DO            
  B:0021H.5       SYMBOL        sign_flag
  X:00E6H         SYMBOL        n
  X:00E7H         SYMBOL        disp
  -------         ENDDO         
  C:4E52H         LINE#         53
  C:4E5AH         LINE#         54
  C:4E5AH         LINE#         58
  C:4E6FH         LINE#         59
  C:4E75H         LINE#         61
  C:4E75H         LINE#         62
  C:4E8BH         LINE#         63
  C:4E91H         LINE#         65
  C:4E91H         LINE#         66
  C:4EA1H         LINE#         67
  C:4EA1H         LINE#         68
  C:4EA3H         LINE#         69
  C:4EB6H         LINE#         70
  C:4EB6H         LINE#         71
  C:4EBBH         LINE#         72
  C:4EDBH         LINE#         73
  C:4EF4H         LINE#         74
  C:4EFEH         LINE#         75
  C:4F01H         LINE#         76
  C:4F0AH         LINE#         77
  C:4F0CH         LINE#         78
  C:4F0CH         LINE#         79
  C:4F17H         LINE#         80
  C:4F17H         LINE#         81
  C:4F1DH         LINE#         83
  C:4F1DH         LINE#         84
  C:4F1DH         LINE#         85
  C:4F2BH         LINE#         86
  C:4F38H         LINE#         87
  C:4F46H         LINE#         88
  C:4F54H         LINE#         90
  -------         ENDPROC       _RUN_DISP
  -------         PROC          _WEIGHT_DISP
  D:002BH         SYMBOL        disp_data
  -------         DO            
  B:0021H.6       SYMBOL        sign_flag
  X:00F3H         SYMBOL        n
  X:00F4H         SYMBOL        disp
  -------         ENDDO         
  C:48F4H         LINE#         97
  C:48FCH         LINE#         98
  C:48FCH         LINE#         102
  C:48FFH         LINE#         103
  C:4902H         LINE#         104
  C:4905H         LINE#         105
  C:4915H         LINE#         107
  C:4915H         LINE#         108
  C:4917H         LINE#         109
  C:492AH         LINE#         110
  C:492AH         LINE#         111
  C:492FH         LINE#         112
BL51 BANKED LINKER/LOCATER V6.22                                                      03/09/2015  21:51:03  PAGE 18


  C:492FH         LINE#         113
  C:494FH         LINE#         114
  C:4968H         LINE#         115
  C:4972H         LINE#         116
  C:4975H         LINE#         117
  C:4975H         LINE#         118
  C:497BH         LINE#         119
  C:497BH         LINE#         120
  C:4984H         LINE#         121
  C:498AH         LINE#         122
  C:498AH         LINE#         123
  C:498CH         LINE#         125
  C:498CH         LINE#         126
  C:498FH         LINE#         127
  C:498FH         LINE#         128
  C:4995H         LINE#         129
  C:4995H         LINE#         130
  C:499BH         LINE#         131
  C:499BH         LINE#         132
  C:499EH         LINE#         133
  C:49A1H         LINE#         134
  C:49A3H         LINE#         135
  C:49A9H         LINE#         136
  C:49ABH         LINE#         137
  C:49B1H         LINE#         138
  C:49B3H         LINE#         140
  C:49B3H         LINE#         141
  C:49B9H         LINE#         143
  C:49B9H         LINE#         144
  C:49B9H         LINE#         145
  C:49C7H         LINE#         146
  C:49D4H         LINE#         147
  C:49E2H         LINE#         148
  C:49F0H         LINE#         149
  C:49FEH         LINE#         150
  C:4A0CH         LINE#         151
  C:4A11H         LINE#         153
  -------         ENDPROC       _WEIGHT_DISP
  -------         PROC          _DISP_SYMBOL
  D:002FH         SYMBOL        disp_code
  -------         DO            
  X:00FAH         SYMBOL        disp
  -------         ENDDO         
  C:14ABH         LINE#         159
  C:14ADH         LINE#         160
  C:14ADH         LINE#         161
  C:14C0H         LINE#         162
  C:15BCH         LINE#         163
  C:15BCH         LINE#         164
  C:15BCH         LINE#         165
  C:15C2H         LINE#         166
  C:15C8H         LINE#         167
  C:15CBH         LINE#         168
  C:15CBH         LINE#         169
  C:15D1H         LINE#         170
  C:15D4H         LINE#         171
  C:15D4H         LINE#         172
BL51 BANKED LINKER/LOCATER V6.22                                                      03/09/2015  21:51:03  PAGE 19


  C:15D4H         LINE#         173
  C:15D5H         LINE#         175
  C:15D5H         LINE#         176
  C:15DBH         LINE#         177
  C:15E1H         LINE#         178
  C:15E7H         LINE#         179
  C:15EAH         LINE#         180
  C:15EAH         LINE#         181
  C:15F0H         LINE#         182
  C:15F6H         LINE#         183
  C:15FCH         LINE#         184
  C:15FFH         LINE#         185
  C:15FFH         LINE#         186
  C:1605H         LINE#         187
  C:160BH         LINE#         188
  C:1611H         LINE#         189
  C:1617H         LINE#         190
  C:161AH         LINE#         191
  C:161AH         LINE#         192
  C:1620H         LINE#         193
  C:1626H         LINE#         194
  C:162CH         LINE#         195
  C:1632H         LINE#         196
  C:1635H         LINE#         197
  C:1635H         LINE#         198
  C:163BH         LINE#         199
  C:1641H         LINE#         200
  C:1647H         LINE#         201
  C:164DH         LINE#         202
  C:1653H         LINE#         203
  C:1656H         LINE#         204
  C:1656H         LINE#         205
  C:165CH         LINE#         206
  C:1662H         LINE#         207
  C:1668H         LINE#         208
  C:166BH         LINE#         209
  C:166BH         LINE#         210
  C:1671H         LINE#         211
  C:1677H         LINE#         212
  C:167BH         LINE#         213
  C:1681H         LINE#         214
  C:1684H         LINE#         215
  C:1684H         LINE#         216
  C:168AH         LINE#         217
  C:1690H         LINE#         218
  C:1694H         LINE#         219
  C:1697H         LINE#         220
  C:1697H         LINE#         221
  C:169DH         LINE#         222
  C:16A2H         LINE#         223
  C:16A5H         LINE#         224
  C:16A5H         LINE#         225
  C:16ABH         LINE#         226
  C:16B1H         LINE#         227
  C:16B7H         LINE#         228
  C:16BDH         LINE#         229
  C:16C0H         LINE#         230
BL51 BANKED LINKER/LOCATER V6.22                                                      03/09/2015  21:51:03  PAGE 20


  C:16C0H         LINE#         231
  C:16C6H         LINE#         232
  C:16CCH         LINE#         233
  C:16D2H         LINE#         234
  C:16D8H         LINE#         235
  C:16DBH         LINE#         236
  C:16DBH         LINE#         237
  C:16E1H         LINE#         238
  C:16E6H         LINE#         239
  C:16ECH         LINE#         240
  C:16F2H         LINE#         241
  C:16F5H         LINE#         242
  C:16F5H         LINE#         243
  C:16FBH         LINE#         244
  C:1701H         LINE#         245
  C:1705H         LINE#         246
  C:170BH         LINE#         247
  C:1711H         LINE#         248
  C:1717H         LINE#         249
  C:171AH         LINE#         250
  C:171AH         LINE#         251
  C:1720H         LINE#         252
  C:1726H         LINE#         253
  C:172AH         LINE#         254
  C:1730H         LINE#         255
  C:1736H         LINE#         256
  C:173CH         LINE#         257
  C:173FH         LINE#         258
  C:173FH         LINE#         259
  C:1745H         LINE#         260
  C:174BH         LINE#         261
  C:1751H         LINE#         262
  C:1757H         LINE#         263
  C:175CH         LINE#         264
  C:175FH         LINE#         265
  C:175FH         LINE#         266
  C:1765H         LINE#         267
  C:176AH         LINE#         268
  C:1770H         LINE#         269
  C:1776H         LINE#         270
  C:177CH         LINE#         271
  C:177FH         LINE#         272
  C:177FH         LINE#         273
  C:1785H         LINE#         274
  C:178BH         LINE#         275
  C:1790H         LINE#         276
  C:1796H         LINE#         277
  C:179CH         LINE#         278
  C:17A1H         LINE#         279
  C:17A4H         LINE#         280
  C:17A4H         LINE#         281
  C:17AAH         LINE#         282
  C:17B0H         LINE#         283
  C:17B6H         LINE#         284
  C:17BCH         LINE#         285
  C:17BFH         LINE#         286
  C:17BFH         LINE#         287
BL51 BANKED LINKER/LOCATER V6.22                                                      03/09/2015  21:51:03  PAGE 21


  C:17C5H         LINE#         288
  C:17CBH         LINE#         289
  C:17D1H         LINE#         290
  C:17D7H         LINE#         291
  C:17DAH         LINE#         292
  C:17DAH         LINE#         293
  C:17E0H         LINE#         294
  C:17E6H         LINE#         295
  C:17ECH         LINE#         296
  C:17F2H         LINE#         297
  C:17F5H         LINE#         298
  C:17F5H         LINE#         299
  C:17FBH         LINE#         300
  C:1801H         LINE#         301
  C:1807H         LINE#         302
  C:180DH         LINE#         303
  C:1810H         LINE#         304
  C:1810H         LINE#         305
  C:1816H         LINE#         306
  C:181CH         LINE#         307
  C:1822H         LINE#         308
  C:1828H         LINE#         309
  C:182BH         LINE#         310
  C:182BH         LINE#         311
  C:1831H         LINE#         312
  C:1837H         LINE#         313
  C:183BH         LINE#         314
  C:1841H         LINE#         315
  C:1847H         LINE#         316
  C:184DH         LINE#         317
  C:1850H         LINE#         318
  C:1850H         LINE#         319
  C:1856H         LINE#         320
  C:185CH         LINE#         321
  C:1860H         LINE#         322
  C:1866H         LINE#         323
  C:186CH         LINE#         324
  C:1872H         LINE#         325
  C:1875H         LINE#         326
  C:1875H         LINE#         327
  C:187BH         LINE#         328
  C:1881H         LINE#         329
  C:1885H         LINE#         330
  C:188BH         LINE#         331
  C:1891H         LINE#         332
  C:1897H         LINE#         333
  C:189AH         LINE#         334
  C:189AH         LINE#         335
  C:18A0H         LINE#         336
  C:18A6H         LINE#         337
  C:18AAH         LINE#         338
  C:18B0H         LINE#         339
  C:18B6H         LINE#         340
  C:18BCH         LINE#         341
  C:18BFH         LINE#         342
  C:18BFH         LINE#         343
  C:18C5H         LINE#         344
BL51 BANKED LINKER/LOCATER V6.22                                                      03/09/2015  21:51:03  PAGE 22


  C:18CBH         LINE#         345
  C:18CFH         LINE#         346
  C:18D5H         LINE#         347
  C:18DBH         LINE#         348
  C:18E1H         LINE#         349
  C:18E4H         LINE#         350
  C:18E4H         LINE#         351
  C:18E4H         LINE#         352
  C:18E4H         LINE#         353
  C:18E4H         LINE#         354
  C:18E4H         LINE#         355
  C:18E4H         LINE#         356
  C:18E4H         LINE#         357
  C:18E4H         LINE#         358
  C:18E4H         LINE#         359
  C:18E4H         LINE#         360
  C:18E4H         LINE#         361
  C:18E4H         LINE#         362
  C:18E4H         LINE#         363
  C:18E4H         LINE#         364
  C:18E4H         LINE#         365
  C:18E4H         LINE#         366
  C:18FCH         LINE#         367
  C:190AH         LINE#         368
  C:190EH         LINE#         369
  C:1912H         LINE#         370
  C:1914H         LINE#         371
  C:1918H         LINE#         372
  C:191BH         LINE#         373
  C:191BH         LINE#         374
  C:191BH         LINE#         375
  C:191BH         LINE#         376
  C:191BH         LINE#         377
  C:191BH         LINE#         378
  C:191BH         LINE#         379
  C:191BH         LINE#         380
  C:191BH         LINE#         381
  C:191BH         LINE#         382
  C:191BH         LINE#         383
  C:191BH         LINE#         384
  C:191BH         LINE#         385
  C:1933H         LINE#         386
  C:1941H         LINE#         387
  C:1945H         LINE#         388
  C:1947H         LINE#         389
  C:194BH         LINE#         390
  C:194EH         LINE#         391
  C:194EH         LINE#         392
  C:194EH         LINE#         393
  C:1966H         LINE#         394
  C:1974H         LINE#         395
  C:1978H         LINE#         396
  C:197CH         LINE#         397
  C:1980H         LINE#         398
  C:1982H         LINE#         399
  C:1982H         LINE#         400
  C:1982H         LINE#         401
BL51 BANKED LINKER/LOCATER V6.22                                                      03/09/2015  21:51:03  PAGE 23


  C:1982H         LINE#         402
  C:1982H         LINE#         403
  C:1982H         LINE#         404
  C:1982H         LINE#         405
  C:1982H         LINE#         406
  C:1982H         LINE#         407
  C:1982H         LINE#         408
  C:1988H         LINE#         409
  C:198BH         LINE#         410
  C:198FH         LINE#         411
  C:1995H         LINE#         412
  C:1999H         LINE#         413
  C:199BH         LINE#         414
  C:199BH         LINE#         415
  C:199BH         LINE#         416
  C:199BH         LINE#         417
  C:199BH         LINE#         418
  C:199BH         LINE#         419
  C:19A1H         LINE#         420
  C:19A4H         LINE#         421
  C:19A8H         LINE#         422
  C:19AEH         LINE#         423
  C:19B2H         LINE#         424
  C:19B4H         LINE#         425
  C:19B4H         LINE#         426
  C:19B4H         LINE#         427
  C:19B4H         LINE#         428
  C:19B4H         LINE#         429
  C:19B4H         LINE#         430
  C:19BAH         LINE#         431
  C:19BCH         LINE#         432
  C:19C0H         LINE#         433
  C:19C4H         LINE#         434
  C:19CAH         LINE#         435
  C:19CEH         LINE#         436
  C:19D0H         LINE#         437
  C:19D0H         LINE#         438
  C:19D6H         LINE#         439
  C:19D9H         LINE#         440
  C:19DDH         LINE#         441
  C:19E1H         LINE#         442
  C:19E5H         LINE#         443
  C:19E7H         LINE#         444
  C:19E7H         LINE#         445
  C:19EDH         LINE#         446
  C:19F0H         LINE#         447
  C:19F4H         LINE#         448
  C:19F8H         LINE#         449
  C:19FCH         LINE#         450
  C:19FFH         LINE#         451
  C:19FFH         LINE#         452
  C:1A0DH         LINE#         453
  C:1A1AH         LINE#         454
  C:1A28H         LINE#         455
  C:1A36H         LINE#         456
  C:1A44H         LINE#         457
  C:1A52H         LINE#         459
BL51 BANKED LINKER/LOCATER V6.22                                                      03/09/2015  21:51:03  PAGE 24


  -------         ENDPROC       _DISP_SYMBOL
  -------         PROC          _FLASH_DISP
  D:0027H         SYMBOL        disp_data
  C:61E3H         LINE#         465
  C:61EBH         LINE#         466
  C:61EBH         LINE#         467
  C:61F0H         LINE#         468
  C:61F5H         LINE#         469
  C:6200H         LINE#         470
  C:6205H         LINE#         472
  -------         ENDPROC       _FLASH_DISP
  -------         PROC          _DISP_INT
  D:002AH         SYMBOL        disp_data
  -------         DO            
  X:00E5H         SYMBOL        n
  X:00E6H         SYMBOL        disp
  -------         ENDDO         
  C:4F55H         LINE#         478
  C:4F59H         LINE#         479
  C:4F59H         LINE#         480
  C:4F6CH         LINE#         481
  C:4F7BH         LINE#         482
  C:4F7BH         LINE#         483
  C:4F92H         LINE#         484
  C:4FA1H         LINE#         485
  C:4FA9H         LINE#         486
  C:4FB2H         LINE#         487
  C:4FC3H         LINE#         488
  C:4FD4H         LINE#         489
  C:4FE5H         LINE#         490
  C:4FF6H         LINE#         492
  C:5004H         LINE#         493
  C:5011H         LINE#         494
  C:501FH         LINE#         495
  C:502DH         LINE#         496
  C:503BH         LINE#         497
  C:5049H         LINE#         498
  C:504EH         LINE#         500
  -------         ENDPROC       _DISP_INT
  -------         ENDMOD        DISP

  -------         MODULE        KEY_FUNC
  C:0000H         SYMBOL        _ICE_DUMMY_
  D:0090H         PUBLIC        P1
  D:00A0H         PUBLIC        P2
  D:00B0H         PUBLIC        P3
  C:5AE3H         PUBLIC        get_input
  C:5A4CH         PUBLIC        _get_key
  -------         PROC          _GET_KEY
  D:002BH         SYMBOL        chk_val
  -------         DO            
  X:00F3H         SYMBOL        key_value
  X:00F4H         SYMBOL        i
  -------         ENDDO         
  C:5A4CH         LINE#         4
  C:5A4EH         LINE#         5
  C:5A4EH         LINE#         7
BL51 BANKED LINKER/LOCATER V6.22                                                      03/09/2015  21:51:03  PAGE 25


  C:5A53H         LINE#         8
  C:5A53H         LINE#         9
  C:5A5BH         LINE#         10
  C:5A88H         LINE#         11
  C:5A88H         LINE#         12
  C:5A88H         LINE#         13
  C:5A92H         LINE#         14
  C:5A92H         LINE#         15
  C:5A92H         LINE#         16
  C:5A92H         LINE#         17
  C:5A92H         LINE#         18
  C:5A92H         LINE#         19
  C:5A92H         LINE#         20
  C:5A9FH         LINE#         21
  C:5A9FH         LINE#         22
  C:5A9FH         LINE#         23
  C:5AAAH         LINE#         24
  C:5AB1H         LINE#         25
  C:5AB1H         LINE#         26
  C:5AB1H         LINE#         27
  C:5AB1H         LINE#         28
  C:5AB1H         LINE#         29
  C:5AB1H         LINE#         30
  C:5AB1H         LINE#         31
  C:5ABCH         LINE#         32
  C:5ABCH         LINE#         33
  C:5ABCH         LINE#         34
  C:5ABFH         LINE#         35
  C:5ABFH         LINE#         36
  C:5AC4H         LINE#         37
  C:5AD0H         LINE#         38
  C:5AD5H         LINE#         39
  C:5AE0H         LINE#         40
  C:5AE2H         LINE#         41
  -------         ENDPROC       _GET_KEY
  -------         PROC          GET_INPUT
  -------         DO            
  X:00E4H         SYMBOL        key_value
  X:00E5H         SYMBOL        i
  -------         ENDDO         
  C:5AE3H         LINE#         43
  C:5AE3H         LINE#         44
  C:5AE3H         LINE#         46
  C:5AE8H         LINE#         47
  C:5AE8H         LINE#         48
  C:5AEDH         LINE#         49
  C:5AF2H         LINE#         50
  C:5AFEH         LINE#         51
  C:5B08H         LINE#         52
  C:5B0DH         LINE#         53
  C:5B0DH         LINE#         54
  C:5B15H         LINE#         55
  C:5B1AH         LINE#         56
  C:5B26H         LINE#         57
  C:5B2CH         LINE#         58
  C:5B34H         LINE#         59
  C:5B3BH         LINE#         60
BL51 BANKED LINKER/LOCATER V6.22                                                      03/09/2015  21:51:03  PAGE 26


  C:5B46H         LINE#         61
  C:5B4DH         LINE#         62
  C:5B58H         LINE#         63
  C:5B5FH         LINE#         64
  C:5B6AH         LINE#         65
  C:5B71H         LINE#         66
  C:5B73H         LINE#         67
  -------         ENDPROC       GET_INPUT
  -------         ENDMOD        KEY_FUNC

  -------         MODULE        MAIN
  C:0000H         SYMBOL        _ICE_DUMMY_
  D:0080H         PUBLIC        P0
  D:0090H         PUBLIC        P1
  D:00FFH         PUBLIC        WDTCN
  D:00A0H         PUBLIC        P2
  D:00B0H         PUBLIC        P3
  D:00C8H         PUBLIC        P4
  D:00D8H         PUBLIC        P5
  B:00A8H.7       PUBLIC        EA
  D:00E8H         PUBLIC        P6
  X:0082H         PUBLIC        A_T_time
  X:0083H         PUBLIC        DpErrCnt
  D:00F8H         PUBLIC        P7
  X:0084H         PUBLIC        arrival_time
  X:0085H         PUBLIC        weight_correct_val
  X:0087H         PUBLIC        disp_cache
  D:0084H         PUBLIC        SFRPAGE
  X:0088H         PUBLIC        weight
  X:009CH         PUBLIC        CommAddr
  D:00A4H         PUBLIC        P0MDOUT
  D:00A5H         PUBLIC        P1MDOUT
  D:00A7H         PUBLIC        P3MDOUT
  D:009CH         PUBLIC        P4MDOUT
  D:009EH         PUBLIC        P6MDOUT
  C:4060H         PUBLIC        ShutAndCorrect
  D:009FH         PUBLIC        P7MDOUT
  B:0020H.0       PUBLIC        DropFlag
  B:0020H.1       PUBLIC        startup_flag
  C:618DH         PUBLIC        Port_IO_Init
  X:009DH         PUBLIC        track_bags
  X:009EH         PUBLIC        tare_weight
  D:00E1H         PUBLIC        XBR0
  B:0020H.2       PUBLIC        ZeroFlag
  D:00E3H         PUBLIC        XBR2
  X:00A2H         PUBLIC        ol_track_sw
  B:0020H.3       PUBLIC        t1_flag
  X:00A3H         PUBLIC        filter_coefficient1
  X:00A4H         PUBLIC        scale_counterweight_val
  X:00A8H         PUBLIC        drop_weight
  C:2AC7H         PUBLIC        main
  B:0020H.4       PUBLIC        flashboard_pulse_flag
  X:00AAH         PUBLIC        adc
  X:00AEH         PUBLIC        DpSwitch
  C:540EH         PUBLIC        _update_shut_fb_w
  B:0020H.5       PUBLIC        disp_flag
  X:00AFH         PUBLIC        zero_scale_value
BL51 BANKED LINKER/LOCATER V6.22                                                      03/09/2015  21:51:03  PAGE 27


  X:00B1H         PUBLIC        w_save_cnt
  C:6229H         PUBLIC        sysclk_init
  C:1E60H         PUBLIC        read_all
  X:00B2H         PUBLIC        WeightOfLast
  X:00B4H         PUBLIC        DispCnt
  B:0020H.6       PUBLIC        discharge_pulse_flag
  X:00B5H         PUBLIC        load_cell_span
  B:0020H.7       PUBLIC        AutoZeroFlag
  X:00B9H         PUBLIC        adc_disp
  D:0097H         PUBLIC        CLKSEL
  D:008AH         PUBLIC        OSCICN
  B:0021H.0       PUBLIC        shut_flag
  X:00BDH         PUBLIC        flashboard_cnt
  X:00BEH         PUBLIC        sf_weight
  X:00C0H         PUBLIC        scale_output_val
  X:00C4H         PUBLIC        shut_fb_w
  X:00C6H         PUBLIC        err_code
  X:00C7H         PUBLIC        residual_weight
  C:3C07H         PUBLIC        save_all
  X:00C9H         PUBLIC        t1_cnt
  C:523BH         PUBLIC        ZeroPointDet
  B:00B0H.1       PUBLIC        FullOut
  X:00CAH         PUBLIC        counter_sw
  X:00CBH         PUBLIC        sf_switch
  X:00CCH         PUBLIC        sp_weight
  D:008CH         PUBLIC        OSCXCN
  B:0021H.1       PUBLIC        discharge_bag_loc_flag
  X:00CEH         PUBLIC        DpErrFlag
  C:5DE6H         PUBLIC        mcu_init
  B:0021H.2       PUBLIC        re_fill_flag
  B:00A0H.0       PUBLIC        zero_loc
  D:00EFH         PUBLIC        RSTSRC
  B:0021H.3       PUBLIC        DpEnFlag
  C:6348H         PUBLIC        ClearDropCounter
  X:00CFH         PUBLIC        shut_cnt
  X:00D0H         PUBLIC        filter_coefficient
  X:00D1H         PUBLIC        cl_correct_sw
  B:00B0H.2       PUBLIC        SizeFlowOut
  X:00D2H         PUBLIC        filter1_out
  X:00D6H         PUBLIC        filter2_out
  C:63B6H         PUBLIC        stop_wdt
  X:00DAH         PUBLIC        sf_weight_adj_val
  X:0180H         PUBLIC        DropCounter
  -------         PROC          MAIN
  -------         DO            
  X:00DCH         SYMBOL        shut_error
  -------         ENDDO         
  C:2AC7H         LINE#         113
  C:2AC7H         LINE#         114
  C:2AC7H         LINE#         115
  C:2ACAH         LINE#         118
  C:2AD1H         LINE#         119
  C:2ADCH         LINE#         121
  C:2AE6H         LINE#         122
  C:2AEBH         LINE#         123
  C:2AF2H         LINE#         124
  C:2AF4H         LINE#         125
BL51 BANKED LINKER/LOCATER V6.22                                                      03/09/2015  21:51:03  PAGE 28


  C:2B05H         LINE#         126
  C:2B0AH         LINE#         127
  C:2B11H         LINE#         128
  C:2B11H         LINE#         129
  C:2B14H         LINE#         130
  C:2B17H         LINE#         134
  C:2B19H         LINE#         135
  C:2B1BH         LINE#         137
  C:2B1BH         LINE#         140
  C:2B21H         LINE#         141
  C:2B27H         LINE#         142
  C:2B2DH         LINE#         143
  C:2B33H         LINE#         144
  C:2B39H         LINE#         145
  C:2B39H         LINE#         146
  C:2B39H         LINE#         147
  C:2B3CH         LINE#         148
  C:2B3FH         LINE#         151
  C:2B42H         LINE#         152
  C:2B45H         LINE#         153
  C:2B48H         LINE#         154
  C:2B51H         LINE#         155
  C:2B51H         LINE#         156
  C:2B61H         LINE#         157
  C:2B61H         LINE#         158
  C:2B74H         LINE#         159
  C:2B7FH         LINE#         160
  C:2B7FH         LINE#         161
  C:2B8AH         LINE#         162
  C:2BBFH         LINE#         163
  C:2BF4H         LINE#         164
  C:2BF7H         LINE#         165
  C:2C0BH         LINE#         166
  C:2C1CH         LINE#         167
  C:2C21H         LINE#         168
  C:2C23H         LINE#         169
  C:2C23H         LINE#         170
  C:2C23H         LINE#         172
  C:2C41H         LINE#         173
  C:2C48H         LINE#         174
  C:2C60H         LINE#         175
  C:2C62H         LINE#         176
  C:2C64H         LINE#         177
  C:2C83H         LINE#         178
  C:2C85H         LINE#         179
  C:2C85H         LINE#         180
  C:2C85H         LINE#         181
  C:2CACH         LINE#         183
  C:2CD9H         LINE#         184
  C:2CF4H         LINE#         185
  C:2CF7H         LINE#         186
  C:2CFAH         LINE#         187
  C:2D17H         LINE#         188
  C:2D1AH         LINE#         189
  C:2D1DH         LINE#         190
  C:2D2FH         LINE#         191
  C:2D31H         LINE#         192
BL51 BANKED LINKER/LOCATER V6.22                                                      03/09/2015  21:51:03  PAGE 29


  C:2D37H         LINE#         193
  C:2D42H         LINE#         194
  C:2D45H         LINE#         195
  C:2D45H         LINE#         196
  C:2D4AH         LINE#         197
  C:2D4AH         LINE#         198
  C:2D4DH         LINE#         199
  C:2D50H         LINE#         200
  -------         ENDPROC       MAIN
  -------         PROC          ZEROPOINTDET
  -------         DO            
  X:00E0H         SYMBOL        czero_scale_value
  -------         ENDDO         
  C:523BH         LINE#         211
  C:523BH         LINE#         212
  C:523BH         LINE#         214
  C:5241H         LINE#         215
  C:524DH         LINE#         216
  C:525CH         LINE#         217
  C:5263H         LINE#         218
  C:526CH         LINE#         219
  C:52A0H         LINE#         220
  C:52AFH         LINE#         221
  C:52D1H         LINE#         222
  C:52F2H         LINE#         223
  C:52F4H         LINE#         224
  C:52F4H         LINE#         225
  C:52FFH         LINE#         226
  C:5310H         LINE#         227
  C:5323H         LINE#         228
  C:5323H         LINE#         229
  C:5325H         LINE#         230
  C:5328H         LINE#         231
  C:5328H         LINE#         232
  -------         ENDPROC       ZEROPOINTDET
  -------         PROC          SHUTANDCORRECT
  -------         DO            
  D:0023H         SYMBOL        DropVal
  -------         ENDDO         
  C:4060H         LINE#         234
  C:4060H         LINE#         235
  C:4060H         LINE#         236
  C:4078H         LINE#         237
  C:407AH         LINE#         238
  C:407CH         LINE#         239
  C:407EH         LINE#         240
  C:4080H         LINE#         241
  C:4085H         LINE#         242
  C:4087H         LINE#         243
  C:4091H         LINE#         244
  C:409CH         LINE#         245
  C:40BAH         LINE#         246
  C:40C3H         LINE#         248
  C:40C6H         LINE#         250
  C:40C9H         LINE#         251
  C:40D4H         LINE#         252
  C:40D9H         LINE#         253
BL51 BANKED LINKER/LOCATER V6.22                                                      03/09/2015  21:51:03  PAGE 30


  C:40DBH         LINE#         254
  C:40DEH         LINE#         255
  C:40E9H         LINE#         256
  C:40FDH         LINE#         257
  C:4111H         LINE#         258
  C:4117H         LINE#         259
  C:4125H         LINE#         260
  C:4127H         LINE#         261
  C:4132H         LINE#         262
  C:413DH         LINE#         263
  C:4151H         LINE#         264
  C:4157H         LINE#         265
  C:415AH         LINE#         266
  C:415CH         LINE#         267
  C:415EH         LINE#         268
  C:415EH         LINE#         269
  C:4161H         LINE#         270
  C:4163H         LINE#         271
  C:4165H         LINE#         272
  C:4168H         LINE#         273
  C:416AH         LINE#         274
  C:4190H         LINE#         276
  C:4192H         LINE#         277
  C:41A2H         LINE#         278
  C:41B1H         LINE#         279
  -------         ENDPROC       SHUTANDCORRECT
  -------         PROC          PORT_IO_INIT
  C:618DH         LINE#         340
  C:618DH         LINE#         341
  C:618DH         LINE#         342
  C:6190H         LINE#         343
  C:6193H         LINE#         344
  C:6196H         LINE#         345
  C:6199H         LINE#         346
  C:619CH         LINE#         347
  C:619FH         LINE#         348
  C:61A2H         LINE#         349
  C:61A5H         LINE#         350
  C:61A8H         LINE#         352
  C:61ABH         LINE#         353
  C:61AEH         LINE#         354
  C:61B1H         LINE#         355
  C:61B4H         LINE#         356
  C:61B7H         LINE#         357
  C:61BAH         LINE#         358
  C:61BDH         LINE#         359
  -------         ENDPROC       PORT_IO_INIT
  -------         PROC          STOP_WDT
  C:63B6H         LINE#         366
  C:63B6H         LINE#         367
  C:63B6H         LINE#         368
  C:63B8H         LINE#         369
  C:63BBH         LINE#         370
  C:63BEH         LINE#         371
  -------         ENDPROC       STOP_WDT
  -------         PROC          SYSCLK_INIT
  -------         DO            
BL51 BANKED LINKER/LOCATER V6.22                                                      03/09/2015  21:51:03  PAGE 31


  D:0006H         SYMBOL        i
  -------         ENDDO         
  C:6229H         LINE#         378
  C:6229H         LINE#         379
  C:6229H         LINE#         381
  C:622CH         LINE#         382
  C:622FH         LINE#         383
  C:623DH         LINE#         384
  C:6242H         LINE#         385
  C:6245H         LINE#         386
  C:6248H         LINE#         388
  -------         ENDPROC       SYSCLK_INIT
  -------         PROC          SAVE_ALL
  -------         DO            
  D:0025H         SYMBOL        Start_1stFlag
  -------         ENDDO         
  C:3C07H         LINE#         389
  C:3C07H         LINE#         390
  C:3C07H         LINE#         391
  C:3C0AH         LINE#         393
  C:3C10H         LINE#         394
  C:3C1EH         LINE#         397
  C:3C24H         LINE#         398
  C:3C30H         LINE#         401
  C:3C36H         LINE#         402
  C:3C44H         LINE#         405
  C:3C4EH         LINE#         406
  C:3C5CH         LINE#         409
  C:3C66H         LINE#         410
  C:3C74H         LINE#         413
  C:3C7EH         LINE#         414
  C:3C8CH         LINE#         417
  C:3C96H         LINE#         418
  C:3CA4H         LINE#         421
  C:3CAAH         LINE#         422
  C:3CB8H         LINE#         425
  C:3CBEH         LINE#         426
  C:3CCCH         LINE#         429
  C:3CD6H         LINE#         430
  C:3CE4H         LINE#         433
  C:3CEBH         LINE#         434
  C:3CF9H         LINE#         437
  C:3D00H         LINE#         438
  C:3D0EH         LINE#         441
  C:3D15H         LINE#         442
  C:3D23H         LINE#         445
  C:3D28H         LINE#         446
  C:3D36H         LINE#         449
  C:3D3CH         LINE#         450
  C:3D4AH         LINE#         453
  C:3D50H         LINE#         454
  C:3D5EH         LINE#         457
  C:3D64H         LINE#         458
  C:3D72H         LINE#         460
  C:3D80H         LINE#         461
  -------         ENDPROC       SAVE_ALL
  -------         PROC          READ_ALL
BL51 BANKED LINKER/LOCATER V6.22                                                      03/09/2015  21:51:03  PAGE 32


  -------         DO            
  D:0025H         SYMBOL        cnt
  D:0026H         SYMBOL        err_temp
  -------         ENDDO         
  C:1E60H         LINE#         462
  C:1E60H         LINE#         463
  C:1E60H         LINE#         466
  C:1E63H         LINE#         470
  C:1E71H         LINE#         472
  C:1E7FH         LINE#         473
  C:1E8CH         LINE#         474
  C:1E91H         LINE#         475
  C:1E94H         LINE#         476
  C:1E96H         LINE#         479
  C:1E99H         LINE#         480
  C:1EA1H         LINE#         481
  C:1EA3H         LINE#         482
  C:1EADH         LINE#         483
  C:1EAFH         LINE#         484
  C:1EB8H         LINE#         485
  C:1EBDH         LINE#         486
  C:1EC0H         LINE#         487
  C:1EC2H         LINE#         490
  C:1EC4H         LINE#         493
  C:1ED2H         LINE#         495
  C:1EDBH         LINE#         496
  C:1EDEH         LINE#         497
  C:1EECH         LINE#         498
  C:1EECH         LINE#         499
  C:1F08H         LINE#         502
  C:1F16H         LINE#         504
  C:1F34H         LINE#         505
  C:1F39H         LINE#         506
  C:1F3CH         LINE#         507
  C:1F3EH         LINE#         510
  C:1F4CH         LINE#         512
  C:1FE8H         LINE#         514
  C:1FE8H         LINE#         515
  C:1FEDH         LINE#         516
  C:1FF0H         LINE#         517
  C:1FF3H         LINE#         520
  C:2001H         LINE#         521
  C:2034H         LINE#         522
  C:2039H         LINE#         523
  C:203CH         LINE#         524
  C:203EH         LINE#         527
  C:204CH         LINE#         528
  C:207FH         LINE#         529
  C:2084H         LINE#         530
  C:2087H         LINE#         531
  C:2089H         LINE#         534
  C:2097H         LINE#         535
  C:20A3H         LINE#         536
  C:20A9H         LINE#         537
  C:20B7H         LINE#         538
  C:20B7H         LINE#         541
  C:20C5H         LINE#         548
BL51 BANKED LINKER/LOCATER V6.22                                                      03/09/2015  21:51:03  PAGE 33


  C:20D3H         LINE#         551
  C:20E1H         LINE#         552
  C:20FAH         LINE#         553
  C:20FFH         LINE#         554
  C:2102H         LINE#         555
  C:2104H         LINE#         558
  C:2112H         LINE#         559
  C:212FH         LINE#         560
  C:2134H         LINE#         561
  C:2137H         LINE#         562
  C:2139H         LINE#         566
  C:2147H         LINE#         567
  C:2164H         LINE#         568
  C:2169H         LINE#         569
  C:216CH         LINE#         570
  C:216EH         LINE#         573
  C:217CH         LINE#         574
  C:218BH         LINE#         575
  C:2190H         LINE#         576
  C:2193H         LINE#         578
  C:2195H         LINE#         581
  C:21A3H         LINE#         583
  C:21B1H         LINE#         586
  C:21BFH         LINE#         588
  C:21CDH         LINE#         589
  C:21D3H         LINE#         590
  C:21D7H         LINE#         591
  C:21DCH         LINE#         592
  C:21DCH         LINE#         594
  C:21EAH         LINE#         596
  C:2206H         LINE#         597
  C:221BH         LINE#         599
  C:224BH         LINE#         600
  -------         ENDPROC       READ_ALL
  -------         PROC          CLEARDROPCOUNTER
  C:6348H         LINE#         602
  C:6348H         LINE#         603
  C:6348H         LINE#         604
  C:634BH         LINE#         605
  C:635AH         LINE#         607
  -------         ENDPROC       CLEARDROPCOUNTER
  -------         PROC          MCU_INIT
  -------         DO            
  D:0023H         SYMBOL        led_test
  D:0024H         SYMBOL        cnt
  -------         ENDDO         
  C:5DE6H         LINE#         614
  C:5DE6H         LINE#         615
  C:5DE6H         LINE#         617
  C:5DE9H         LINE#         618
  C:5DECH         LINE#         619
  C:5DEFH         LINE#         620
  C:5DF2H         LINE#         621
  C:5DF5H         LINE#         622
  C:5DF8H         LINE#         623
  C:5DFBH         LINE#         624
  C:5E06H         LINE#         625
BL51 BANKED LINKER/LOCATER V6.22                                                      03/09/2015  21:51:03  PAGE 34


  C:5E09H         LINE#         626
  C:5E0CH         LINE#         627
  C:5E14H         LINE#         628
  C:5E17H         LINE#         629
  C:5E19H         LINE#         630
  C:5E19H         LINE#         631
  C:5E1CH         LINE#         632
  C:5E1CH         LINE#         633
  C:5E1FH         LINE#         634
  C:5E2BH         LINE#         635
  C:5E32H         LINE#         636
  C:5E40H         LINE#         638
  C:5E49H         LINE#         639
  C:5E4BH         LINE#         640
  -------         ENDPROC       MCU_INIT
  -------         PROC          _UPDATE_SHUT_FB_W
  D:0025H         SYMBOL        bags
  -------         DO            
  D:0026H         SYMBOL        cnt
  X:00E0H         SYMBOL        sum
  -------         ENDDO         
  C:540EH         LINE#         647
  C:5410H         LINE#         648
  C:5410H         LINE#         650
  C:541AH         LINE#         651
  C:545DH         LINE#         652
  C:5480H         LINE#         653
  C:54C5H         LINE#         654
  C:54E0H         LINE#         655
  -------         ENDPROC       _UPDATE_SHUT_FB_W
  -------         ENDMOD        MAIN

  -------         MODULE        MENU_FUNC
  C:0000H         SYMBOL        _ICE_DUMMY_
  D:0080H         PUBLIC        P0
  D:0090H         PUBLIC        P1
  D:00A0H         PUBLIC        P2
  C:42F8H         PUBLIC        dm_sp_weight
  D:00B0H         PUBLIC        P3
  C:4574H         PUBLIC        cl_correct_sw_adj
  D:00E6H         PUBLIC        EIE1
  D:00E7H         PUBLIC        EIE2
  D:00A8H         PUBLIC        IE
  C:41B2H         PUBLIC        arrival_time_adj
  C:370BH         PUBLIC        weight_correct_val_adj
  C:1A53H         PUBLIC        gain
  C:3D81H         PUBLIC        filter_para_adj
  B:00B0H.4       PUBLIC        flashboard_sw_out
  C:504FH         PUBLIC        track_bags_adj
  C:4B2AH         PUBLIC        DpSwSet
  C:47D2H         PUBLIC        tare
  C:443BH         PUBLIC        ol_track_sw_adj
  C:2F7DH         PUBLIC        drop_weight_adj
  B:0021H.7       PUBLIC        exit_flag
  C:2839H         PUBLIC        func_func
  C:5FEAH         PUBLIC        clamp_bag_test
  C:5F06H         PUBLIC        flashboard_test
BL51 BANKED LINKER/LOCATER V6.22                                                      03/09/2015  21:51:03  PAGE 35


  C:55AEH         PUBLIC        cal_func
  C:54E1H         PUBLIC        VerDisp
  B:00B0H.3       PUBLIC        discharge_bag_sw_out
  C:5B74H         PUBLIC        menu_func
  C:6036H         PUBLIC        fill_mot_sw_test
  B:0022H.0       PUBLIC        t1_sta_flag
  B:00B0H.1       PUBLIC        cyl_sw_out
  C:38BFH         PUBLIC        test_func
  C:6206H         PUBLIC        input_test
  C:3375H         PUBLIC        sf_weight_adj
[...]


  C:61E2H         LINE#         98
  -------         ENDPROC       _PBGETCHAR
  -------         PROC          PB_INIT
  -------         DO            
  B:0021H.6       SYMBOL        pbinit_flag
  D:0029H         SYMBOL        TimeOutCnt
  D:002DH         SYMBOL        i
  D:002EH         SYMBOL        x
  D:002FH         SYMBOL        cnt
  -------         ENDDO         
  C:3A6FH         LINE#         99
  C:3A6FH         LINE#         100
  C:3A6FH         LINE#         101
  C:3A71H         LINE#         102
  C:3A7AH         LINE#         103
  C:3A7CH         LINE#         106
  C:3A7FH         LINE#         107
  C:3A81H         LINE#         108
  C:3A84H         LINE#         109
  C:3A8CH         LINE#         110
  C:3A90H         LINE#         111
  C:3A94H         LINE#         112
  C:3A98H         LINE#         113
  C:3A9CH         LINE#         114
  C:3AA0H         LINE#         115
  C:3AA4H         LINE#         116
  C:3AA8H         LINE#         117
  C:3AACH         LINE#         118
  C:3AB0H         LINE#         119
  C:3AB4H         LINE#         120
  C:3ABAH         LINE#         121
  C:3ABEH         LINE#         122
  C:3AC2H         LINE#         125
  C:3AC7H         LINE#         126
  C:3AE3H         LINE#         128
  C:3AE3H         LINE#         129
  C:3AE5H         LINE#         130
  C:3AF0H         LINE#         131
  C:3AFDH         LINE#         132
  C:3AFFH         LINE#         133
  C:3B08H         LINE#         134
  C:3B0BH         LINE#         135
  C:3B21H         LINE#         136
  C:3B21H         LINE#         137
  C:3B3DH         LINE#         138
  C:3B46H         LINE#         139
  C:3B49H         LINE#         140
  C:3B5FH         LINE#         141
  C:3B5FH         LINE#         143
  C:3B62H         LINE#         144
  C:3B72H         LINE#         145
  C:3B76H         LINE#         146
  C:3B7FH         LINE#         148
  C:3B86H         LINE#         149
  C:3B9FH         LINE#         150
  C:3BAAH         LINE#         151
  C:3BB5H         LINE#         152
BL51 BANKED LINKER/LOCATER V6.22                                                      03/09/2015  21:51:03  PAGE 78


  C:3BBCH         LINE#         153
  C:3BBFH         LINE#         154
  C:3BCEH         LINE#         155
  C:3BD5H         LINE#         156
  C:3BDEH         LINE#         157
  C:3BE0H         LINE#         158
  C:3BEDH         LINE#         159
  C:3BEDH         LINE#         160
  C:3BEDH         LINE#         161
  C:3BEDH         LINE#         162
  C:3BEDH         LINE#         163
  C:3BEDH         LINE#         164
  C:3C04H         LINE#         165
  C:3C06H         LINE#         166
  -------         ENDPROC       PB_INIT
  -------         PROC          PBRESTART
  -------         DO            
  D:0007H         SYMBOL        PbRerr
  -------         ENDDO         
  C:6334H         LINE#         168
  C:6334H         LINE#         169
  C:6334H         LINE#         170
  C:6336H         LINE#         171
  C:6340H         LINE#         172
  C:6342H         LINE#         173
  C:6345H         LINE#         174
  C:6347H         LINE#         175
  C:6347H         LINE#         176
  C:6347H         LINE#         177
  -------         ENDPROC       PBRESTART
  -------         PROC          PBTARE
  C:60C8H         LINE#         179
  C:60C8H         LINE#         180
  C:60C8H         LINE#         181
  C:60D0H         LINE#         182
  C:60D7H         LINE#         183
  C:60DEH         LINE#         184
  C:60E5H         LINE#         185
  C:60EEH         LINE#         186
  C:60FCH         LINE#         187
  C:6103H         LINE#         188
  C:6103H         LINE#         189
  C:6104H         LINE#         190
  C:610BH         LINE#         191
  C:610BH         LINE#         192
  -------         ENDPROC       PBTARE
  -------         PROC          PBNW_MEASURE
  -------         DO            
  D:0025H         SYMBOL        adcval
  D:0029H         SYMBOL        p_temp
  -------         ENDDO         
  C:5D7BH         LINE#         194
  C:5D7BH         LINE#         195
  C:5D7BH         LINE#         198
  C:5D83H         LINE#         199
  C:5D8EH         LINE#         200
  C:5D97H         LINE#         201
BL51 BANKED LINKER/LOCATER V6.22                                                      03/09/2015  21:51:03  PAGE 79


  C:5DACH         LINE#         202
  C:5DBFH         LINE#         203
  C:5DD2H         LINE#         204
  C:5DE5H         LINE#         205
  C:5DE5H         LINE#         206
  -------         ENDPROC       PBNW_MEASURE
  -------         PROC          DPDATAEXCHANGE
  -------         DO            
  D:0048H         SYMBOL        i
  D:0049H         SYMBOL        error
  D:004AH         SYMBOL        upara16
  D:004CH         SYMBOL        spara16
  D:004EH         SYMBOL        upara32
  D:0052H         SYMBOL        TimeOutCnt
  D:0056H         SYMBOL        ppp
  -------         ENDDO         
  C:0086H         LINE#         207
  C:0086H         LINE#         208
  C:0086H         LINE#         209
  C:0089H         LINE#         212
  C:0091H         LINE#         214
  C:0096H         LINE#         215
  C:009BH         LINE#         216
  C:009BH         LINE#         218
  C:00A0H         LINE#         219
  C:00A9H         LINE#         220
  C:00BEH         LINE#         221
  C:00D1H         LINE#         222
  C:00D9H         LINE#         223
  C:00E2H         LINE#         224
  C:00F7H         LINE#         225
  C:010AH         LINE#         226
  C:0112H         LINE#         227
  C:011BH         LINE#         228
  C:0130H         LINE#         229
  C:0143H         LINE#         230
  C:014BH         LINE#         231
  C:0153H         LINE#         232
  C:015CH         LINE#         233
  C:0171H         LINE#         234
  C:0184H         LINE#         235
  C:018CH         LINE#         236
  C:0195H         LINE#         237
  C:01AAH         LINE#         238
  C:01BDH         LINE#         239
  C:01C5H         LINE#         240
  C:01CDH         LINE#         241
  C:01D6H         LINE#         242
  C:01EBH         LINE#         243
  C:01FEH         LINE#         244
  C:0211H         LINE#         245
  C:0224H         LINE#         246
  C:022DH         LINE#         247
  C:0242H         LINE#         248
  C:0255H         LINE#         249
  C:0268H         LINE#         250
  C:027BH         LINE#         251
BL51 BANKED LINKER/LOCATER V6.22                                                      03/09/2015  21:51:03  PAGE 80


  C:0284H         LINE#         252
  C:0299H         LINE#         253
  C:02ACH         LINE#         254
  C:02BFH         LINE#         255
  C:02D2H         LINE#         256
  C:02DBH         LINE#         257
  C:02F0H         LINE#         258
  C:0303H         LINE#         259
  C:0316H         LINE#         260
  C:0329H         LINE#         263
  C:032EH         LINE#         264
  C:0330H         LINE#         265
  C:033AH         LINE#         266
  C:0341H         LINE#         267
  C:034DH         LINE#         268
  C:0354H         LINE#         269
  C:0360H         LINE#         270
  C:0367H         LINE#         271
  C:0373H         LINE#         272
  C:037AH         LINE#         273
  C:0386H         LINE#         274
  C:038DH         LINE#         276
  C:0396H         LINE#         277
  C:03ABH         LINE#         278
  C:03BEH         LINE#         279
  C:03D1H         LINE#         280
  C:03E4H         LINE#         282
  C:03EDH         LINE#         283
  C:0402H         LINE#         284
  C:0415H         LINE#         286
  C:042EH         LINE#         287
  C:0432H         LINE#         288
  C:043BH         LINE#         289
  C:0450H         LINE#         290
  C:0463H         LINE#         296
  C:0463H         LINE#         297
  C:0470H         LINE#         298
  C:0498H         LINE#         300
  C:04A1H         LINE#         301
  C:04A4H         LINE#         302
  C:04BAH         LINE#         303
  C:04BAH         LINE#         305
  C:04D8H         LINE#         307
  C:04E1H         LINE#         308
  C:04E4H         LINE#         309
  C:04FAH         LINE#         310
  C:04FAH         LINE#         312
  C:0504H         LINE#         313
  C:0514H         LINE#         314
  C:0518H         LINE#         315
  C:051CH         LINE#         316
  C:0520H         LINE#         317
  C:0522H         LINE#         318
  C:053FH         LINE#         319
  C:0554H         LINE#         320
  C:0557H         LINE#         321
  C:0557H         LINE#         322
BL51 BANKED LINKER/LOCATER V6.22                                                      03/09/2015  21:51:03  PAGE 81


  C:055DH         LINE#         324
  C:055DH         LINE#         325
  C:0564H         LINE#         326
  C:0566H         LINE#         327
  C:0568H         LINE#         328
  C:0568H         LINE#         329
  C:056FH         LINE#         330
  C:0571H         LINE#         331
  C:0571H         LINE#         333
  C:057BH         LINE#         334
  C:0585H         LINE#         335
  C:058EH         LINE#         336
  C:05A5H         LINE#         337
  C:05BCH         LINE#         338
  C:05D9H         LINE#         339
  C:05FDH         LINE#         340
  C:0612H         LINE#         341
  C:061CH         LINE#         342
  C:062DH         LINE#         343
  C:0634H         LINE#         344
  C:0636H         LINE#         345
  C:063DH         LINE#         347
  C:0646H         LINE#         348
  C:064BH         LINE#         349
  C:065CH         LINE#         350
  C:0678H         LINE#         351
  C:067FH         LINE#         352
  C:0681H         LINE#         353
  C:0688H         LINE#         355
  C:068FH         LINE#         356
  C:068FH         LINE#         357
  C:0691H         LINE#         358
  C:0698H         LINE#         360
  C:06A2H         LINE#         361
  C:06ACH         LINE#         362
  C:06B5H         LINE#         363
  C:06CCH         LINE#         364
  C:06E3H         LINE#         365
  C:06F9H         LINE#         366
  C:0703H         LINE#         367
  C:071EH         LINE#         368
  C:072FH         LINE#         369
  C:0736H         LINE#         370
  C:0738H         LINE#         371
  C:073FH         LINE#         372
  C:074BH         LINE#         373
  C:0753H         LINE#         374
  C:0764H         LINE#         375
  C:0764H         LINE#         376
  C:076BH         LINE#         377
  C:076BH         LINE#         378
  C:076DH         LINE#         379
  C:0774H         LINE#         381
  C:077EH         LINE#         382
  C:0788H         LINE#         383
  C:0791H         LINE#         384
  C:07A8H         LINE#         385
BL51 BANKED LINKER/LOCATER V6.22                                                      03/09/2015  21:51:03  PAGE 82


  C:07BFH         LINE#         386
  C:07D6H         LINE#         387
  C:07EDH         LINE#         388
  C:0853H         LINE#         390
  C:0853H         LINE#         391
  C:0861H         LINE#         392
  C:0872H         LINE#         393
  C:0879H         LINE#         394
  C:087BH         LINE#         395
  C:0882H         LINE#         397
  C:088BH         LINE#         398
  C:08A2H         LINE#         399
  C:08B9H         LINE#         400
  C:08D0H         LINE#         401
  C:08E7H         LINE#         402
  C:090BH         LINE#         403
  C:0919H         LINE#         404
  C:092AH         LINE#         405
  C:0931H         LINE#         406
  C:0933H         LINE#         407
  C:093AH         LINE#         409
  C:0943H         LINE#         410
  C:095AH         LINE#         411
  C:0971H         LINE#         412
  C:0988H         LINE#         413
  C:099FH         LINE#         414
  C:09C3H         LINE#         415
  C:09D1H         LINE#         416
  C:09E2H         LINE#         417
  C:09E9H         LINE#         418
  C:09EBH         LINE#         419
  C:09F2H         LINE#         420
  C:09F9H         LINE#         421
  C:09F9H         LINE#         422
  C:09FBH         LINE#         423
  C:0A02H         LINE#         425
  C:0A0CH         LINE#         426
  C:0A16H         LINE#         427
  C:0A1FH         LINE#         428
  C:0A36H         LINE#         429
  C:0A4DH         LINE#         430
  C:0A67H         LINE#         431
  C:0A8BH         LINE#         432
  C:0AA0H         LINE#         433
  C:0AAAH         LINE#         434
  C:0ABBH         LINE#         435
  C:0AC2H         LINE#         436
  C:0AC4H         LINE#         437
  C:0ACBH         LINE#         438
  C:0AD4H         LINE#         439
  C:0AEBH         LINE#         440
  C:0B02H         LINE#         441
  C:0B1CH         LINE#         442
  C:0B26H         LINE#         443
  C:0B37H         LINE#         444
  C:0B3EH         LINE#         445
  C:0B40H         LINE#         446
BL51 BANKED LINKER/LOCATER V6.22                                                      03/09/2015  21:51:03  PAGE 83


  C:0B47H         LINE#         447
  C:0B4EH         LINE#         448
  C:0B4EH         LINE#         449
  C:0B50H         LINE#         450
  C:0B57H         LINE#         452
  C:0B61H         LINE#         453
  C:0B6BH         LINE#         454
  C:0B78H         LINE#         455
  C:0B80H         LINE#         456
  C:0B8BH         LINE#         457
  C:0B91H         LINE#         458
  C:0B95H         LINE#         459
  C:0B9CH         LINE#         460
  C:0B9EH         LINE#         461
  C:0BA5H         LINE#         462
  C:0BB6H         LINE#         463
  C:0BB6H         LINE#         464
  C:0BC4H         LINE#         465
  C:0BC9H         LINE#         466
  C:0BDAH         LINE#         467
  C:0BE1H         LINE#         468
  C:0BE3H         LINE#         469
  C:0BEAH         LINE#         470
  C:0BF1H         LINE#         471
  C:0BF1H         LINE#         472
  C:0BF3H         LINE#         473
  C:0BFAH         LINE#         475
  C:0C01H         LINE#         476
  C:0C08H         LINE#         477
  C:0C14H         LINE#         478
  C:0C1CH         LINE#         479
  C:0C21H         LINE#         480
  C:0C32H         LINE#         481
  C:0C32H         LINE#         482
  C:0C39H         LINE#         483
  C:0C39H         LINE#         484
  C:0C3BH         LINE#         485
  C:0C42H         LINE#         487
  C:0C4CH         LINE#         488
  C:0C56H         LINE#         489
  C:0C5FH         LINE#         490
  C:0C76H         LINE#         491
  C:0C8DH         LINE#         492
  C:0C9FH         LINE#         493
  C:0CA9H         LINE#         494
  C:0CBAH         LINE#         495
  C:0CC1H         LINE#         496
  C:0CC3H         LINE#         497
  C:0CCAH         LINE#         499
  C:0CD7H         LINE#         500
  C:0CDFH         LINE#         501
  C:0CEDH         LINE#         502
  C:0CF3H         LINE#         503
  C:0CF7H         LINE#         504
  C:0CFEH         LINE#         505
  C:0D00H         LINE#         506
  C:0D07H         LINE#         507
BL51 BANKED LINKER/LOCATER V6.22                                                      03/09/2015  21:51:03  PAGE 84


  C:0D18H         LINE#         508
  C:0D18H         LINE#         509
  C:0D1EH         LINE#         510
  C:0D22H         LINE#         511
  C:0D33H         LINE#         512
  C:0D3AH         LINE#         513
  C:0D3CH         LINE#         514
  C:0D43H         LINE#         515
  C:0D4AH         LINE#         516
  C:0D4AH         LINE#         517
  C:0D4CH         LINE#         518
  C:0D53H         LINE#         520
  C:0D5AH         LINE#         521
  C:0D61H         LINE#         522
  C:0D6BH         LINE#         523
  C:0D72H         LINE#         524
  C:0D72H         LINE#         525
  C:0D74H         LINE#         526
  C:0D7BH         LINE#         527
  C:0D7BH         LINE#         528
  C:0D7DH         LINE#         529
  -------         ENDPROC       DPDATAEXCHANGE
  -------         ENDMOD        TERMINAL

  -------         MODULE        ?C?FPADD
  C:0D85H         PUBLIC        ?C?FPADD
  C:0D81H         PUBLIC        ?C?FPSUB
  -------         ENDMOD        ?C?FPADD

  -------         MODULE        ?C?FPMUL
  C:0E76H         PUBLIC        ?C?FPMUL
  -------         ENDMOD        ?C?FPMUL

  -------         MODULE        ?C?FPDIV
  C:0F7FH         PUBLIC        ?C?FPDIV
  -------         ENDMOD        ?C?FPDIV

  -------         MODULE        ?C?FCAST
  C:1026H         PUBLIC        ?C?FCASTC
  C:1021H         PUBLIC        ?C?FCASTI
  C:101CH         PUBLIC        ?C?FCASTL
  -------         ENDMOD        ?C?FCAST

  -------         MODULE        ?C?CASTF
  C:105AH         PUBLIC        ?C?CASTF
  -------         ENDMOD        ?C?CASTF

  -------         MODULE        ?C?COPY
  C:11ABH         PUBLIC        ?C?COPY
  -------         ENDMOD        ?C?COPY

  -------         MODULE        ?C?CLDPTR
  C:11D1H         PUBLIC        ?C?CLDPTR
  -------         ENDMOD        ?C?CLDPTR

  -------         MODULE        ?C?CLDOPTR
  C:11EAH         PUBLIC        ?C?CLDOPTR
BL51 BANKED LINKER/LOCATER V6.22                                                      03/09/2015  21:51:03  PAGE 85


  -------         ENDMOD        ?C?CLDOPTR

  -------         MODULE        ?C?CSTPTR
  C:1217H         PUBLIC        ?C?CSTPTR
  -------         ENDMOD        ?C?CSTPTR

  -------         MODULE        ?C?UIDIV
  C:1229H         PUBLIC        ?C?UIDIV
  -------         ENDMOD        ?C?UIDIV

  -------         MODULE        ?C?LMUL
  C:127EH         PUBLIC        ?C?LMUL
  -------         ENDMOD        ?C?LMUL

  -------         MODULE        ?C?ULDIV
  C:1309H         PUBLIC        ?C?ULDIV
  -------         ENDMOD        ?C?ULDIV

  -------         MODULE        ?C?SLDIV
  C:610CH         PUBLIC        ?C?SLDIV
  -------         ENDMOD        ?C?SLDIV

  -------         MODULE        ?C?LNEG
  C:139BH         PUBLIC        ?C?LNEG
  -------         ENDMOD        ?C?LNEG

  -------         MODULE        ?C?SLCMP
  C:13A9H         PUBLIC        ?C?SLCMP
  -------         ENDMOD        ?C?SLCMP

  -------         MODULE        ?C?ULCMP
  C:13BFH         PUBLIC        ?C?ULCMP
  -------         ENDMOD        ?C?ULCMP

  -------         MODULE        ?C?ULSHR
  C:13D0H         PUBLIC        ?C?ULSHR
  -------         ENDMOD        ?C?ULSHR

  -------         MODULE        ?C?LSHL
  C:13E3H         PUBLIC        ?C?LSHL
  -------         ENDMOD        ?C?LSHL

  -------         MODULE        ?C?LSTPTR
  C:13F6H         PUBLIC        ?C?LSTPTR
  -------         ENDMOD        ?C?LSTPTR

  -------         MODULE        ?C?LILDIDATA
  C:1419H         PUBLIC        ?C?LILDIDATA
  C:1410H         PUBLIC        ?C?LILDIDATA1
  C:1412H         PUBLIC        ?C?LILDIDATA8
  -------         ENDMOD        ?C?LILDIDATA

  -------         MODULE        ?C?LSTXDATA
  C:1430H         PUBLIC        ?C?LSTXDATA
  -------         ENDMOD        ?C?LSTXDATA

  -------         MODULE        ?C?LSTKXDATA
BL51 BANKED LINKER/LOCATER V6.22                                                      03/09/2015  21:51:03  PAGE 86


  C:143CH         PUBLIC        ?C?LSTKXDATA
  -------         ENDMOD        ?C?LSTKXDATA

  -------         MODULE        ?C?CCASE
  C:146DH         PUBLIC        ?C?CCASE
  -------         ENDMOD        ?C?CCASE

  -------         MODULE        ?C_IBP
  D:0011H         PUBLIC        ?C_IBP
  -------         ENDMOD        ?C_IBP

  -------         MODULE        ?C?LSTIDATA
  C:1493H         PUBLIC        ?C?LSTIDATA
  -------         ENDMOD        ?C?LSTIDATA

  -------         MODULE        ?C?LSTPDATA
  C:149FH         PUBLIC        ?C?LSTPDATA
  -------         ENDMOD        ?C?LSTPDATA

Program Size: data=75.4 xdata=267 code=25538
LINK/LOCATE RUN COMPLETE.  0 WARNING(S),  0 ERROR(S)
