BL51 BANKED LINKER/LOCATER V6.22                                                        05/20/2015  14:04:13  PAGE 1


BL51 BANKED LINKER/LOCATER V6.22, INVOKED BY:
D:\PROGRAM FILES (X86)\KEIL\C51\BIN\BL51.EXE .\debug\STARTUP.obj, .\debug\24c04.obj, .\debug\disp.obj, .\debug\key_func.
>> obj, .\debug\main.obj, .\debug\menu_func.obj, .\debug\public.obj, .\debug\timer.obj, .\debug\weighting.obj, .\debug\t
>> erminal.obj TO .\debug\2F-0-0016 PRINT (.\debug\2F-0-0016.m51) RAMSIZE (256)


MEMORY MODEL: SMALL WITH FLOATING POINT ARITHMETIC


INPUT MODULES INCLUDED:
  .\debug\STARTUP.obj (?C_STARTUP)
  .\debug\24c04.obj (24C04)
  .\debug\disp.obj (DISP)
  .\debug\key_func.obj (KEY_FUNC)
  .\debug\main.obj (MAIN)
  .\debug\menu_func.obj (MENU_FUNC)
  .\debug\public.obj (PUBLIC)
  .\debug\timer.obj (TIMER)
  .\debug\weighting.obj (WEIGHTING)
  .\debug\terminal.obj (TERMINAL)
  D:\PROGRAM FILES (X86)\KEIL\C51\LIB\C51FPS.LIB (?C?FPADD)
  D:\PROGRAM FILES (X86)\KEIL\C51\LIB\C51FPS.LIB (?C?FPMUL)
  D:\PROGRAM FILES (X86)\KEIL\C51\LIB\C51FPS.LIB (?C?FPDIV)
  D:\PROGRAM FILES (X86)\KEIL\C51\LIB\C51FPS.LIB (?C?FCAST)
  D:\PROGRAM FILES (X86)\KEIL\C51\LIB\C51FPS.LIB (?C?CASTF)
  D:\PROGRAM FILES (X86)\KEIL\C51\LIB\C51FPS.LIB (?C?FPGETOPN)
  D:\PROGRAM FILES (X86)\KEIL\C51\LIB\C51S.LIB (?C_INIT)
  D:\PROGRAM FILES (X86)\KEIL\C51\LIB\C51S.LIB (?C?COPY)
  D:\PROGRAM FILES (X86)\KEIL\C51\LIB\C51S.LIB (?C?CLDPTR)
  D:\PROGRAM FILES (X86)\KEIL\C51\LIB\C51S.LIB (?C?CLDOPTR)
  D:\PROGRAM FILES (X86)\KEIL\C51\LIB\C51S.LIB (?C?CSTPTR)
  D:\PROGRAM FILES (X86)\KEIL\C51\LIB\C51S.LIB (?C?UIDIV)
  D:\PROGRAM FILES (X86)\KEIL\C51\LIB\C51S.LIB (?C?LMUL)
  D:\PROGRAM FILES (X86)\KEIL\C51\LIB\C51S.LIB (?C?ULDIV)
  D:\PROGRAM FILES (X86)\KEIL\C51\LIB\C51S.LIB (?C?SLDIV)
  D:\PROGRAM FILES (X86)\KEIL\C51\LIB\C51S.LIB (?C?LNEG)
  D:\PROGRAM FILES (X86)\KEIL\C51\LIB\C51S.LIB (?C?SLCMP)
  D:\PROGRAM FILES (X86)\KEIL\C51\LIB\C51S.LIB (?C?ULCMP)
  D:\PROGRAM FILES (X86)\KEIL\C51\LIB\C51S.LIB (?C?ULSHR)
  D:\PROGRAM FILES (X86)\KEIL\C51\LIB\C51S.LIB (?C?LSHL)
  D:\PROGRAM FILES (X86)\KEIL\C51\LIB\C51S.LIB (?C?LSTPTR)
  D:\PROGRAM FILES (X86)\KEIL\C51\LIB\C51S.LIB (?C?LILDIDATA)
  D:\PROGRAM FILES (X86)\KEIL\C51\LIB\C51S.LIB (?C?LSTXDATA)
  D:\PROGRAM FILES (X86)\KEIL\C51\LIB\C51S.LIB (?C?LSTKXDATA)
  D:\PROGRAM FILES (X86)\KEIL\C51\LIB\C51S.LIB (?C?CCASE)
  D:\PROGRAM FILES (X86)\KEIL\C51\LIB\C51S.LIB (?C_IBP)
  D:\PROGRAM FILES (X86)\KEIL\C51\LIB\C51S.LIB (?C?LSTIDATA)
  D:\PROGRAM FILES (X86)\KEIL\C51\LIB\C51S.LIB (?C?LSTPDATA)


LINK MAP OF MODULE:  .\debug\2F-0-0016 (?C_STARTUP)


            TYPE    BASE      LENGTH    RELOCATION   SEGMENT NAME
            -----------------------------------------------------

            * * * * * * *   D A T A   M E M O R Y   * * * * * * *
            REG     0000H     0008H     ABSOLUTE     "REG BANK 0"
BL51 BANKED LINKER/LOCATER V6.22                                                      05/20/2015  14:04:13  PAGE 2


            DATA    0008H     0006H     UNIT         ?DT?TERMINAL
            DATA    000EH     0003H     UNIT         ?DT?TIMER
            DATA    0011H     0001H     UNIT         ?C?LIB_DATA
                    0012H     000EH                  *** GAP ***
            BIT     0020H.0   0001H.3   UNIT         ?BI?MAIN
            BIT     0021H.3   0000H.3   UNIT         _BIT_GROUP_
            BIT     0021H.6   0000H.2   UNIT         ?BI?MENU_FUNC
            BIT     0022H.0   0000H.2   UNIT         ?BI?TERMINAL
            BIT     0022H.2   0000H.1   UNIT         ?BI?TIMER
                    0022H.3   0000H.5                *** GAP ***
            DATA    0023H     0036H     UNIT         _DATA_GROUP_
            IDATA   0059H     0001H     UNIT         ?STACK

            * * * * * * *  X D A T A   M E M O R Y  * * * * * * *
            XDATA   0000H     0082H     UNIT         ?XD?TERMINAL
            XDATA   0082H     005CH     UNIT         ?XD?MAIN
            XDATA   00DEH     0024H     UNIT         _XDATA_GROUP_
            XDATA   0102H     0005H     UNIT         ?XD?MENU_FUNC
            XDATA   0107H     0002H     UNIT         ?XD?TIMER
                    0109H     0077H                  *** GAP ***
            XDATA   0180H     0004H     ABSOLUTE     

            * * * * * * *   C O D E   M E M O R Y   * * * * * * *
            CODE    0000H     0003H     ABSOLUTE     
            CODE    0003H     0017H     UNIT         ?PR?_T0DELAYMS?TIMER
                    001AH     0001H                  *** GAP ***
            CODE    001BH     0003H     ABSOLUTE     
            CODE    001EH     004CH     UNIT         ?PR?FLASHBOARD_TEST?MENU_FUNC
            CODE    006AH     0009H     UNIT         ?PR?STOP_WDT?MAIN
            CODE    0073H     0003H     ABSOLUTE     
            CODE    0076H     000DH     UNIT         ?PR?I2C_START?24C04
            CODE    0083H     0003H     ABSOLUTE     
            CODE    0086H     0CF8H     UNIT         ?PR?DPDATAEXCHANGE?TERMINAL
            CODE    0D7EH     072DH     UNIT         ?C?LIB_CODE
            CODE    14ABH     05A8H     UNIT         ?PR?_DISP_SYMBOL?DISP
            CODE    1A53H     0413H     UNIT         ?PR?GAIN?MENU_FUNC
            CODE    1E66H     03F2H     UNIT         ?PR?READ_ALL?MAIN
            CODE    2258H     030CH     UNIT         ?PR?SPAN_SET?MENU_FUNC
            CODE    2564H     02E4H     UNIT         ?PR?MR_FUNC?MENU_FUNC
            CODE    2848H     02D1H     UNIT         ?PR?MAIN?MAIN
            CODE    2B19H     028EH     UNIT         ?PR?FUNC_FUNC?MENU_FUNC
            CODE    2DA7H     022CH     UNIT         ?PR?SP_WEIGHT_ADJ?MENU_FUNC
            CODE    2FD3H     0206H     UNIT         ?PR?DROP_WEIGHT_ADJ?MENU_FUNC
            CODE    31D9H     01F8H     UNIT         ?PR?TARE_ZERO_FUNC?MENU_FUNC
            CODE    33D1H     01D8H     UNIT         ?PR?SF_WEIGHT_ADJ?MENU_FUNC
            CODE    35A9H     01C4H     UNIT         ?PR?RESIDUAL_WEIGHT_ADJ?MENU_FUNC
            CODE    376DH     01B7H     UNIT         ?PR?WEIGHT_CORRECT_VAL_ADJ?MENU_FUNC
            CODE    3924H     01B0H     UNIT         ?PR?SAVE_ALL?MAIN
            CODE    3AD4H     01B0H     UNIT         ?PR?TEST_FUNC?MENU_FUNC
            CODE    3C84H     0198H     UNIT         ?PR?PB_INIT?TERMINAL
            CODE    3E1CH     0177H     UNIT         ?PR?FILTER_PARA_ADJ?MENU_FUNC
            CODE    3F93H     016EH     UNIT         ?PR?DPADDRSET?MENU_FUNC
            CODE    4101H     015CH     UNIT         ?PR?SHUTANDCORRECT?MAIN
            CODE    425DH     0149H     UNIT         ?PR?ARRIVAL_TIME_ADJ?MENU_FUNC
            CODE    43A6H     0146H     UNIT         ?PR?DM_SP_WEIGHT?MENU_FUNC
            CODE    44ECH     0140H     UNIT         ?PR?OL_TRACK_SW_ADJ?MENU_FUNC
            CODE    462CH     0140H     UNIT         ?PR?CL_CORRECT_SW_ADJ?MENU_FUNC
BL51 BANKED LINKER/LOCATER V6.22                                                      05/20/2015  14:04:13  PAGE 3


            CODE    476CH     0125H     UNIT         ?PR?TARE?MENU_FUNC
            CODE    4891H     011EH     UNIT         ?PR?_WEIGHT_DISP?DISP
            CODE    49AFH     0117H     UNIT         ?PR?DPSWSET?MENU_FUNC
            CODE    4AC6H     0112H     UNIT         ?PR?COUTER_SW_ADJ?MENU_FUNC
            CODE    4BD8H     0108H     UNIT         ?PR?SF_SWITCH_ADJ?MENU_FUNC
            CODE    4CE0H     0103H     UNIT         ?PR?_RUN_DISP?DISP
            CODE    4DE3H     00FCH     UNIT         ?PR?TRACK_BAGS_ADJ?MENU_FUNC
            CODE    4EDFH     00FAH     UNIT         ?PR?_DISP_INT?DISP
            CODE    4FD9H     00F9H     UNIT         ?PR?ZEROPOINTDET?MAIN
            CODE    50D2H     00F3H     UNIT         ?PR?FILTER1_FUNC?WEIGHTING
            CODE    51C5H     00E5H     UNIT         ?PR?FILTER1_CLR?WEIGHTING
            CODE    52AAH     00D3H     UNIT         ?PR?_UPDATE_SHUT_FB_W?MAIN
            CODE    537DH     00CDH     UNIT         ?PR?VERDISP?MENU_FUNC
            CODE    544AH     00B7H     UNIT         ?PR?CAL_FUNC?MENU_FUNC
            CODE    5501H     00B1H     UNIT         ?PR?_GET_ADC?WEIGHTING
            CODE    55B2H     00ADH     UNIT         ?PR?_?EEPROM_WRITE?24C04
            CODE    565FH     00ACH     UNIT         ?PR?NW_SCALE?WEIGHTING
            CODE    570BH     00ACH     UNIT         ?PR?NW_SCALE_CLR?WEIGHTING
            CODE    57B7H     00AAH     UNIT         ?PR?_?EE_READ?24C04
            CODE    5861H     00A4H     UNIT         ?PR?NW_MEASURE_CLR?WEIGHTING
            CODE    5905H     00A0H     UNIT         ?PR?_FILTER2_FUNC?WEIGHTING
            CODE    59A5H     009AH     UNIT         ?C_C51STARTUP
            CODE    5A3FH     0097H     UNIT         ?PR?_GET_KEY?KEY_FUNC
            CODE    5AD6H     0091H     UNIT         ?PR?GET_INPUT?KEY_FUNC
            CODE    5B67H     008AH     UNIT         ?PR?MENU_FUNC?MENU_FUNC
            CODE    5BF1H     0089H     UNIT         ?PR?DPSET?MENU_FUNC
            CODE    5C7AH     0085H     UNIT         ?PR?_?EE_WRITE?24C04
            CODE    5CFFH     007BH     UNIT         ?PR?T4_INT?TIMER
            CODE    5D7AH     0079H     UNIT         ?PR?T3_INT?TIMER
            CODE    5DF3H     006BH     UNIT         ?PR?PBNW_MEASURE?TERMINAL
            CODE    5E5EH     0066H     UNIT         ?PR?MCU_INIT?MAIN
            CODE    5EC4H     005EH     UNIT         ?PR?GW_MEASURE?WEIGHTING
            CODE    5F22H     005CH     UNIT         ?CO?DISP
            CODE    5F7EH     004CH     UNIT         ?PR?SIZE_FLOW_TEST?MENU_FUNC
            CODE    5FCAH     004CH     UNIT         ?PR?DISCHARGE_BAG_TEST?MENU_FUNC
            CODE    6016H     004CH     UNIT         ?PR?CLAMP_BAG_TEST?MENU_FUNC
            CODE    6062H     004CH     UNIT         ?PR?FILL_MOT_SW_TEST?MENU_FUNC
            CODE    60AEH     0047H     UNIT         ?PR?PBTARE?TERMINAL
            CODE    60F5H     0046H     UNIT         ?PR?_UART0_INIT?TERMINAL
            CODE    613BH     0044H     UNIT         ?C?LDIV
            CODE    617FH     003FH     UNIT         ?C_INITSEG
            CODE    61BEH     0031H     UNIT         ?PR?PORT_IO_INIT?MAIN
            CODE    61EFH     0025H     UNIT         ?PR?_PBGETCHAR?TERMINAL
            CODE    6214H     0023H     UNIT         ?PR?_FLASH_DISP?DISP
            CODE    6237H     0023H     UNIT         ?PR?INPUT_TEST?MENU_FUNC
            CODE    625AH     0022H     UNIT         ?PR?_WR_BYTE?24C04
            CODE    627CH     0020H     UNIT         ?PR?SYSCLK_INIT?MAIN
            CODE    629CH     001FH     UNIT         ?PR?TIME3_INIT?TIMER
            CODE    62BBH     001FH     UNIT         ?PR?NW_MEASURE?WEIGHTING
            CODE    62DAH     001EH     UNIT         ?PR?T1_INT?TIMER
            CODE    62F8H     001EH     UNIT         ?PR?_?UARTPUTCHAR?TERMINAL
            CODE    6316H     001AH     UNIT         ?PR?_T4_50MS_CL_TRACK?TIMER
            CODE    6330H     0019H     UNIT         ?PR?RD_BYTE?24C04
            CODE    6349H     0019H     UNIT         ?PR?_T1_100MS?TIMER
            CODE    6362H     0015H     UNIT         ?PR?TIME01_INIT?TIMER
            CODE    6377H     0015H     UNIT         ?PR?ADC_INIT?WEIGHTING
            CODE    638CH     0014H     UNIT         ?PR?T0_1MS_LOAD?TIMER
BL51 BANKED LINKER/LOCATER V6.22                                                      05/20/2015  14:04:13  PAGE 4


            CODE    63A0H     0014H     UNIT         ?PR?PBRESTART?TERMINAL
            CODE    63B4H     0013H     UNIT         ?PR?CLEARDROPCOUNTER?MAIN
            CODE    63C7H     0012H     UNIT         ?PR?_ACK?24C04
            CODE    63D9H     0012H     UNIT         ?PR?_EEPROM_READ?24C04
            CODE    63EBH     0012H     UNIT         ?PR?TIME4_INIT?TIMER
            CODE    63FDH     0011H     UNIT         ?PR?I2C_ACK?24C04
            CODE    640EH     000FH     UNIT         ?PR?OUTPUT_TEST?MENU_FUNC
            CODE    641DH     000CH     UNIT         ?PR?_DISP_SEG?DISP
            CODE    6429H     000BH     UNIT         ?PR?T1_STOP?TIMER
            CODE    6434H     000BH     UNIT         ?PR?T0_STOP?TIMER
            CODE    643FH     000AH     UNIT         ?PR?I2C_STOP?24C04
            CODE    6449H     0007H     UNIT         ?CO?MENU_FUNC
            CODE    6450H     0003H     UNIT         ?PR?SCL_0?24C04
            CODE    6453H     0003H     UNIT         ?PR?SCL_1?24C04
            CODE    6456H     0003H     UNIT         ?PR?SDA_0?24C04
            CODE    6459H     0003H     UNIT         ?PR?SDA_1?24C04
            CODE    645CH     0003H     UNIT         ?PR?IIC_INIT?24C04



OVERLAY MAP OF MODULE:   .\debug\2F-0-0016 (?C_STARTUP)


SEGMENT                                         BIT_GROUP          DATA_GROUP          XDATA_GROUP
  +--> CALLED SEGMENT                        START    LENGTH     START    LENGTH     START    LENGTH
----------------------------------------------------------------------------------------------------
?C_C51STARTUP                                -----    -----      -----    -----      -----    -----
  +--> ?PR?MAIN?MAIN
  +--> ?C_INITSEG

?PR?MAIN?MAIN                                -----    -----      -----    -----      00DEH    0004H
  +--> ?PR?MCU_INIT?MAIN
  +--> ?PR?NW_SCALE?WEIGHTING
  +--> ?PR?_DISP_SYMBOL?DISP
  +--> ?PR?MENU_FUNC?MENU_FUNC
  +--> ?PR?TARE_ZERO_FUNC?MENU_FUNC
  +--> ?PR?PBRESTART?TERMINAL
  +--> ?PR?PBTARE?TERMINAL
  +--> ?PR?PBNW_MEASURE?TERMINAL
  +--> ?PR?DM_SP_WEIGHT?MENU_FUNC
  +--> ?CO?DISP
  +--> ?PR?_DISP_SEG?DISP
  +--> ?PR?_RUN_DISP?DISP
  +--> ?PR?SHUTANDCORRECT?MAIN
  +--> ?PR?ZEROPOINTDET?MAIN

?PR?MCU_INIT?MAIN                            -----    -----      0023H    0002H      -----    -----
  +--> ?PR?STOP_WDT?MAIN
  +--> ?PR?SYSCLK_INIT?MAIN
  +--> ?PR?CLEARDROPCOUNTER?MAIN
  +--> ?PR?PORT_IO_INIT?MAIN
  +--> ?PR?TIME01_INIT?TIMER
  +--> ?PR?IIC_INIT?24C04
  +--> ?PR?ADC_INIT?WEIGHTING
  +--> ?PR?_UART0_INIT?TERMINAL
  +--> ?PR?TIME3_INIT?TIMER
  +--> ?PR?TIME4_INIT?TIMER
BL51 BANKED LINKER/LOCATER V6.22                                                      05/20/2015  14:04:13  PAGE 5


  +--> ?PR?_GET_KEY?KEY_FUNC
  +--> ?PR?SAVE_ALL?MAIN
  +--> ?PR?READ_ALL?MAIN
  +--> ?CO?DISP
  +--> ?PR?_DISP_SEG?DISP
  +--> ?PR?NW_SCALE?WEIGHTING

?PR?_UART0_INIT?TERMINAL                     -----    -----      0025H    0001H      -----    -----

?PR?_GET_KEY?KEY_FUNC                        -----    -----      002BH    0001H      00F5H    0002H
  +--> ?PR?_T0DELAYMS?TIMER

?PR?_T0DELAYMS?TIMER                         -----    -----      -----    -----      -----    -----
  +--> ?PR?T0_1MS_LOAD?TIMER
  +--> ?PR?T0_STOP?TIMER

?PR?SAVE_ALL?MAIN                            -----    -----      0025H    0001H      -----    -----
  +--> ?PR?_?EEPROM_WRITE?24C04

?PR?_?EEPROM_WRITE?24C04                     -----    -----      -----    -----      -----    -----
  +--> ?PR?_?EE_WRITE?24C04
  +--> ?PR?_?EE_READ?24C04

?PR?_?EE_WRITE?24C04                         -----    -----      -----    -----      -----    -----
  +--> ?PR?_T0DELAYMS?TIMER
  +--> ?PR?I2C_START?24C04
  +--> ?PR?_WR_BYTE?24C04
  +--> ?PR?I2C_ACK?24C04
  +--> ?PR?I2C_STOP?24C04

?PR?I2C_START?24C04                          -----    -----      -----    -----      -----    -----
  +--> ?PR?SDA_1?24C04
  +--> ?PR?SCL_1?24C04
  +--> ?PR?SDA_0?24C04
  +--> ?PR?SCL_0?24C04

?PR?_WR_BYTE?24C04                           -----    -----      -----    -----      -----    -----
  +--> ?PR?SDA_1?24C04
  +--> ?PR?SDA_0?24C04
  +--> ?PR?SCL_1?24C04
  +--> ?PR?SCL_0?24C04

?PR?I2C_ACK?24C04                            -----    -----      -----    -----      -----    -----
  +--> ?PR?SCL_0?24C04
  +--> ?PR?SCL_1?24C04

?PR?I2C_STOP?24C04                           -----    -----      -----    -----      -----    -----
  +--> ?PR?SCL_1?24C04
  +--> ?PR?SDA_0?24C04
  +--> ?PR?SDA_1?24C04

?PR?_?EE_READ?24C04                          -----    -----      -----    -----      -----    -----
  +--> ?PR?I2C_START?24C04
  +--> ?PR?_WR_BYTE?24C04
  +--> ?PR?I2C_ACK?24C04
  +--> ?PR?RD_BYTE?24C04
  +--> ?PR?_ACK?24C04
BL51 BANKED LINKER/LOCATER V6.22                                                      05/20/2015  14:04:13  PAGE 6


  +--> ?PR?I2C_STOP?24C04

?PR?RD_BYTE?24C04                            -----    -----      -----    -----      -----    -----
  +--> ?PR?SDA_1?24C04
  +--> ?PR?SCL_1?24C04
  +--> ?PR?SCL_0?24C04

?PR?_ACK?24C04                               -----    -----      -----    -----      -----    -----
  +--> ?PR?SDA_0?24C04
  +--> ?PR?SDA_1?24C04
  +--> ?PR?SCL_1?24C04
  +--> ?PR?SCL_0?24C04

?PR?READ_ALL?MAIN                            -----    -----      0025H    0002H      -----    -----
  +--> ?PR?_EEPROM_READ?24C04
  +--> ?PR?_DISP_SYMBOL?DISP
  +--> ?PR?MENU_FUNC?MENU_FUNC
  +--> ?PR?PB_INIT?TERMINAL
  +--> ?PR?_?EEPROM_WRITE?24C04

?PR?_EEPROM_READ?24C04                       -----    -----      0027H    0005H      -----    -----
  +--> ?PR?_?EE_READ?24C04

?PR?_DISP_SYMBOL?DISP                        -----    -----      002FH    0001H      00FCH    0006H
  +--> ?CO?DISP
  +--> ?PR?_DISP_SEG?DISP

?PR?MENU_FUNC?MENU_FUNC                      -----    -----      -----    -----      00E2H    0003H
  +--> ?PR?_GET_KEY?KEY_FUNC
  +--> ?PR?_T1_100MS?TIMER
  +--> ?PR?NW_SCALE?WEIGHTING
  +--> ?PR?_RUN_DISP?DISP
  +--> ?PR?T1_STOP?TIMER
  +--> ?PR?_DISP_SYMBOL?DISP
  +--> ?PR?MR_FUNC?MENU_FUNC

?PR?NW_SCALE?WEIGHTING                       -----    -----      0027H    0004H      -----    -----
  +--> ?PR?NW_MEASURE?WEIGHTING

?PR?NW_MEASURE?WEIGHTING                     -----    -----      -----    -----      -----    -----
  +--> ?PR?GW_MEASURE?WEIGHTING

?PR?GW_MEASURE?WEIGHTING                     -----    -----      002CH    0004H      -----    -----
  +--> ?PR?FILTER1_FUNC?WEIGHTING
  +--> ?PR?_FILTER2_FUNC?WEIGHTING

?PR?FILTER1_FUNC?WEIGHTING                   -----    -----      0030H    0011H      -----    -----
  +--> ?PR?_GET_ADC?WEIGHTING
  +--> ?PR?ADC_INIT?WEIGHTING

?PR?_GET_ADC?WEIGHTING                       -----    -----      0041H    0007H      -----    -----
  +--> ?PR?ADC_INIT?WEIGHTING

?PR?_FILTER2_FUNC?WEIGHTING                  -----    -----      0030H    0004H      -----    -----

?PR?_RUN_DISP?DISP                           0021H.4  0000H.1    0027H    0004H      00E8H    0007H
  +--> ?PR?_DISP_SYMBOL?DISP
BL51 BANKED LINKER/LOCATER V6.22                                                      05/20/2015  14:04:13  PAGE 7


  +--> ?CO?DISP
  +--> ?PR?_DISP_SEG?DISP

?PR?MR_FUNC?MENU_FUNC                        -----    -----      -----    -----      -----    -----
  +--> ?PR?_T1_100MS?TIMER
  +--> ?PR?_GET_KEY?KEY_FUNC
  +--> ?PR?T1_STOP?TIMER
  +--> ?PR?FUNC_FUNC?MENU_FUNC
  +--> ?PR?_DISP_SYMBOL?DISP
  +--> ?PR?CAL_FUNC?MENU_FUNC
  +--> ?PR?TEST_FUNC?MENU_FUNC
  +--> ?PR?DPSET?MENU_FUNC
  +--> ?PR?VERDISP?MENU_FUNC

?PR?FUNC_FUNC?MENU_FUNC                      -----    -----      -----    -----      00E5H    0001H
  +--> ?PR?_T1_100MS?TIMER
  +--> ?PR?_DISP_SYMBOL?DISP
  +--> ?PR?_GET_KEY?KEY_FUNC
  +--> ?PR?T1_STOP?TIMER
  +--> ?PR?SP_WEIGHT_ADJ?MENU_FUNC
  +--> ?PR?FILTER_PARA_ADJ?MENU_FUNC
  +--> ?PR?SF_WEIGHT_ADJ?MENU_FUNC
  +--> ?PR?SF_SWITCH_ADJ?MENU_FUNC
  +--> ?PR?DROP_WEIGHT_ADJ?MENU_FUNC
  +--> ?PR?OL_TRACK_SW_ADJ?MENU_FUNC
  +--> ?PR?TRACK_BAGS_ADJ?MENU_FUNC
  +--> ?PR?RESIDUAL_WEIGHT_ADJ?MENU_FUNC
  +--> ?PR?CL_CORRECT_SW_ADJ?MENU_FUNC
  +--> ?PR?WEIGHT_CORRECT_VAL_ADJ?MENU_FUNC
  +--> ?PR?ARRIVAL_TIME_ADJ?MENU_FUNC
  +--> ?PR?COUTER_SW_ADJ?MENU_FUNC

?PR?SP_WEIGHT_ADJ?MENU_FUNC                  0021H.3  0000H.2    0027H    0002H      00E6H    0002H
  +--> ?PR?T1_STOP?TIMER
  +--> ?PR?_WEIGHT_DISP?DISP
  +--> ?PR?_GET_KEY?KEY_FUNC
  +--> ?PR?_T1_100MS?TIMER
  +--> ?PR?_?EEPROM_WRITE?24C04
  +--> ?PR?_DISP_SYMBOL?DISP
  +--> ?PR?_T0DELAYMS?TIMER

?PR?_WEIGHT_DISP?DISP                        0021H.5  0000H.1    002BH    0004H      00F5H    0007H
  +--> ?PR?_DISP_SYMBOL?DISP
  +--> ?CO?DISP
  +--> ?PR?_DISP_SEG?DISP
  +--> ?PR?_T0DELAYMS?TIMER

?PR?FILTER_PARA_ADJ?MENU_FUNC                0021H.3  0000H.2    0027H    0003H      -----    -----
  +--> ?PR?T1_STOP?TIMER
  +--> ?PR?_DISP_INT?DISP
  +--> ?PR?_GET_KEY?KEY_FUNC
  +--> ?PR?_T1_100MS?TIMER
  +--> ?PR?_?EEPROM_WRITE?24C04
  +--> ?PR?_DISP_SYMBOL?DISP
  +--> ?PR?_T0DELAYMS?TIMER

?PR?_DISP_INT?DISP                           -----    -----      002AH    0002H      00E7H    0007H
BL51 BANKED LINKER/LOCATER V6.22                                                      05/20/2015  14:04:13  PAGE 8


  +--> ?CO?DISP
  +--> ?PR?_DISP_SEG?DISP
  +--> ?PR?_T0DELAYMS?TIMER

?PR?SF_WEIGHT_ADJ?MENU_FUNC                  0021H.3  0000H.2    0027H    0004H      -----    -----
  +--> ?PR?T1_STOP?TIMER
  +--> ?PR?_WEIGHT_DISP?DISP
  +--> ?PR?_GET_KEY?KEY_FUNC
  +--> ?PR?_T1_100MS?TIMER
  +--> ?PR?_?EEPROM_WRITE?24C04
  +--> ?PR?_DISP_SYMBOL?DISP
  +--> ?PR?_T0DELAYMS?TIMER

?PR?SF_SWITCH_ADJ?MENU_FUNC                  0021H.3  0000H.2    0027H    0002H      -----    -----
  +--> ?PR?T1_STOP?TIMER
  +--> ?PR?_DISP_SYMBOL?DISP
  +--> ?PR?_GET_KEY?KEY_FUNC
  +--> ?PR?_T1_100MS?TIMER
  +--> ?PR?_?EEPROM_WRITE?24C04
  +--> ?PR?_T0DELAYMS?TIMER

?PR?DROP_WEIGHT_ADJ?MENU_FUNC                0021H.3  0000H.2    0027H    0002H      00E6H    0002H
  +--> ?PR?T1_STOP?TIMER
  +--> ?PR?_WEIGHT_DISP?DISP
  +--> ?PR?_GET_KEY?KEY_FUNC
  +--> ?PR?_T1_100MS?TIMER
  +--> ?PR?_?EEPROM_WRITE?24C04
  +--> ?PR?_DISP_SYMBOL?DISP
  +--> ?PR?_T0DELAYMS?TIMER

?PR?OL_TRACK_SW_ADJ?MENU_FUNC                0021H.3  0000H.2    0027H    0002H      -----    -----
  +--> ?PR?T1_STOP?TIMER
  +--> ?PR?_DISP_SYMBOL?DISP
  +--> ?PR?_GET_KEY?KEY_FUNC
  +--> ?PR?_T1_100MS?TIMER
  +--> ?PR?_?EEPROM_WRITE?24C04
  +--> ?PR?_T0DELAYMS?TIMER

?PR?TRACK_BAGS_ADJ?MENU_FUNC                 0021H.3  0000H.2    0027H    0002H      -----    -----
  +--> ?PR?T1_STOP?TIMER
  +--> ?PR?_DISP_INT?DISP
  +--> ?PR?_GET_KEY?KEY_FUNC
  +--> ?PR?_T1_100MS?TIMER
  +--> ?PR?_?EEPROM_WRITE?24C04
  +--> ?PR?_DISP_SYMBOL?DISP
  +--> ?PR?_T0DELAYMS?TIMER

?PR?RESIDUAL_WEIGHT_ADJ?MENU_FUNC            0021H.3  0000H.2    0027H    0002H      00E6H    0002H
  +--> ?PR?T1_STOP?TIMER
  +--> ?PR?_WEIGHT_DISP?DISP
  +--> ?PR?_GET_KEY?KEY_FUNC
  +--> ?PR?_T1_100MS?TIMER
  +--> ?PR?_?EEPROM_WRITE?24C04
  +--> ?PR?_DISP_SYMBOL?DISP
  +--> ?PR?_T0DELAYMS?TIMER

?PR?CL_CORRECT_SW_ADJ?MENU_FUNC              0021H.3  0000H.2    0027H    0002H      -----    -----
BL51 BANKED LINKER/LOCATER V6.22                                                      05/20/2015  14:04:13  PAGE 9


  +--> ?PR?T1_STOP?TIMER
  +--> ?PR?_DISP_SYMBOL?DISP
  +--> ?PR?_GET_KEY?KEY_FUNC
  +--> ?PR?_T1_100MS?TIMER
  +--> ?PR?_?EEPROM_WRITE?24C04
  +--> ?PR?_T0DELAYMS?TIMER

?PR?WEIGHT_CORRECT_VAL_ADJ?MENU_FUNC         0021H.3  0000H.2    0027H    0002H      00E6H    0002H
  +--> ?PR?T1_STOP?TIMER
  +--> ?PR?_WEIGHT_DISP?DISP
  +--> ?PR?_GET_KEY?KEY_FUNC
  +--> ?PR?_T1_100MS?TIMER
  +--> ?PR?_?EEPROM_WRITE?24C04
  +--> ?PR?_DISP_SYMBOL?DISP
  +--> ?PR?_T0DELAYMS?TIMER

?PR?ARRIVAL_TIME_ADJ?MENU_FUNC               0021H.3  0000H.2    0027H    0002H      00E6H    0001H
  +--> ?PR?T1_STOP?TIMER
  +--> ?PR?_DISP_INT?DISP
  +--> ?PR?_GET_KEY?KEY_FUNC
  +--> ?PR?_T1_100MS?TIMER
  +--> ?PR?_?EEPROM_WRITE?24C04
  +--> ?PR?_DISP_SYMBOL?DISP
  +--> ?PR?_T0DELAYMS?TIMER

?PR?COUTER_SW_ADJ?MENU_FUNC                  0021H.3  0000H.2    0027H    0002H      -----    -----
  +--> ?PR?T1_STOP?TIMER
  +--> ?PR?_DISP_SYMBOL?DISP
  +--> ?PR?_GET_KEY?KEY_FUNC
  +--> ?PR?_T1_100MS?TIMER
  +--> ?PR?_?EEPROM_WRITE?24C04
  +--> ?PR?_T0DELAYMS?TIMER

?PR?CAL_FUNC?MENU_FUNC                       -----    -----      -----    -----      00E5H    0001H
  +--> ?PR?_T1_100MS?TIMER
  +--> ?PR?_DISP_SYMBOL?DISP
  +--> ?PR?_GET_KEY?KEY_FUNC
  +--> ?PR?T1_STOP?TIMER
  +--> ?PR?SPAN_SET?MENU_FUNC
  +--> ?PR?TARE?MENU_FUNC
  +--> ?PR?GAIN?MENU_FUNC

?PR?SPAN_SET?MENU_FUNC                       0021H.3  0000H.2    0027H    0001H      00E6H    0004H
  +--> ?PR?T1_STOP?TIMER
  +--> ?PR?_WEIGHT_DISP?DISP
  +--> ?PR?_GET_KEY?KEY_FUNC
  +--> ?PR?_T1_100MS?TIMER
  +--> ?PR?_?EEPROM_WRITE?24C04
  +--> ?PR?_DISP_SYMBOL?DISP
  +--> ?PR?_T0DELAYMS?TIMER

?PR?TARE?MENU_FUNC                           0021H.3  0000H.1    -----    -----      00E6H    0008H
  +--> ?PR?T1_STOP?TIMER
  +--> ?PR?_GET_KEY?KEY_FUNC
  +--> ?PR?GW_MEASURE?WEIGHTING
  +--> ?PR?_WEIGHT_DISP?DISP
  +--> ?PR?_T1_100MS?TIMER
BL51 BANKED LINKER/LOCATER V6.22                                                      05/20/2015  14:04:13  PAGE 10


  +--> ?PR?NW_SCALE?WEIGHTING
  +--> ?PR?_FLASH_DISP?DISP
  +--> ?PR?_T0DELAYMS?TIMER
  +--> ?PR?_?EEPROM_WRITE?24C04
  +--> ?PR?_DISP_SYMBOL?DISP

?PR?_FLASH_DISP?DISP                         -----    -----      0027H    0004H      -----    -----
  +--> ?PR?_DISP_SYMBOL?DISP
  +--> ?PR?_T0DELAYMS?TIMER
  +--> ?PR?_WEIGHT_DISP?DISP

?PR?GAIN?MENU_FUNC                           0021H.3  0000H.1    -----    -----      00E6H    000FH
  +--> ?PR?T1_STOP?TIMER
  +--> ?PR?NW_MEASURE?WEIGHTING
  +--> ?PR?_GET_KEY?KEY_FUNC
  +--> ?PR?_DISP_SYMBOL?DISP
  +--> ?PR?_WEIGHT_DISP?DISP
  +--> ?PR?_T1_100MS?TIMER
  +--> ?PR?_?EEPROM_WRITE?24C04
  +--> ?PR?_T0DELAYMS?TIMER

?PR?TEST_FUNC?MENU_FUNC                      -----    -----      -----    -----      00E5H    0001H
  +--> ?PR?_T1_100MS?TIMER
  +--> ?PR?_DISP_SYMBOL?DISP
  +--> ?PR?_GET_KEY?KEY_FUNC
  +--> ?PR?T1_STOP?TIMER
  +--> ?PR?INPUT_TEST?MENU_FUNC
  +--> ?PR?OUTPUT_TEST?MENU_FUNC
  +--> ?PR?FLASHBOARD_TEST?MENU_FUNC
  +--> ?PR?SIZE_FLOW_TEST?MENU_FUNC
  +--> ?PR?DISCHARGE_BAG_TEST?MENU_FUNC
  +--> ?PR?CLAMP_BAG_TEST?MENU_FUNC
  +--> ?PR?FILL_MOT_SW_TEST?MENU_FUNC

?PR?INPUT_TEST?MENU_FUNC                     -----    -----      -----    -----      -----    -----
  +--> ?PR?T1_STOP?TIMER
  +--> ?PR?_GET_KEY?KEY_FUNC
  +--> ?PR?_DISP_SYMBOL?DISP
  +--> ?PR?GET_INPUT?KEY_FUNC

?PR?GET_INPUT?KEY_FUNC                       -----    -----      -----    -----      00E6H    0002H
  +--> ?PR?_T0DELAYMS?TIMER

?PR?OUTPUT_TEST?MENU_FUNC                    -----    -----      -----    -----      -----    -----
  +--> ?PR?_GET_KEY?KEY_FUNC

?PR?FLASHBOARD_TEST?MENU_FUNC                -----    -----      0027H    0001H      -----    -----
  +--> ?PR?_GET_KEY?KEY_FUNC
  +--> ?PR?_DISP_SYMBOL?DISP

?PR?SIZE_FLOW_TEST?MENU_FUNC                 -----    -----      0027H    0001H      -----    -----
  +--> ?PR?_GET_KEY?KEY_FUNC
  +--> ?PR?_DISP_SYMBOL?DISP

?PR?DISCHARGE_BAG_TEST?MENU_FUNC             -----    -----      0027H    0001H      -----    -----
  +--> ?PR?_GET_KEY?KEY_FUNC
  +--> ?PR?_DISP_SYMBOL?DISP
BL51 BANKED LINKER/LOCATER V6.22                                                      05/20/2015  14:04:13  PAGE 11



?PR?CLAMP_BAG_TEST?MENU_FUNC                 -----    -----      0027H    0001H      -----    -----
  +--> ?PR?_GET_KEY?KEY_FUNC
  +--> ?PR?_DISP_SYMBOL?DISP

?PR?FILL_MOT_SW_TEST?MENU_FUNC               -----    -----      0027H    0001H      -----    -----
  +--> ?PR?_GET_KEY?KEY_FUNC
  +--> ?PR?_DISP_SYMBOL?DISP

?PR?DPSET?MENU_FUNC                          -----    -----      -----    -----      00E5H    0001H
  +--> ?PR?_T1_100MS?TIMER
  +--> ?PR?_DISP_SYMBOL?DISP
  +--> ?PR?_GET_KEY?KEY_FUNC
  +--> ?PR?T1_STOP?TIMER
  +--> ?PR?DPADDRSET?MENU_FUNC
  +--> ?PR?DPSWSET?MENU_FUNC

?PR?DPADDRSET?MENU_FUNC                      0021H.3  0000H.2    0027H    0002H      00E6H    0001H
  +--> ?PR?T1_STOP?TIMER
  +--> ?PR?_DISP_INT?DISP
  +--> ?PR?_GET_KEY?KEY_FUNC
  +--> ?PR?_T1_100MS?TIMER
  +--> ?PR?_?EEPROM_WRITE?24C04
  +--> ?PR?_DISP_SYMBOL?DISP
  +--> ?PR?PB_INIT?TERMINAL
  +--> ?PR?_T0DELAYMS?TIMER

?PR?PB_INIT?TERMINAL                         0021H.5  0000H.1    0029H    0007H      -----    -----
  +--> ?PR?_?UARTPUTCHAR?TERMINAL
  +--> ?PR?_PBGETCHAR?TERMINAL

?PR?DPSWSET?MENU_FUNC                        0021H.3  0000H.2    0027H    0002H      -----    -----
  +--> ?PR?T1_STOP?TIMER
  +--> ?PR?_DISP_SYMBOL?DISP
  +--> ?PR?_GET_KEY?KEY_FUNC
  +--> ?PR?_T1_100MS?TIMER
  +--> ?PR?_?EEPROM_WRITE?24C04
  +--> ?PR?PB_INIT?TERMINAL
  +--> ?PR?_T0DELAYMS?TIMER

?PR?VERDISP?MENU_FUNC                        -----    -----      0027H    0003H      00E5H    0001H
  +--> ?CO?MENU_FUNC
  +--> ?PR?_T1_100MS?TIMER
  +--> ?PR?_GET_KEY?KEY_FUNC
  +--> ?PR?T1_STOP?TIMER
  +--> ?CO?DISP
  +--> ?PR?_DISP_SEG?DISP

?PR?TARE_ZERO_FUNC?MENU_FUNC                 0021H.3  0000H.1    -----    -----      00E2H    000FH
  +--> ?PR?_GET_KEY?KEY_FUNC
  +--> ?PR?_T1_100MS?TIMER
  +--> ?PR?NW_SCALE?WEIGHTING
  +--> ?PR?_WEIGHT_DISP?DISP
  +--> ?PR?T1_STOP?TIMER
  +--> ?PR?GW_MEASURE?WEIGHTING
  +--> ?PR?_FLASH_DISP?DISP
  +--> ?PR?_?EEPROM_WRITE?24C04
BL51 BANKED LINKER/LOCATER V6.22                                                      05/20/2015  14:04:13  PAGE 12



?PR?PBRESTART?TERMINAL                       -----    -----      -----    -----      -----    -----
  +--> ?PR?PB_INIT?TERMINAL

?PR?PBTARE?TERMINAL                          -----    -----      -----    -----      -----    -----
  +--> ?PR?GW_MEASURE?WEIGHTING
  +--> ?PR?_?EEPROM_WRITE?24C04

?PR?PBNW_MEASURE?TERMINAL                    -----    -----      0025H    0007H      -----    -----
  +--> ?PR?NW_MEASURE?WEIGHTING

?PR?DM_SP_WEIGHT?MENU_FUNC                   0021H.3  0000H.1    -----    -----      00E2H    0006H
  +--> ?PR?_GET_KEY?KEY_FUNC
  +--> ?PR?_RUN_DISP?DISP
  +--> ?PR?_T1_100MS?TIMER
  +--> ?PR?T1_STOP?TIMER
  +--> ?PR?_?EEPROM_WRITE?24C04

?PR?SHUTANDCORRECT?MAIN                      -----    -----      0023H    0002H      -----    -----
  +--> ?CO?DISP
  +--> ?PR?_DISP_SEG?DISP
  +--> ?PR?NW_SCALE?WEIGHTING
  +--> ?PR?PBNW_MEASURE?TERMINAL
  +--> ?PR?_T1_100MS?TIMER
  +--> ?PR?_RUN_DISP?DISP
  +--> ?PR?T1_STOP?TIMER
  +--> ?PR?_T4_50MS_CL_TRACK?TIMER
  +--> ?PR?_UPDATE_SHUT_FB_W?MAIN

?PR?_UPDATE_SHUT_FB_W?MAIN                   -----    -----      0025H    0002H      00E2H    0004H

?PR?ZEROPOINTDET?MAIN                        -----    -----      -----    -----      00E2H    0002H
  +--> ?PR?NW_SCALE_CLR?WEIGHTING
  +--> ?PR?_DISP_SYMBOL?DISP
  +--> ?CO?DISP
  +--> ?PR?_DISP_SEG?DISP
  +--> ?PR?_RUN_DISP?DISP

?PR?NW_SCALE_CLR?WEIGHTING                   -----    -----      0023H    0004H      -----    -----
  +--> ?PR?NW_MEASURE_CLR?WEIGHTING

?PR?NW_MEASURE_CLR?WEIGHTING                 -----    -----      0027H    0004H      -----    -----
  +--> ?PR?FILTER1_CLR?WEIGHTING

?PR?FILTER1_CLR?WEIGHTING                    -----    -----      002BH    0011H      -----    -----
  +--> ?PR?_GET_ADC?WEIGHTING

*** NEW ROOT ***************************************************

?PR?T3_INT?TIMER                             -----    -----      -----    -----      -----    -----
  +--> ?PR?DPDATAEXCHANGE?TERMINAL

?PR?DPDATAEXCHANGE?TERMINAL                  -----    -----      0048H    0011H      -----    -----
  +--> ?PR?_?UARTPUTCHAR?TERMINAL
  +--> ?PR?_PBGETCHAR?TERMINAL
  +--> ?PR?_?EE_WRITE?24C04

BL51 BANKED LINKER/LOCATER V6.22                                                      05/20/2015  14:04:13  PAGE 13




SYMBOL TABLE OF MODULE:  .\debug\2F-0-0016 (?C_STARTUP)

  VALUE           TYPE          NAME
  ----------------------------------

  -------         MODULE        ?C_STARTUP
  C:59A5H         SEGMENT       ?C_C51STARTUP
  I:0059H         SEGMENT       ?STACK
  C:0000H         PUBLIC        ?C_STARTUP
  D:00E0H         SYMBOL        ACC
  D:00F0H         SYMBOL        B
  D:0083H         SYMBOL        DPH
  D:0082H         SYMBOL        DPL
  N:0000H         SYMBOL        IBPSTACK
  N:0100H         SYMBOL        IBPSTACKTOP
  N:0080H         SYMBOL        IDATALEN
  C:59A8H         SYMBOL        IDATALOOP
  N:0000H         SYMBOL        PBPSTACK
  N:0000H         SYMBOL        PBPSTACKTOP
  N:0000H         SYMBOL        PDATALEN
  N:0000H         SYMBOL        PDATASTART
  N:0000H         SYMBOL        PPAGE
  N:0000H         SYMBOL        PPAGEENABLE
  D:00A0H         SYMBOL        PPAGE_SFR
  D:0081H         SYMBOL        SP
  C:59A5H         SYMBOL        STARTUP1
  N:0000H         SYMBOL        XBPSTACK
  N:0000H         SYMBOL        XBPSTACKTOP
  N:00FFH         SYMBOL        XDATALEN
  C:59B3H         SYMBOL        XDATALOOP
  N:0000H         SYMBOL        XDATASTART
  C:0000H         LINE#         92
  C:59A5H         LINE#         99
  C:59A7H         LINE#         100
  C:59A8H         LINE#         101
  C:59A9H         LINE#         102
  C:59ABH         LINE#         106
  C:59AEH         LINE#         107
  C:59B0H         LINE#         109
  C:59B2H         LINE#         113
  C:59B3H         LINE#         114
  C:59B4H         LINE#         115
  C:59B5H         LINE#         116
  C:59B7H         LINE#         117
  C:59B9H         LINE#         151
  C:59BCH         LINE#         155
  -------         ENDMOD        ?C_STARTUP

  -------         MODULE        24C04
  C:0000H         SYMBOL        _ICE_DUMMY_
  D:0080H         PUBLIC        P0
  C:625AH         PUBLIC        _wr_byte
  D:0090H         PUBLIC        P1
  D:00A0H         PUBLIC        P2
  D:00B0H         PUBLIC        P3
BL51 BANKED LINKER/LOCATER V6.22                                                      05/20/2015  14:04:13  PAGE 14


  C:63D9H         PUBLIC        _eeprom_read
  B:0080H.4       PUBLIC        EE_WP
  C:55B2H         PUBLIC        _?eeprom_write
  C:63C7H         PUBLIC        _ack
  C:57B7H         PUBLIC        _?ee_read
  C:6456H         PUBLIC        sda_0
  C:6459H         PUBLIC        sda_1
  C:645CH         PUBLIC        iic_init
  C:63FDH         PUBLIC        I2C_ack
  C:0076H         PUBLIC        I2C_start
  C:6450H         PUBLIC        scl_0
  C:6453H         PUBLIC        scl_1
  B:0080H.2       PUBLIC        SDA
  C:5C7AH         PUBLIC        _?ee_write
  B:0080H.3       PUBLIC        SCL
  C:643FH         PUBLIC        I2C_stop
  C:6330H         PUBLIC        rd_byte
  -------         PROC          SCL_0
  C:6450H         LINE#         20
  C:6450H         LINE#         21
  C:6450H         LINE#         22
  C:6452H         LINE#         23
  -------         ENDPROC       SCL_0
  -------         PROC          SCL_1
  C:6453H         LINE#         24
  C:6453H         LINE#         25
  C:6453H         LINE#         26
  C:6455H         LINE#         27
  -------         ENDPROC       SCL_1
  -------         PROC          SDA_0
  C:6456H         LINE#         28
  C:6456H         LINE#         29
  C:6456H         LINE#         30
  C:6458H         LINE#         31
  -------         ENDPROC       SDA_0
  -------         PROC          SDA_1
  C:6459H         LINE#         32
  C:6459H         LINE#         33
  C:6459H         LINE#         34
  C:645BH         LINE#         35
  -------         ENDPROC       SDA_1
  -------         PROC          I2C_START
  C:0076H         LINE#         43
  C:0076H         LINE#         44
  C:0076H         LINE#         45
  C:0079H         LINE#         47
  C:007CH         LINE#         49
  C:007FH         LINE#         51
  C:0082H         LINE#         52
  -------         ENDPROC       I2C_START
  -------         PROC          I2C_STOP
  C:643FH         LINE#         61
  C:643FH         LINE#         62
  C:643FH         LINE#         63
  C:6442H         LINE#         65
  C:6445H         LINE#         67
  C:6448H         LINE#         68
BL51 BANKED LINKER/LOCATER V6.22                                                      05/20/2015  14:04:13  PAGE 15


  -------         ENDPROC       I2C_STOP
  -------         PROC          _ACK
  D:0007H         SYMBOL        a
  C:63C7H         LINE#         76
  C:63C7H         LINE#         77
  C:63C7H         LINE#         78
  C:63CAH         LINE#         79
  C:63CFH         LINE#         81
  C:63D2H         LINE#         83
  C:63D5H         LINE#         85
  C:63D8H         LINE#         86
  -------         ENDPROC       _ACK
  -------         PROC          I2C_ACK
  -------         DO            
  D:0007H         SYMBOL        ack
  -------         ENDDO         
  C:63FDH         LINE#         95
  C:63FDH         LINE#         96
  C:63FDH         LINE#         97
  C:63FFH         LINE#         99
  C:6402H         LINE#         101
  C:6405H         LINE#         103
  C:6408H         LINE#         104
  C:640AH         LINE#         105
  C:640AH         LINE#         107
  C:640DH         LINE#         109
  C:640DH         LINE#         110
  -------         ENDPROC       I2C_ACK
  -------         PROC          _WR_BYTE
  D:0007H         SYMBOL        c
  -------         DO            
  D:0006H         SYMBOL        BitCnt
  -------         ENDDO         
  C:625AH         LINE#         120
  C:625AH         LINE#         121
  C:625AH         LINE#         124
  C:625CH         LINE#         125
  C:626EH         LINE#         126
  C:6271H         LINE#         128
  C:6274H         LINE#         130
  C:6277H         LINE#         131
  C:627BH         LINE#         132
  -------         ENDPROC       _WR_BYTE
  -------         PROC          RD_BYTE
  -------         DO            
  D:0007H         SYMBOL        retc
  D:0006H         SYMBOL        BitCnt
  -------         ENDDO         
  C:6330H         LINE#         141
  C:6330H         LINE#         142
  C:6330H         LINE#         143
  C:6332H         LINE#         146
  C:6335H         LINE#         148
  C:6336H         LINE#         149
  C:6339H         LINE#         151
  C:633DH         LINE#         152
  C:6341H         LINE#         154
BL51 BANKED LINKER/LOCATER V6.22                                                      05/20/2015  14:04:13  PAGE 16


  C:6344H         LINE#         155
  C:6348H         LINE#         157
  C:6348H         LINE#         158
  -------         ENDPROC       RD_BYTE
  -------         PROC          IIC_INIT
  C:645CH         LINE#         162
  C:645CH         LINE#         163
  C:645CH         LINE#         165
  C:645EH         LINE#         170
  -------         ENDPROC       IIC_INIT
  -------         PROC          _?EE_WRITE
  i:0000H         SYMBOL        ptr_data
  i:0003H         SYMBOL        addr
  i:0004H         SYMBOL        cnt
  C:5C7AH         LINE#         297
  C:5C90H         LINE#         299
  C:5C92H         LINE#         300
  C:5C97H         LINE#         301
  C:5C9AH         LINE#         303
  C:5C9FH         LINE#         304
  C:5CA8H         LINE#         306
  C:5CB2H         LINE#         307
  C:5CBBH         LINE#         309
  C:5CC3H         LINE#         310
  C:5CD4H         LINE#         311
  C:5CDDH         LINE#         312
  C:5CE9H         LINE#         313
  C:5CEFH         LINE#         314
  C:5CF1H         LINE#         315
  C:5CF4H         LINE#         316
  C:5CF6H         LINE#         317
  C:5CF8H         LINE#         318
  -------         ENDPROC       _?EE_WRITE
  -------         PROC          _?EE_READ
  i:0000H         SYMBOL        ptr_data
  i:0003H         SYMBOL        addr
  i:0004H         SYMBOL        cnt
  C:57B7H         LINE#         319
  C:57CDH         LINE#         321
  C:57D3H         LINE#         323
  C:57D6H         LINE#         325
  C:57DBH         LINE#         326
  C:57E5H         LINE#         328
  C:57EFH         LINE#         329
  C:57F9H         LINE#         331
  C:57FCH         LINE#         333
  C:5801H         LINE#         334
  C:580BH         LINE#         336
  C:5813H         LINE#         337
  C:5824H         LINE#         338
  C:5830H         LINE#         339
  C:5836H         LINE#         340
  C:583BH         LINE#         341
  C:583DH         LINE#         343
  C:584EH         LINE#         344
  C:5853H         LINE#         345
  C:5856H         LINE#         346
BL51 BANKED LINKER/LOCATER V6.22                                                      05/20/2015  14:04:13  PAGE 17


  C:585AH         LINE#         347
  -------         ENDPROC       _?EE_READ
  -------         PROC          _EEPROM_READ
  D:0001H         SYMBOL        ptr_data
  D:0005H         SYMBOL        addr
  D:002BH         SYMBOL        cnt
  -------         DO            
  D:0007H         SYMBOL        err
  -------         ENDDO         
  C:63D9H         LINE#         357
  C:63D9H         LINE#         358
  C:63D9H         LINE#         360
  C:63E2H         LINE#         361
  C:63E8H         LINE#         362
  C:63EAH         LINE#         363
  -------         ENDPROC       _EEPROM_READ
  -------         PROC          _?EEPROM_WRITE
  i:0009H         SYMBOL        ptr_data
  i:000CH         SYMBOL        addr
  i:000DH         SYMBOL        cnt
  -------         DO            
  i:0000H         SYMBOL        count
  i:0001H         SYMBOL        test
  -------         ENDDO         
  C:55B2H         LINE#         372
  C:55CEH         LINE#         375
  C:55F3H         LINE#         376
  C:5616H         LINE#         377
  C:5625H         LINE#         378
  C:564DH         LINE#         379
  C:5652H         LINE#         380
  C:5656H         LINE#         381
  C:5656H         LINE#         382
  C:5656H         LINE#         383
  C:5658H         LINE#         384
  -------         ENDPROC       _?EEPROM_WRITE
  -------         ENDMOD        24C04

  -------         MODULE        DISP
  C:0000H         SYMBOL        _ICE_DUMMY_
  D:0090H         PUBLIC        P1
  D:00A0H         PUBLIC        P2
  D:00B0H         PUBLIC        P3
  D:00E8H         PUBLIC        P6
  D:00F8H         PUBLIC        P7
  D:0084H         PUBLIC        SFRPAGE
  C:4891H         PUBLIC        _weight_disp
  C:6214H         PUBLIC        _flash_disp
  C:14ABH         PUBLIC        _disp_symbol
  C:5F72H         SYMBOL        _?ix1000
  C:5F78H         SYMBOL        _?ix1001
  C:641DH         PUBLIC        _disp_seg
  C:4EDFH         PUBLIC        _disp_int
  C:5F4AH         PUBLIC        seg_dot
  C:4CE0H         PUBLIC        _run_disp
  C:5F22H         PUBLIC        seg_sym
  -------         PROC          _DISP_SEG
BL51 BANKED LINKER/LOCATER V6.22                                                      05/20/2015  14:04:13  PAGE 18


  D:0007H         SYMBOL        seg_code
  D:0005H         SYMBOL        bit_addr
  C:641DH         LINE#         40
  C:641DH         LINE#         41
  C:641DH         LINE#         42
  C:6420H         LINE#         43
  C:6423H         LINE#         44
  C:6425H         LINE#         45
  C:6428H         LINE#         46
  -------         ENDPROC       _DISP_SEG
  -------         PROC          _RUN_DISP
  D:0027H         SYMBOL        disp_data
  -------         DO            
  B:0021H.4       SYMBOL        sign_flag
  X:00E8H         SYMBOL        n
  X:00E9H         SYMBOL        disp
  -------         ENDDO         
  C:4CE0H         LINE#         53
  C:4CE8H         LINE#         54
  C:4CE8H         LINE#         58
  C:4CFDH         LINE#         59
  C:4D03H         LINE#         61
  C:4D03H         LINE#         62
  C:4D19H         LINE#         63
  C:4D1FH         LINE#         65
  C:4D1FH         LINE#         66
  C:4D2FH         LINE#         67
  C:4D2FH         LINE#         68
  C:4D31H         LINE#         69
  C:4D44H         LINE#         70
  C:4D44H         LINE#         71
  C:4D49H         LINE#         72
  C:4D69H         LINE#         73
  C:4D82H         LINE#         74
  C:4D8CH         LINE#         75
  C:4D8FH         LINE#         76
  C:4D98H         LINE#         77
  C:4D9AH         LINE#         78
  C:4D9AH         LINE#         79
  C:4DA5H         LINE#         80
  C:4DA5H         LINE#         81
  C:4DABH         LINE#         83
  C:4DABH         LINE#         84
  C:4DABH         LINE#         85
  C:4DB9H         LINE#         86
  C:4DC6H         LINE#         87
  C:4DD4H         LINE#         88
  C:4DE2H         LINE#         90
  -------         ENDPROC       _RUN_DISP
  -------         PROC          _WEIGHT_DISP
  D:002BH         SYMBOL        disp_data
  -------         DO            
  B:0021H.5       SYMBOL        sign_flag
  X:00F5H         SYMBOL        n
  X:00F6H         SYMBOL        disp
  -------         ENDDO         
  C:4891H         LINE#         97
BL51 BANKED LINKER/LOCATER V6.22                                                      05/20/2015  14:04:13  PAGE 19


  C:4899H         LINE#         98
  C:4899H         LINE#         102
  C:489CH         LINE#         103
  C:489FH         LINE#         104
  C:48A2H         LINE#         105
  C:48B2H         LINE#         107
  C:48B2H         LINE#         108
  C:48B4H         LINE#         109
  C:48C7H         LINE#         110
  C:48C7H         LINE#         111
  C:48CCH         LINE#         112
  C:48CCH         LINE#         113
  C:48ECH         LINE#         114
  C:4905H         LINE#         115
  C:490FH         LINE#         116
  C:4912H         LINE#         117
  C:4912H         LINE#         118
  C:4918H         LINE#         119
  C:4918H         LINE#         120
  C:4921H         LINE#         121
  C:4927H         LINE#         122
  C:4927H         LINE#         123
  C:4929H         LINE#         125
  C:4929H         LINE#         126
  C:492CH         LINE#         127
  C:492CH         LINE#         128
  C:4932H         LINE#         129
  C:4932H         LINE#         130
  C:4938H         LINE#         131
  C:4938H         LINE#         132
  C:493BH         LINE#         133
  C:493EH         LINE#         134
  C:4940H         LINE#         135
  C:4946H         LINE#         136
  C:4948H         LINE#         137
  C:494EH         LINE#         138
  C:4950H         LINE#         140
  C:4950H         LINE#         141
  C:4956H         LINE#         143
  C:4956H         LINE#         144
  C:4956H         LINE#         145
  C:4964H         LINE#         146
  C:4971H         LINE#         147
  C:497FH         LINE#         148
  C:498DH         LINE#         149
  C:499BH         LINE#         150
  C:49A9H         LINE#         151
  C:49AEH         LINE#         153
  -------         ENDPROC       _WEIGHT_DISP
  -------         PROC          _DISP_SYMBOL
  D:002FH         SYMBOL        disp_code
  -------         DO            
  X:00FCH         SYMBOL        disp
  -------         ENDDO         
  C:14ABH         LINE#         159
  C:14ADH         LINE#         160
  C:14ADH         LINE#         161
BL51 BANKED LINKER/LOCATER V6.22                                                      05/20/2015  14:04:13  PAGE 20


  C:14C0H         LINE#         162
  C:15BCH         LINE#         163
  C:15BCH         LINE#         164
  C:15BCH         LINE#         165
  C:15C2H         LINE#         166
  C:15C8H         LINE#         167
  C:15CBH         LINE#         168
  C:15CBH         LINE#         169
  C:15D1H         LINE#         170
  C:15D4H         LINE#         171
  C:15D4H         LINE#         172
  C:15D4H         LINE#         173
  C:15D5H         LINE#         175
  C:15D5H         LINE#         176
  C:15DBH         LINE#         177
  C:15E1H         LINE#         178
  C:15E7H         LINE#         179
  C:15EAH         LINE#         180
  C:15EAH         LINE#         181
  C:15F0H         LINE#         182
  C:15F6H         LINE#         183
  C:15FCH         LINE#         184
  C:15FFH         LINE#         185
  C:15FFH         LINE#         186
  C:1605H         LINE#         187
  C:160BH         LINE#         188
  C:1611H         LINE#         189
  C:1617H         LINE#         190
  C:161AH         LINE#         191
  C:161AH         LINE#         192
  C:1620H         LINE#         193
  C:1626H         LINE#         194
  C:162CH         LINE#         195
  C:1632H         LINE#         196
  C:1635H         LINE#         197
  C:1635H         LINE#         198
  C:163BH         LINE#         199
  C:1641H         LINE#         200
  C:1647H         LINE#         201
  C:164DH         LINE#         202
  C:1653H         LINE#         203
  C:1656H         LINE#         204
  C:1656H         LINE#         205
  C:165CH         LINE#         206
  C:1662H         LINE#         207
  C:1668H         LINE#         208
  C:166BH         LINE#         209
  C:166BH         LINE#         210
  C:1671H         LINE#         211
  C:1677H         LINE#         212
  C:167BH         LINE#         213
  C:1681H         LINE#         214
  C:1684H         LINE#         215
  C:1684H         LINE#         216
  C:168AH         LINE#         217
  C:1690H         LINE#         218
  C:1694H         LINE#         219
BL51 BANKED LINKER/LOCATER V6.22                                                      05/20/2015  14:04:13  PAGE 21


  C:1697H         LINE#         220
  C:1697H         LINE#         221
  C:169DH         LINE#         222
  C:16A2H         LINE#         223
  C:16A5H         LINE#         224
  C:16A5H         LINE#         225
  C:16ABH         LINE#         226
  C:16B1H         LINE#         227
  C:16B7H         LINE#         228
  C:16BDH         LINE#         229
  C:16C0H         LINE#         230
  C:16C0H         LINE#         231
  C:16C6H         LINE#         232
  C:16CCH         LINE#         233
  C:16D2H         LINE#         234
  C:16D8H         LINE#         235
  C:16DBH         LINE#         236
  C:16DBH         LINE#         237
  C:16E1H         LINE#         238
  C:16E6H         LINE#         239
  C:16ECH         LINE#         240
  C:16F2H         LINE#         241
  C:16F5H         LINE#         242
  C:16F5H         LINE#         243
  C:16FBH         LINE#         244
  C:1701H         LINE#         245
  C:1705H         LINE#         246
  C:170BH         LINE#         247
  C:1711H         LINE#         248
  C:1717H         LINE#         249
  C:171AH         LINE#         250
  C:171AH         LINE#         251
  C:1720H         LINE#         252
  C:1726H         LINE#         253
  C:172AH         LINE#         254
  C:1730H         LINE#         255
  C:1736H         LINE#         256
  C:173CH         LINE#         257
  C:173FH         LINE#         258
  C:173FH         LINE#         259
  C:1745H         LINE#         260
  C:174BH         LINE#         261
  C:1751H         LINE#         262
  C:1757H         LINE#         263
  C:175CH         LINE#         264
  C:175FH         LINE#         265
  C:175FH         LINE#         266
  C:1765H         LINE#         267
  C:176AH         LINE#         268
  C:1770H         LINE#         269
  C:1776H         LINE#         270
  C:177CH         LINE#         271
  C:177FH         LINE#         272
  C:177FH         LINE#         273
  C:1785H         LINE#         274
  C:178BH         LINE#         275
  C:1790H         LINE#         276
BL51 BANKED LINKER/LOCATER V6.22                                                      05/20/2015  14:04:13  PAGE 22


  C:1796H         LINE#         277
  C:179CH         LINE#         278
  C:17A1H         LINE#         279
  C:17A4H         LINE#         280
  C:17A4H         LINE#         281
  C:17AAH         LINE#         282
  C:17B0H         LINE#         283
  C:17B6H         LINE#         284
  C:17BCH         LINE#         285
  C:17BFH         LINE#         286
  C:17BFH         LINE#         287
  C:17C5H         LINE#         288
  C:17CBH         LINE#         289
  C:17D1H         LINE#         290
  C:17D7H         LINE#         291
  C:17DAH         LINE#         292
  C:17DAH         LINE#         293
  C:17E0H         LINE#         294
  C:17E6H         LINE#         295
  C:17ECH         LINE#         296
  C:17F2H         LINE#         297
  C:17F5H         LINE#         298
  C:17F5H         LINE#         299
  C:17FBH         LINE#         300
  C:1801H         LINE#         301
  C:1807H         LINE#         302
  C:180DH         LINE#         303
  C:1810H         LINE#         304
  C:1810H         LINE#         305
  C:1816H         LINE#         306
  C:181CH         LINE#         307
  C:1822H         LINE#         308
  C:1828H         LINE#         309
  C:182BH         LINE#         310
  C:182BH         LINE#         311
  C:1831H         LINE#         312
  C:1837H         LINE#         313
  C:183BH         LINE#         314
  C:1841H         LINE#         315
  C:1847H         LINE#         316
  C:184DH         LINE#         317
  C:1850H         LINE#         318
  C:1850H         LINE#         319
  C:1856H         LINE#         320
  C:185CH         LINE#         321
  C:1860H         LINE#         322
  C:1866H         LINE#         323
  C:186CH         LINE#         324
  C:1872H         LINE#         325
  C:1875H         LINE#         326
  C:1875H         LINE#         327
  C:187BH         LINE#         328
  C:1881H         LINE#         329
  C:1885H         LINE#         330
  C:188BH         LINE#         331
  C:1891H         LINE#         332
  C:1897H         LINE#         333
BL51 BANKED LINKER/LOCATER V6.22                                                      05/20/2015  14:04:13  PAGE 23


  C:189AH         LINE#         334
  C:189AH         LINE#         335
  C:18A0H         LINE#         336
  C:18A6H         LINE#         337
  C:18AAH         LINE#         338
  C:18B0H         LINE#         339
  C:18B6H         LINE#         340
  C:18BCH         LINE#         341
  C:18BFH         LINE#         342
  C:18BFH         LINE#         343
  C:18C5H         LINE#         344
  C:18CBH         LINE#         345
  C:18CFH         LINE#         346
  C:18D5H         LINE#         347
  C:18DBH         LINE#         348
  C:18E1H         LINE#         349
  C:18E4H         LINE#         350
  C:18E4H         LINE#         351
  C:18E4H         LINE#         352
  C:18E4H         LINE#         353
  C:18E4H         LINE#         354
  C:18E4H         LINE#         355
  C:18E4H         LINE#         356
  C:18E4H         LINE#         357
  C:18E4H         LINE#         358
  C:18E4H         LINE#         359
  C:18E4H         LINE#         360
  C:18E4H         LINE#         361
  C:18E4H         LINE#         362
  C:18E4H         LINE#         363
  C:18E4H         LINE#         364
  C:18E4H         LINE#         365
  C:18E4H         LINE#         366
  C:18FCH         LINE#         367
  C:190AH         LINE#         368
  C:190EH         LINE#         369
  C:1912H         LINE#         370
  C:1914H         LINE#         371
  C:1918H         LINE#         372
  C:191BH         LINE#         373
  C:191BH         LINE#         374
  C:191BH         LINE#         375
  C:191BH         LINE#         376
  C:191BH         LINE#         377
  C:191BH         LINE#         378
  C:191BH         LINE#         379
  C:191BH         LINE#         380
  C:191BH         LINE#         381
  C:191BH         LINE#         382
  C:191BH         LINE#         383
  C:191BH         LINE#         384
  C:191BH         LINE#         385
  C:1933H         LINE#         386
  C:1941H         LINE#         387
  C:1945H         LINE#         388
  C:1947H         LINE#         389
  C:194BH         LINE#         390
BL51 BANKED LINKER/LOCATER V6.22                                                      05/20/2015  14:04:13  PAGE 24


  C:194EH         LINE#         391
  C:194EH         LINE#         392
  C:194EH         LINE#         393
  C:1966H         LINE#         394
  C:1974H         LINE#         395
  C:1978H         LINE#         396
  C:197CH         LINE#         397
  C:1980H         LINE#         398
  C:1982H         LINE#         399
  C:1982H         LINE#         400
  C:1982H         LINE#         401
  C:1982H         LINE#         402
  C:1982H         LINE#         403
  C:1982H         LINE#         404
  C:1982H         LINE#         405
  C:1982H         LINE#         406
  C:1982H         LINE#         407
  C:1982H         LINE#         408
  C:1988H         LINE#         409
  C:198BH         LINE#         410
  C:198FH         LINE#         411
  C:1995H         LINE#         412
  C:1999H         LINE#         413
  C:199BH         LINE#         414
  C:199BH         LINE#         415
  C:199BH         LINE#         416
  C:199BH         LINE#         417
  C:199BH         LINE#         418
  C:199BH         LINE#         419
  C:19A1H         LINE#         420
  C:19A4H         LINE#         421
  C:19A8H         LINE#         422
  C:19AEH         LINE#         423
  C:19B2H         LINE#         424
  C:19B4H         LINE#         425
  C:19B4H         LINE#         426
  C:19B4H         LINE#         427
  C:19B4H         LINE#         428
  C:19B4H         LINE#         429
  C:19B4H         LINE#         430
  C:19BAH         LINE#         431
  C:19BCH         LINE#         432
  C:19C0H         LINE#         433
  C:19C4H         LINE#         434
  C:19CAH         LINE#         435
  C:19CEH         LINE#         436
  C:19D0H         LINE#         437
  C:19D0H         LINE#         438
  C:19D6H         LINE#         439
  C:19D9H         LINE#         440
  C:19DDH         LINE#         441
  C:19E1H         LINE#         442
  C:19E5H         LINE#         443
  C:19E7H         LINE#         444
  C:19E7H         LINE#         445
  C:19EDH         LINE#         446
  C:19F0H         LINE#         447
BL51 BANKED LINKER/LOCATER V6.22                                                      05/20/2015  14:04:13  PAGE 25


  C:19F4H         LINE#         448
  C:19F8H         LINE#         449
  C:19FCH         LINE#         450
  C:19FFH         LINE#         451
  C:19FFH         LINE#         452
  C:1A0DH         LINE#         453
  C:1A1AH         LINE#         454
  C:1A28H         LINE#         455
  C:1A36H         LINE#         456
  C:1A44H         LINE#         457
  C:1A52H         LINE#         459
  -------         ENDPROC       _DISP_SYMBOL
  -------         PROC          _FLASH_DISP
  D:0027H         SYMBOL        disp_data
  C:6214H         LINE#         465
  C:621CH         LINE#         466
  C:621CH         LINE#         467
  C:6221H         LINE#         468
  C:6226H         LINE#         469
  C:6231H         LINE#         470
  C:6236H         LINE#         472
  -------         ENDPROC       _FLASH_DISP
  -------         PROC          _DISP_INT
  D:002AH         SYMBOL        disp_data
  -------         DO            
  X:00E7H         SYMBOL        n
  X:00E8H         SYMBOL        disp
  -------         ENDDO         
  C:4EDFH         LINE#         478
  C:4EE3H         LINE#         479
  C:4EE3H         LINE#         480
  C:4EF6H         LINE#         481
  C:4F05H         LINE#         482
  C:4F05H         LINE#         483
  C:4F1CH         LINE#         484
  C:4F2BH         LINE#         485
  C:4F33H         LINE#         486
  C:4F3CH         LINE#         487
  C:4F4DH         LINE#         488
  C:4F5EH         LINE#         489
  C:4F6FH         LINE#         490
  C:4F80H         LINE#         492
  C:4F8EH         LINE#         493
  C:4F9BH         LINE#         494
  C:4FA9H         LINE#         495
  C:4FB7H         LINE#         496
  C:4FC5H         LINE#         497
  C:4FD3H         LINE#         498
  C:4FD8H         LINE#         500
  -------         ENDPROC       _DISP_INT
  -------         ENDMOD        DISP

  -------         MODULE        KEY_FUNC
  C:0000H         SYMBOL        _ICE_DUMMY_
  D:0090H         PUBLIC        P1
  D:00A0H         PUBLIC        P2
  D:00B0H         PUBLIC        P3
BL51 BANKED LINKER/LOCATER V6.22                                                      05/20/2015  14:04:13  PAGE 26


  C:5AD6H         PUBLIC        get_input
  C:5A3FH         PUBLIC        _get_key
  -------         PROC          _GET_KEY
  D:002BH         SYMBOL        chk_val
  -------         DO            
  X:00F5H         SYMBOL        key_value
  X:00F6H         SYMBOL        i
  -------         ENDDO         
  C:5A3FH         LINE#         4
  C:5A41H         LINE#         5
  C:5A41H         LINE#         7
  C:5A46H         LINE#         8
  C:5A46H         LINE#         9
  C:5A4EH         LINE#         10
  C:5A7BH         LINE#         11
  C:5A7BH         LINE#         12
  C:5A7BH         LINE#         13
  C:5A85H         LINE#         14
  C:5A85H         LINE#         15
  C:5A85H         LINE#         16
  C:5A85H         LINE#         17
  C:5A85H         LINE#         18
  C:5A85H         LINE#         19
  C:5A85H         LINE#         20
  C:5A92H         LINE#         21
  C:5A92H         LINE#         22
  C:5A92H         LINE#         23
  C:5A9DH         LINE#         24
  C:5AA4H         LINE#         25
  C:5AA4H         LINE#         26
  C:5AA4H         LINE#         27
  C:5AA4H         LINE#         28
  C:5AA4H         LINE#         29
  C:5AA4H         LINE#         30
  C:5AA4H         LINE#         31
  C:5AAFH         LINE#         32
  C:5AAFH         LINE#         33
  C:5AAFH         LINE#         34
  C:5AB2H         LINE#         35
  C:5AB2H         LINE#         36
  C:5AB7H         LINE#         37
  C:5AC3H         LINE#         38
  C:5AC8H         LINE#         39
  C:5AD3H         LINE#         40
  C:5AD5H         LINE#         41
  -------         ENDPROC       _GET_KEY
  -------         PROC          GET_INPUT
  -------         DO            
  X:00E6H         SYMBOL        key_value
  X:00E7H         SYMBOL        i
  -------         ENDDO         
  C:5AD6H         LINE#         43
  C:5AD6H         LINE#         44
  C:5AD6H         LINE#         46
  C:5ADBH         LINE#         47
  C:5ADBH         LINE#         48
  C:5AE0H         LINE#         49
BL51 BANKED LINKER/LOCATER V6.22                                                      05/20/2015  14:04:13  PAGE 27


  C:5AE5H         LINE#         50
  C:5AF1H         LINE#         51
  C:5AFBH         LINE#         52
  C:5B00H         LINE#         53
  C:5B00H         LINE#         54
  C:5B08H         LINE#         55
  C:5B0DH         LINE#         56
  C:5B19H         LINE#         57
  C:5B1FH         LINE#         58
  C:5B27H         LINE#         59
  C:5B2EH         LINE#         60
  C:5B39H         LINE#         61
  C:5B40H         LINE#         62
  C:5B4BH         LINE#         63
  C:5B52H         LINE#         64
  C:5B5DH         LINE#         65
  C:5B64H         LINE#         66
  C:5B66H         LINE#         67
  -------         ENDPROC       GET_INPUT
  -------         ENDMOD        KEY_FUNC

  -------         MODULE        MAIN
  C:0000H         SYMBOL        _ICE_DUMMY_
  D:0080H         PUBLIC        P0
  D:0090H         PUBLIC        P1
  D:00FFH         PUBLIC        WDTCN
  D:00A0H         PUBLIC        P2
  D:00B0H         PUBLIC        P3
  D:00C8H         PUBLIC        P4
  D:00D8H         PUBLIC        P5
  B:00A8H.7       PUBLIC        EA
  D:00E8H         PUBLIC        P6
  X:0082H         PUBLIC        A_T_time
  X:0083H         PUBLIC        DpErrCnt
  D:00F8H         PUBLIC        P7
  X:0084H         PUBLIC        arrival_time
  X:0085H         PUBLIC        weight_correct_val
  X:0087H         PUBLIC        disp_cache
  D:0084H         PUBLIC        SFRPAGE
  X:0088H         PUBLIC        weight
  X:009CH         PUBLIC        CommAddr
  D:00A4H         PUBLIC        P0MDOUT
  D:00A5H         PUBLIC        P1MDOUT
  D:00A7H         PUBLIC        P3MDOUT
  D:009CH         PUBLIC        P4MDOUT
  D:009EH         PUBLIC        P6MDOUT
  C:4101H         PUBLIC        ShutAndCorrect
  D:009FH         PUBLIC        P7MDOUT
  B:0020H.0       PUBLIC        DropFlag
  B:0020H.1       PUBLIC        startup_flag
  C:61BEH         PUBLIC        Port_IO_Init
  X:009DH         PUBLIC        track_bags
  X:009EH         PUBLIC        tare_weight
  D:00E1H         PUBLIC        XBR0
  X:00A2H         PUBLIC        ZeroFlag
  D:00E3H         PUBLIC        XBR2
  X:00A3H         PUBLIC        ol_track_sw
BL51 BANKED LINKER/LOCATER V6.22                                                      05/20/2015  14:04:13  PAGE 28


  B:0020H.2       PUBLIC        t1_flag
  X:00A4H         PUBLIC        filter_coefficient1
  X:00A5H         PUBLIC        scale_counterweight_val
  X:00A9H         PUBLIC        drop_weight
  C:2848H         PUBLIC        main
  B:0020H.3       PUBLIC        flashboard_pulse_flag
  X:00ABH         PUBLIC        adc
  X:00AFH         PUBLIC        DpSwitch
  C:52AAH         PUBLIC        _update_shut_fb_w
  B:0020H.4       PUBLIC        disp_flag
  X:00B0H         PUBLIC        zero_scale_value
  X:00B2H         PUBLIC        w_save_cnt
  C:627CH         PUBLIC        sysclk_init
  C:1E66H         PUBLIC        read_all
  X:00B3H         PUBLIC        WeightOfLast
  X:00B5H         PUBLIC        DispCnt
  B:0020H.5       PUBLIC        discharge_pulse_flag
  X:00B6H         PUBLIC        load_cell_span
  B:0020H.6       PUBLIC        AutoZeroFlag
  X:00BAH         PUBLIC        adc_disp
  D:0097H         PUBLIC        CLKSEL
  D:008AH         PUBLIC        OSCICN
  B:0020H.7       PUBLIC        shut_flag
  X:00BEH         PUBLIC        flashboard_cnt
  X:00BFH         PUBLIC        sf_weight
  X:00C1H         PUBLIC        scale_output_val
  X:00C5H         PUBLIC        shut_fb_w
  X:00C7H         PUBLIC        err_code
  X:00C8H         PUBLIC        ZeroCnt
  X:00C9H         PUBLIC        residual_weight
  C:3924H         PUBLIC        save_all
  X:00CBH         PUBLIC        t1_cnt
  C:4FD9H         PUBLIC        ZeroPointDet
  B:00B0H.1       PUBLIC        FullOut
  X:00CCH         PUBLIC        counter_sw
  X:00CDH         PUBLIC        sf_switch
  X:00CEH         PUBLIC        sp_weight
  D:008CH         PUBLIC        OSCXCN
  B:0021H.0       PUBLIC        discharge_bag_loc_flag
  X:00D0H         PUBLIC        DpErrFlag
  C:5E5EH         PUBLIC        mcu_init
  B:0021H.1       PUBLIC        re_fill_flag
  B:00A0H.0       PUBLIC        zero_loc
  D:00EFH         PUBLIC        RSTSRC
  B:0021H.2       PUBLIC        DpEnFlag
  C:63B4H         PUBLIC        ClearDropCounter
  X:00D1H         PUBLIC        shut_cnt
  X:00D2H         PUBLIC        filter_coefficient
  X:00D3H         PUBLIC        cl_correct_sw
  B:00B0H.2       PUBLIC        SizeFlowOut
  X:00D4H         PUBLIC        filter1_out
  X:00D8H         PUBLIC        filter2_out
  C:006AH         PUBLIC        stop_wdt
  X:00DCH         PUBLIC        sf_weight_adj_val
  X:0180H         PUBLIC        DropCounter
  -------         PROC          MAIN
  -------         DO            
BL51 BANKED LINKER/LOCATER V6.22                                                      05/20/2015  14:04:13  PAGE 29


  X:00DEH         SYMBOL        shut_error
  -------         ENDDO         
  C:2848H         LINE#         114
  C:2848H         LINE#         115
  C:2848H         LINE#         116
  C:284BH         LINE#         119
  C:2852H         LINE#         120
  C:285DH         LINE#         122
  C:2867H         LINE#         123
  C:286CH         LINE#         124
  C:2873H         LINE#         125
  C:2875H         LINE#         126
  C:2886H         LINE#         127
  C:288BH         LINE#         128
  C:2892H         LINE#         129
  C:2892H         LINE#         130
  C:2895H         LINE#         131
  C:2898H         LINE#         135
  C:289AH         LINE#         136
  C:289CH         LINE#         138
  C:289CH         LINE#         141
  C:28A2H         LINE#         142
  C:28A8H         LINE#         143
  C:28AEH         LINE#         144
  C:28B4H         LINE#         145
  C:28BAH         LINE#         146
  C:28BAH         LINE#         147
  C:28BAH         LINE#         148
  C:28BDH         LINE#         149
  C:28C0H         LINE#         152
  C:28C3H         LINE#         153
  C:28C6H         LINE#         154
  C:28C9H         LINE#         155
  C:28D2H         LINE#         156
  C:28D2H         LINE#         157
  C:28D5H         LINE#         158
  C:28DCH         LINE#         159
  C:28E7H         LINE#         160
  C:28E9H         LINE#         161
  C:28F0H         LINE#         162
  C:28FBH         LINE#         163
  C:28FBH         LINE#         164
  C:2901H         LINE#         165
  C:2903H         LINE#         166
  C:2916H         LINE#         167
  C:2916H         LINE#         168
  C:2921H         LINE#         169
  C:2928H         LINE#         170
  C:2935H         LINE#         171
  C:293FH         LINE#         172
  C:2944H         LINE#         173
  C:2944H         LINE#         174
  C:2944H         LINE#         175
  C:294FH         LINE#         176
  C:2984H         LINE#         177
  C:29B9H         LINE#         178
  C:29BCH         LINE#         179
BL51 BANKED LINKER/LOCATER V6.22                                                      05/20/2015  14:04:13  PAGE 30


  C:29D0H         LINE#         180
  C:29E1H         LINE#         181
  C:29E6H         LINE#         182
  C:29E8H         LINE#         183
  C:29E8H         LINE#         184
  C:29E8H         LINE#         186
  C:2A06H         LINE#         187
  C:2A0DH         LINE#         188
  C:2A25H         LINE#         189
  C:2A27H         LINE#         190
  C:2A29H         LINE#         191
  C:2A48H         LINE#         192
  C:2A4AH         LINE#         193
  C:2A4AH         LINE#         194
  C:2A4AH         LINE#         195
  C:2A71H         LINE#         197
  C:2A9EH         LINE#         198
  C:2AB9H         LINE#         199
  C:2ABCH         LINE#         200
  C:2ABFH         LINE#         201
  C:2ADCH         LINE#         202
  C:2ADFH         LINE#         203
  C:2AE2H         LINE#         204
  C:2AF4H         LINE#         205
  C:2AF6H         LINE#         206
  C:2AFCH         LINE#         207
  C:2B07H         LINE#         208
  C:2B0AH         LINE#         209
  C:2B0AH         LINE#         210
  C:2B0FH         LINE#         211
  C:2B0FH         LINE#         212
  C:2B12H         LINE#         213
  C:2B15H         LINE#         214
  -------         ENDPROC       MAIN
  -------         PROC          ZEROPOINTDET
  -------         DO            
  X:00E2H         SYMBOL        czero_scale_value
  -------         ENDDO         
  C:4FD9H         LINE#         225
  C:4FD9H         LINE#         226
  C:4FD9H         LINE#         228
  C:4FDFH         LINE#         229
  C:4FEBH         LINE#         230
  C:4FFAH         LINE#         231
  C:5001H         LINE#         232
  C:500AH         LINE#         233
  C:503EH         LINE#         234
  C:504DH         LINE#         235
  C:506FH         LINE#         236
  C:5090H         LINE#         237
  C:5092H         LINE#         238
  C:5092H         LINE#         239
  C:509DH         LINE#         240
  C:50AEH         LINE#         241
  C:50C1H         LINE#         242
  C:50C1H         LINE#         243
  C:50C3H         LINE#         244
BL51 BANKED LINKER/LOCATER V6.22                                                      05/20/2015  14:04:13  PAGE 31


  C:50C6H         LINE#         245
  C:50CCH         LINE#         246
  C:50D1H         LINE#         247
  C:50D1H         LINE#         248
  -------         ENDPROC       ZEROPOINTDET
  -------         PROC          SHUTANDCORRECT
  -------         DO            
  D:0023H         SYMBOL        DropVal
  -------         ENDDO         
  C:4101H         LINE#         250
  C:4101H         LINE#         251
  C:4101H         LINE#         252
  C:4119H         LINE#         253
  C:411BH         LINE#         254
  C:411DH         LINE#         255
  C:411FH         LINE#         256
  C:4121H         LINE#         257
  C:4126H         LINE#         258
  C:4128H         LINE#         259
  C:4132H         LINE#         260
  C:413DH         LINE#         261
  C:415BH         LINE#         262
  C:4164H         LINE#         264
  C:4167H         LINE#         266
  C:416AH         LINE#         267
  C:4175H         LINE#         268
  C:417AH         LINE#         269
  C:417CH         LINE#         270
  C:417FH         LINE#         271
  C:4185H         LINE#         272
  C:418AH         LINE#         273
  C:4194H         LINE#         274
  C:41A8H         LINE#         275
  C:41BCH         LINE#         276
  C:41C2H         LINE#         277
  C:41D0H         LINE#         278
  C:41D2H         LINE#         279
  C:41DDH         LINE#         280
  C:41E8H         LINE#         281
  C:41FCH         LINE#         282
  C:4202H         LINE#         283
  C:4205H         LINE#         284
  C:4207H         LINE#         285
  C:4209H         LINE#         286
  C:4209H         LINE#         287
  C:420CH         LINE#         288
  C:420EH         LINE#         289
  C:4210H         LINE#         290
  C:4213H         LINE#         291
  C:4215H         LINE#         292
  C:423BH         LINE#         294
  C:423DH         LINE#         295
  C:424DH         LINE#         296
  C:425CH         LINE#         297
  -------         ENDPROC       SHUTANDCORRECT
  -------         PROC          PORT_IO_INIT
  C:61BEH         LINE#         358
BL51 BANKED LINKER/LOCATER V6.22                                                      05/20/2015  14:04:13  PAGE 32


  C:61BEH         LINE#         359
  C:61BEH         LINE#         360
  C:61C1H         LINE#         361
  C:61C4H         LINE#         362
  C:61C7H         LINE#         363
  C:61CAH         LINE#         364
  C:61CDH         LINE#         365
  C:61D0H         LINE#         366
  C:61D3H         LINE#         367
  C:61D6H         LINE#         368
  C:61D9H         LINE#         370
  C:61DCH         LINE#         371
  C:61DFH         LINE#         372
  C:61E2H         LINE#         373
  C:61E5H         LINE#         374
  C:61E8H         LINE#         375
  C:61EBH         LINE#         376
  C:61EEH         LINE#         377
  -------         ENDPROC       PORT_IO_INIT
  -------         PROC          STOP_WDT
  C:006AH         LINE#         384
  C:006AH         LINE#         385
  C:006AH         LINE#         386
  C:006CH         LINE#         387
  C:006FH         LINE#         388
  C:0072H         LINE#         389
  -------         ENDPROC       STOP_WDT
  -------         PROC          SYSCLK_INIT
  -------         DO            
  D:0006H         SYMBOL        i
  -------         ENDDO         
  C:627CH         LINE#         396
  C:627CH         LINE#         397
  C:627CH         LINE#         399
  C:627FH         LINE#         400
  C:6282H         LINE#         401
  C:6290H         LINE#         402
  C:6295H         LINE#         403
  C:6298H         LINE#         404
  C:629BH         LINE#         406
  -------         ENDPROC       SYSCLK_INIT
  -------         PROC          SAVE_ALL
  -------         DO            
  D:0025H         SYMBOL        Start_1stFlag
  -------         ENDDO         
  C:3924H         LINE#         407
  C:3924H         LINE#         408
  C:3924H         LINE#         409
  C:3927H         LINE#         411
  C:392DH         LINE#         412
  C:393EH         LINE#         415
  C:3944H         LINE#         416
  C:3953H         LINE#         419
  C:3959H         LINE#         420
  C:396AH         LINE#         423
  C:3974H         LINE#         424
  C:3985H         LINE#         427
BL51 BANKED LINKER/LOCATER V6.22                                                      05/20/2015  14:04:13  PAGE 33


  C:398FH         LINE#         428
  C:39A0H         LINE#         431
  C:39AAH         LINE#         432
  C:39BBH         LINE#         435
  C:39C5H         LINE#         436
  C:39D6H         LINE#         439
  C:39DCH         LINE#         440
  C:39EDH         LINE#         443
  C:39F3H         LINE#         444
  C:3A04H         LINE#         447
  C:3A0EH         LINE#         448
  C:3A1FH         LINE#         451
  C:3A26H         LINE#         452
  C:3A37H         LINE#         455
  C:3A3EH         LINE#         456
  C:3A4FH         LINE#         459
  C:3A56H         LINE#         460
  C:3A67H         LINE#         463
  C:3A6CH         LINE#         464
  C:3A7DH         LINE#         467
  C:3A83H         LINE#         468
  C:3A94H         LINE#         471
  C:3A9AH         LINE#         472
  C:3AABH         LINE#         475
  C:3AB1H         LINE#         476
  C:3AC2H         LINE#         478
  C:3AD3H         LINE#         479
  -------         ENDPROC       SAVE_ALL
  -------         PROC          READ_ALL
  -------         DO            
  D:0025H         SYMBOL        cnt
  D:0026H         SYMBOL        err_temp
  -------         ENDDO         
  C:1E66H         LINE#         480
  C:1E66H         LINE#         481
  C:1E66H         LINE#         484
  C:1E69H         LINE#         488
  C:1E77H         LINE#         490
  C:1E85H         LINE#         491
  C:1E92H         LINE#         492
  C:1E97H         LINE#         493
  C:1E9AH         LINE#         494
  C:1E9CH         LINE#         497
  C:1E9FH         LINE#         498
  C:1EA7H         LINE#         499
  C:1EA9H         LINE#         500
  C:1EB3H         LINE#         501
  C:1EB5H         LINE#         502
  C:1EBEH         LINE#         503
  C:1EC3H         LINE#         504
  C:1EC6H         LINE#         505
  C:1EC8H         LINE#         508
  C:1ECAH         LINE#         511
  C:1ED8H         LINE#         513
  C:1EE1H         LINE#         514
  C:1EE4H         LINE#         515
  C:1EF5H         LINE#         516
BL51 BANKED LINKER/LOCATER V6.22                                                      05/20/2015  14:04:13  PAGE 34


  C:1EF5H         LINE#         517
  C:1F11H         LINE#         520
  C:1F1FH         LINE#         522
  C:1F3DH         LINE#         523
  C:1F42H         LINE#         524
  C:1F45H         LINE#         525
  C:1F47H         LINE#         528
  C:1F55H         LINE#         530
  C:1FF1H         LINE#         532
  C:1FF1H         LINE#         533
  C:1FF6H         LINE#         534
  C:1FF9H         LINE#         535
  C:1FFCH         LINE#         538
  C:200AH         LINE#         539
  C:203DH         LINE#         540
  C:2042H         LINE#         541
  C:2045H         LINE#         542
  C:2047H         LINE#         545
  C:2055H         LINE#         546
  C:2088H         LINE#         547
  C:208DH         LINE#         548
  C:2090H         LINE#         549
  C:2092H         LINE#         552
  C:20A0H         LINE#         553
  C:20ACH         LINE#         554
  C:20B2H         LINE#         555
  C:20C3H         LINE#         556
  C:20C3H         LINE#         559
  C:20D1H         LINE#         566
  C:20DFH         LINE#         569
  C:20EDH         LINE#         570
  C:2106H         LINE#         571
  C:210BH         LINE#         572
  C:210EH         LINE#         573
  C:2110H         LINE#         576
  C:211EH         LINE#         577
  C:213BH         LINE#         578
  C:2140H         LINE#         579
  C:2143H         LINE#         580
  C:2145H         LINE#         584
  C:2153H         LINE#         585
  C:2170H         LINE#         586
  C:2175H         LINE#         587
  C:2178H         LINE#         588
  C:217AH         LINE#         591
  C:2188H         LINE#         592
  C:2197H         LINE#         593
  C:219CH         LINE#         594
  C:219FH         LINE#         596
  C:21A1H         LINE#         599
  C:21AFH         LINE#         601
  C:21BDH         LINE#         604
  C:21CBH         LINE#         606
  C:21D9H         LINE#         607
  C:21DFH         LINE#         608
  C:21E3H         LINE#         609
  C:21E8H         LINE#         610
BL51 BANKED LINKER/LOCATER V6.22                                                      05/20/2015  14:04:13  PAGE 35


  C:21E8H         LINE#         612
  C:21F6H         LINE#         614
  C:2212H         LINE#         615
  C:2227H         LINE#         617
  C:2257H         LINE#         618
[...]
  C:6213H         LINE#         97
  C:6213H         LINE#         98
  -------         ENDPROC       _PBGETCHAR
  -------         PROC          PB_INIT
  -------         DO            
  B:0021H.5       SYMBOL        pbinit_flag
  D:0029H         SYMBOL        TimeOutCnt
  D:002DH         SYMBOL        i
  D:002EH         SYMBOL        x
  D:002FH         SYMBOL        cnt
  -------         ENDDO         
  C:3C84H         LINE#         99
  C:3C84H         LINE#         100
  C:3C84H         LINE#         101
  C:3C86H         LINE#         102
  C:3C8FH         LINE#         103
  C:3C91H         LINE#         106
  C:3C94H         LINE#         107
  C:3C96H         LINE#         108
  C:3C99H         LINE#         109
  C:3CA1H         LINE#         110
  C:3CA5H         LINE#         111
  C:3CA9H         LINE#         112
  C:3CADH         LINE#         113
  C:3CB1H         LINE#         114
  C:3CB5H         LINE#         115
  C:3CB9H         LINE#         116
  C:3CBDH         LINE#         117
  C:3CC1H         LINE#         118
BL51 BANKED LINKER/LOCATER V6.22                                                      05/20/2015  14:04:13  PAGE 79


  C:3CC5H         LINE#         119
  C:3CC9H         LINE#         120
  C:3CCFH         LINE#         121
  C:3CD3H         LINE#         122
  C:3CD7H         LINE#         125
  C:3CDCH         LINE#         126
  C:3CF8H         LINE#         128
  C:3CF8H         LINE#         129
  C:3CFAH         LINE#         130
  C:3D05H         LINE#         131
  C:3D12H         LINE#         132
  C:3D14H         LINE#         133
  C:3D1DH         LINE#         134
  C:3D20H         LINE#         135
  C:3D36H         LINE#         136
  C:3D36H         LINE#         137
  C:3D52H         LINE#         138
  C:3D5BH         LINE#         139
  C:3D5EH         LINE#         140
  C:3D74H         LINE#         141
  C:3D74H         LINE#         143
  C:3D77H         LINE#         144
  C:3D87H         LINE#         145
  C:3D8BH         LINE#         146
  C:3D94H         LINE#         148
  C:3D9BH         LINE#         149
  C:3DB4H         LINE#         150
  C:3DBFH         LINE#         151
  C:3DCAH         LINE#         152
  C:3DD1H         LINE#         153
  C:3DD4H         LINE#         154
  C:3DE3H         LINE#         155
  C:3DEAH         LINE#         156
  C:3DF3H         LINE#         157
  C:3DF5H         LINE#         158
  C:3E02H         LINE#         159
  C:3E02H         LINE#         160
  C:3E02H         LINE#         161
  C:3E02H         LINE#         162
  C:3E02H         LINE#         163
  C:3E02H         LINE#         164
  C:3E19H         LINE#         165
  C:3E1BH         LINE#         166
  -------         ENDPROC       PB_INIT
  -------         PROC          PBRESTART
  -------         DO            
  D:0007H         SYMBOL        PbRerr
  -------         ENDDO         
  C:63A0H         LINE#         168
  C:63A0H         LINE#         169
  C:63A0H         LINE#         170
  C:63A2H         LINE#         171
  C:63ACH         LINE#         172
  C:63AEH         LINE#         173
  C:63B1H         LINE#         174
  C:63B3H         LINE#         175
  C:63B3H         LINE#         176
BL51 BANKED LINKER/LOCATER V6.22                                                      05/20/2015  14:04:13  PAGE 80


  C:63B3H         LINE#         177
  -------         ENDPROC       PBRESTART
  -------         PROC          PBTARE
  C:60AEH         LINE#         179
  C:60AEH         LINE#         180
  C:60AEH         LINE#         181
  C:60B6H         LINE#         182
  C:60BDH         LINE#         183
  C:60C4H         LINE#         184
  C:60CBH         LINE#         185
  C:60D4H         LINE#         186
  C:60E5H         LINE#         187
  C:60ECH         LINE#         188
  C:60ECH         LINE#         189
  C:60EDH         LINE#         190
  C:60F4H         LINE#         191
  C:60F4H         LINE#         192
  -------         ENDPROC       PBTARE
  -------         PROC          PBNW_MEASURE
  -------         DO            
  D:0025H         SYMBOL        adcval
  D:0029H         SYMBOL        p_temp
  -------         ENDDO         
  C:5DF3H         LINE#         194
  C:5DF3H         LINE#         195
  C:5DF3H         LINE#         198
  C:5DFBH         LINE#         199
  C:5E06H         LINE#         200
  C:5E0FH         LINE#         201
  C:5E24H         LINE#         202
  C:5E37H         LINE#         203
  C:5E4AH         LINE#         204
  C:5E5DH         LINE#         205
  C:5E5DH         LINE#         206
  -------         ENDPROC       PBNW_MEASURE
  -------         PROC          DPDATAEXCHANGE
  -------         DO            
  D:0048H         SYMBOL        i
  D:0049H         SYMBOL        error
  D:004AH         SYMBOL        upara16
  D:004CH         SYMBOL        spara16
  D:004EH         SYMBOL        upara32
  D:0052H         SYMBOL        TimeOutCnt
  D:0056H         SYMBOL        ppp
  -------         ENDDO         
  C:0086H         LINE#         207
  C:0086H         LINE#         208
  C:0086H         LINE#         209
  C:0089H         LINE#         212
  C:0091H         LINE#         214
  C:0096H         LINE#         215
  C:009BH         LINE#         216
  C:009BH         LINE#         218
  C:00A0H         LINE#         219
  C:00A9H         LINE#         220
  C:00BEH         LINE#         221
  C:00D1H         LINE#         222
BL51 BANKED LINKER/LOCATER V6.22                                                      05/20/2015  14:04:13  PAGE 81


  C:00D9H         LINE#         223
  C:00E2H         LINE#         224
  C:00F7H         LINE#         225
  C:010AH         LINE#         226
  C:0112H         LINE#         227
  C:011BH         LINE#         228
  C:0130H         LINE#         229
  C:0143H         LINE#         230
  C:014BH         LINE#         231
  C:0153H         LINE#         232
  C:015CH         LINE#         233
  C:0171H         LINE#         234
  C:0184H         LINE#         235
  C:018CH         LINE#         236
  C:0195H         LINE#         237
  C:01AAH         LINE#         238
  C:01BDH         LINE#         239
  C:01C5H         LINE#         240
  C:01CDH         LINE#         241
  C:01D6H         LINE#         242
  C:01EBH         LINE#         243
  C:01FEH         LINE#         244
  C:0211H         LINE#         245
  C:0224H         LINE#         246
  C:022DH         LINE#         247
  C:0242H         LINE#         248
  C:0255H         LINE#         249
  C:0268H         LINE#         250
  C:027BH         LINE#         251
  C:0284H         LINE#         252
  C:0299H         LINE#         253
  C:02ACH         LINE#         254
  C:02BFH         LINE#         255
  C:02D2H         LINE#         256
  C:02DBH         LINE#         257
  C:02F0H         LINE#         258
  C:0303H         LINE#         259
  C:0316H         LINE#         260
  C:0329H         LINE#         263
  C:032EH         LINE#         264
  C:0330H         LINE#         265
  C:033AH         LINE#         266
  C:0341H         LINE#         267
  C:034DH         LINE#         268
  C:0354H         LINE#         269
  C:0360H         LINE#         270
  C:0367H         LINE#         271
  C:0373H         LINE#         272
  C:037AH         LINE#         273
  C:0386H         LINE#         274
  C:038DH         LINE#         276
  C:0396H         LINE#         277
  C:03ABH         LINE#         278
  C:03BEH         LINE#         279
  C:03D1H         LINE#         280
  C:03E4H         LINE#         282
  C:03EDH         LINE#         283
BL51 BANKED LINKER/LOCATER V6.22                                                      05/20/2015  14:04:13  PAGE 82


  C:0402H         LINE#         284
  C:0415H         LINE#         286
  C:042EH         LINE#         287
  C:0432H         LINE#         288
  C:043BH         LINE#         289
  C:0450H         LINE#         290
  C:0463H         LINE#         296
  C:0463H         LINE#         297
  C:0470H         LINE#         298
  C:0498H         LINE#         300
  C:04A1H         LINE#         301
  C:04A4H         LINE#         302
  C:04BAH         LINE#         303
  C:04BAH         LINE#         305
  C:04D8H         LINE#         307
  C:04E1H         LINE#         308
  C:04E4H         LINE#         309
  C:04FAH         LINE#         310
  C:04FAH         LINE#         312
  C:0504H         LINE#         313
  C:0514H         LINE#         314
  C:0518H         LINE#         315
  C:051CH         LINE#         316
  C:0520H         LINE#         317
  C:0522H         LINE#         318
  C:053FH         LINE#         319
  C:0554H         LINE#         320
  C:0557H         LINE#         321
  C:0557H         LINE#         322
  C:055DH         LINE#         324
  C:055DH         LINE#         325
  C:0564H         LINE#         326
  C:0566H         LINE#         327
  C:0568H         LINE#         328
  C:0568H         LINE#         329
  C:056FH         LINE#         330
  C:0571H         LINE#         331
  C:0571H         LINE#         333
  C:057BH         LINE#         334
  C:0585H         LINE#         335
  C:058EH         LINE#         336
  C:05A5H         LINE#         337
  C:05BCH         LINE#         338
  C:05D9H         LINE#         339
  C:05FDH         LINE#         340
  C:0612H         LINE#         341
  C:061CH         LINE#         342
  C:062DH         LINE#         343
  C:0634H         LINE#         344
  C:0636H         LINE#         345
  C:063DH         LINE#         347
  C:0646H         LINE#         348
  C:064BH         LINE#         349
  C:065CH         LINE#         350
  C:0678H         LINE#         351
  C:067FH         LINE#         352
  C:0681H         LINE#         353
BL51 BANKED LINKER/LOCATER V6.22                                                      05/20/2015  14:04:13  PAGE 83


  C:0688H         LINE#         355
  C:068FH         LINE#         356
  C:068FH         LINE#         357
  C:0691H         LINE#         358
  C:0698H         LINE#         360
  C:06A2H         LINE#         361
  C:06ACH         LINE#         362
  C:06B5H         LINE#         363
  C:06CCH         LINE#         364
  C:06E3H         LINE#         365
  C:06F9H         LINE#         366
  C:0703H         LINE#         367
  C:071EH         LINE#         368
  C:072FH         LINE#         369
  C:0736H         LINE#         370
  C:0738H         LINE#         371
  C:073FH         LINE#         372
  C:074BH         LINE#         373
  C:0753H         LINE#         374
  C:0764H         LINE#         375
  C:0764H         LINE#         376
  C:076BH         LINE#         377
  C:076BH         LINE#         378
  C:076DH         LINE#         379
  C:0774H         LINE#         381
  C:077EH         LINE#         382
  C:0788H         LINE#         383
  C:0791H         LINE#         384
  C:07A8H         LINE#         385
  C:07BFH         LINE#         386
  C:07D6H         LINE#         387
  C:07EDH         LINE#         388
  C:0853H         LINE#         390
  C:0853H         LINE#         391
  C:0861H         LINE#         392
  C:0872H         LINE#         393
  C:0879H         LINE#         394
  C:087BH         LINE#         395
  C:0882H         LINE#         397
  C:088BH         LINE#         398
  C:08A2H         LINE#         399
  C:08B9H         LINE#         400
  C:08D0H         LINE#         401
  C:08E7H         LINE#         402
  C:090BH         LINE#         403
  C:0919H         LINE#         404
  C:092AH         LINE#         405
  C:0931H         LINE#         406
  C:0933H         LINE#         407
  C:093AH         LINE#         409
  C:0943H         LINE#         410
  C:095AH         LINE#         411
  C:0971H         LINE#         412
  C:0988H         LINE#         413
  C:099FH         LINE#         414
  C:09C3H         LINE#         415
  C:09D1H         LINE#         416
BL51 BANKED LINKER/LOCATER V6.22                                                      05/20/2015  14:04:13  PAGE 84


  C:09E2H         LINE#         417
  C:09E9H         LINE#         418
  C:09EBH         LINE#         419
  C:09F2H         LINE#         420
  C:09F9H         LINE#         421
  C:09F9H         LINE#         422
  C:09FBH         LINE#         423
  C:0A02H         LINE#         425
  C:0A0CH         LINE#         426
  C:0A16H         LINE#         427
  C:0A1FH         LINE#         428
  C:0A36H         LINE#         429
  C:0A4DH         LINE#         430
  C:0A67H         LINE#         431
  C:0A8BH         LINE#         432
  C:0AA0H         LINE#         433
  C:0AAAH         LINE#         434
  C:0ABBH         LINE#         435
  C:0AC2H         LINE#         436
  C:0AC4H         LINE#         437
  C:0ACBH         LINE#         438
  C:0AD4H         LINE#         439
  C:0AEBH         LINE#         440
  C:0B02H         LINE#         441
  C:0B1CH         LINE#         442
  C:0B26H         LINE#         443
  C:0B37H         LINE#         444
  C:0B3EH         LINE#         445
  C:0B40H         LINE#         446
  C:0B47H         LINE#         447
  C:0B4EH         LINE#         448
  C:0B4EH         LINE#         449
  C:0B50H         LINE#         450
  C:0B57H         LINE#         452
  C:0B61H         LINE#         453
  C:0B6BH         LINE#         454
  C:0B78H         LINE#         455
  C:0B80H         LINE#         456
  C:0B8BH         LINE#         457
  C:0B91H         LINE#         458
  C:0B95H         LINE#         459
  C:0B9CH         LINE#         460
  C:0B9EH         LINE#         461
  C:0BA5H         LINE#         462
  C:0BB6H         LINE#         463
  C:0BB6H         LINE#         464
  C:0BC4H         LINE#         465
  C:0BC9H         LINE#         466
  C:0BDAH         LINE#         467
  C:0BE1H         LINE#         468
  C:0BE3H         LINE#         469
  C:0BEAH         LINE#         470
  C:0BF1H         LINE#         471
  C:0BF1H         LINE#         472
  C:0BF3H         LINE#         473
  C:0BFAH         LINE#         475
  C:0C01H         LINE#         476
BL51 BANKED LINKER/LOCATER V6.22                                                      05/20/2015  14:04:13  PAGE 85


  C:0C08H         LINE#         477
  C:0C14H         LINE#         478
  C:0C1CH         LINE#         479
  C:0C21H         LINE#         480
  C:0C32H         LINE#         481
  C:0C32H         LINE#         482
  C:0C39H         LINE#         483
  C:0C39H         LINE#         484
  C:0C3BH         LINE#         485
  C:0C42H         LINE#         487
  C:0C4CH         LINE#         488
  C:0C56H         LINE#         489
  C:0C5FH         LINE#         490
  C:0C76H         LINE#         491
  C:0C8DH         LINE#         492
  C:0C9FH         LINE#         493
  C:0CA9H         LINE#         494
  C:0CBAH         LINE#         495
  C:0CC1H         LINE#         496
  C:0CC3H         LINE#         497
  C:0CCAH         LINE#         499
  C:0CD7H         LINE#         500
  C:0CDFH         LINE#         501
  C:0CEDH         LINE#         502
  C:0CF3H         LINE#         503
  C:0CF7H         LINE#         504
  C:0CFEH         LINE#         505
  C:0D00H         LINE#         506
  C:0D07H         LINE#         507
  C:0D18H         LINE#         508
  C:0D18H         LINE#         509
  C:0D1EH         LINE#         510
  C:0D22H         LINE#         511
  C:0D33H         LINE#         512
  C:0D3AH         LINE#         513
  C:0D3CH         LINE#         514
  C:0D43H         LINE#         515
  C:0D4AH         LINE#         516
  C:0D4AH         LINE#         517
  C:0D4CH         LINE#         518
  C:0D53H         LINE#         520
  C:0D5AH         LINE#         521
  C:0D61H         LINE#         522
  C:0D6BH         LINE#         523
  C:0D72H         LINE#         524
  C:0D72H         LINE#         525
  C:0D74H         LINE#         526
  C:0D7BH         LINE#         527
  C:0D7BH         LINE#         528
  C:0D7DH         LINE#         529
  -------         ENDPROC       DPDATAEXCHANGE
  -------         ENDMOD        TERMINAL

  -------         MODULE        ?C?FPADD
  C:0D85H         PUBLIC        ?C?FPADD
  C:0D81H         PUBLIC        ?C?FPSUB
  -------         ENDMOD        ?C?FPADD
BL51 BANKED LINKER/LOCATER V6.22                                                      05/20/2015  14:04:13  PAGE 86



  -------         MODULE        ?C?FPMUL
  C:0E76H         PUBLIC        ?C?FPMUL
  -------         ENDMOD        ?C?FPMUL

  -------         MODULE        ?C?FPDIV
  C:0F7FH         PUBLIC        ?C?FPDIV
  -------         ENDMOD        ?C?FPDIV

  -------         MODULE        ?C?FCAST
  C:1026H         PUBLIC        ?C?FCASTC
  C:1021H         PUBLIC        ?C?FCASTI
  C:101CH         PUBLIC        ?C?FCASTL
  -------         ENDMOD        ?C?FCAST

  -------         MODULE        ?C?CASTF
  C:105AH         PUBLIC        ?C?CASTF
  -------         ENDMOD        ?C?CASTF

  -------         MODULE        ?C?COPY
  C:11ABH         PUBLIC        ?C?COPY
  -------         ENDMOD        ?C?COPY

  -------         MODULE        ?C?CLDPTR
  C:11D1H         PUBLIC        ?C?CLDPTR
  -------         ENDMOD        ?C?CLDPTR

  -------         MODULE        ?C?CLDOPTR
  C:11EAH         PUBLIC        ?C?CLDOPTR
  -------         ENDMOD        ?C?CLDOPTR

  -------         MODULE        ?C?CSTPTR
  C:1217H         PUBLIC        ?C?CSTPTR
  -------         ENDMOD        ?C?CSTPTR

  -------         MODULE        ?C?UIDIV
  C:1229H         PUBLIC        ?C?UIDIV
  -------         ENDMOD        ?C?UIDIV

  -------         MODULE        ?C?LMUL
  C:127EH         PUBLIC        ?C?LMUL
  -------         ENDMOD        ?C?LMUL

  -------         MODULE        ?C?ULDIV
  C:1309H         PUBLIC        ?C?ULDIV
  -------         ENDMOD        ?C?ULDIV

  -------         MODULE        ?C?SLDIV
  C:613BH         PUBLIC        ?C?SLDIV
  -------         ENDMOD        ?C?SLDIV

  -------         MODULE        ?C?LNEG
  C:139BH         PUBLIC        ?C?LNEG
  -------         ENDMOD        ?C?LNEG

  -------         MODULE        ?C?SLCMP
  C:13A9H         PUBLIC        ?C?SLCMP
BL51 BANKED LINKER/LOCATER V6.22                                                      05/20/2015  14:04:13  PAGE 87


  -------         ENDMOD        ?C?SLCMP

  -------         MODULE        ?C?ULCMP
  C:13BFH         PUBLIC        ?C?ULCMP
  -------         ENDMOD        ?C?ULCMP

  -------         MODULE        ?C?ULSHR
  C:13D0H         PUBLIC        ?C?ULSHR
  -------         ENDMOD        ?C?ULSHR

  -------         MODULE        ?C?LSHL
  C:13E3H         PUBLIC        ?C?LSHL
  -------         ENDMOD        ?C?LSHL

  -------         MODULE        ?C?LSTPTR
  C:13F6H         PUBLIC        ?C?LSTPTR
  -------         ENDMOD        ?C?LSTPTR

  -------         MODULE        ?C?LILDIDATA
  C:1419H         PUBLIC        ?C?LILDIDATA
  C:1410H         PUBLIC        ?C?LILDIDATA1
  C:1412H         PUBLIC        ?C?LILDIDATA8
  -------         ENDMOD        ?C?LILDIDATA

  -------         MODULE        ?C?LSTXDATA
  C:1430H         PUBLIC        ?C?LSTXDATA
  -------         ENDMOD        ?C?LSTXDATA

  -------         MODULE        ?C?LSTKXDATA
  C:143CH         PUBLIC        ?C?LSTKXDATA
  -------         ENDMOD        ?C?LSTKXDATA

  -------         MODULE        ?C?CCASE
  C:146DH         PUBLIC        ?C?CCASE
  -------         ENDMOD        ?C?CCASE

  -------         MODULE        ?C_IBP
  D:0011H         PUBLIC        ?C_IBP
  -------         ENDMOD        ?C_IBP

  -------         MODULE        ?C?LSTIDATA
  C:1493H         PUBLIC        ?C?LSTIDATA
  -------         ENDMOD        ?C?LSTIDATA

  -------         MODULE        ?C?LSTPDATA
  C:149FH         PUBLIC        ?C?LSTPDATA
  -------         ENDMOD        ?C?LSTPDATA

Program Size: data=75.3 xdata=269 code=25694
LINK/LOCATE RUN COMPLETE.  0 WARNING(S),  0 ERROR(S)
